<html>
<body>
<pre>
<h1>µVision Build Log</h1>
<h2>Tool Versions:</h2>
IDE-Version: ¦ÌVision V5.24.2.0
Copyright (C) 2017 ARM Ltd and ARM Germany GmbH. All rights reserved.
License Information: 1 Emily, 1, LIC=47GU5-GBD1F-12ZLE-5EZ9J-4UUXD-FF4KP
 
Tool Versions:
Toolchain:       MDK-ARM Plus  Version: 5.24.1
Toolchain Path:  D:\keil5\32\ARM\ARMCC\Bin
C Compiler:      Armcc.exe V5.06 update 5 (build 528)
Assembler:       Armasm.exe V5.06 update 5 (build 528)
Linker/Locator:  ArmLink.exe V5.06 update 5 (build 528)
Library Manager: ArmAr.exe V5.06 update 5 (build 528)
Hex Converter:   FromElf.exe V5.06 update 5 (build 528)
CPU DLL:         SARMCM3.DLL V5.24.1
Dialog DLL:      DCM.DLL V1.16.0.0
Target DLL:      STLink\ST-LINKIII-KEIL_SWO.dll V3.0.1.0
Dialog DLL:      TCM.DLL V1.32.0.0
 
<h2>Project:</h2>
E:\32\object\Plane\MDK-ARM\Plane.uvprojx
Project File Date:  08/25/2026

<h2>Output:</h2>
*** Using Compiler 'V5.06 update 5 (build 528)', folder: 'D:\keil5\32\ARM\ARMCC\Bin'
Rebuild target 'Plane'
assembling startup_stm32f103xb.s...
compiling main.c...
compiling gpio.c...
compiling stm32f1xx_hal_msp.c...
compiling usart.c...
compiling stm32f1xx_hal_gpio_ex.c...
compiling tim.c...
compiling bluetooth.c...
compiling dma.c...
compiling adc.c...
compiling pid.c...
compiling i2c.c...
compiling motor.c...
compiling MPU6050.c...
compiling freertos.c...
compiling stm32f1xx_it.c...
compiling TASKMY.c...
compiling stm32f1xx_hal.c...
compiling stm32f1xx_hal_flash_ex.c...
compiling stm32f1xx_hal_cortex.c...
compiling stm32f1xx_hal_exti.c...
compiling stm32f1xx_hal_gpio.c...
compiling stm32f1xx_hal_pwr.c...
compiling stm32f1xx_hal_adc.c...
compiling stm32f1xx_hal_dma.c...
compiling croutine.c...
compiling stm32f1xx_hal_rcc_ex.c...
compiling stm32f1xx_hal_flash.c...
compiling event_groups.c...
compiling stm32f1xx_hal_adc_ex.c...
compiling list.c...
compiling stm32f1xx_hal_rcc.c...
compiling stream_buffer.c...
compiling timers.c...
compiling queue.c...
compiling heap_4.c...
compiling tasks.c...
compiling stm32f1xx_hal_tim_ex.c...
compiling port.c...
compiling stm32f1xx_hal_i2c.c...
compiling stm32f1xx_hal_tim.c...
compiling stm32f1xx_hal_uart.c...
compiling system_stm32f1xx.c...
compiling cmsis_os2.c...
linking...
Program Size: Code=31252 RO-data=684 RW-data=364 ZI-data=9444  
FromELF: creating hex file...
"Plane\Plane.axf" - 0 Error(s), 0 Warning(s).

<h2>Software Packages used:</h2>

Package Vendor: ARM
                http://www.keil.com/pack/ARM.CMSIS.5.0.1.pack
                ARM.CMSIS.5.0.1
                CMSIS (Cortex Microcontroller Software Interface Standard)
   * Component: CORE Version: 5.0.1

Package Vendor: Keil
                http://www.keil.com/pack/Keil.STM32F1xx_DFP.2.2.0.pack
                Keil.STM32F1xx_DFP.2.2.0
                STMicroelectronics STM32F1 Series Device Support, Drivers and Examples

<h2>Collection of Component include folders:</h2>
  .\RTE\_Plane
  D:\keil5\c51\ARM\PACK\ARM\CMSIS\5.0.1\CMSIS\Include
  D:\keil5\c51\ARM\PACK\Keil\STM32F1xx_DFP\2.2.0\Device\Include

<h2>Collection of Component Files used:</h2>

   * Component: ARM::CMSIS:CORE:5.0.1
Build Time Elapsed:  00:00:07
</pre>
</body>
</html>
