Component: ARM Compiler 5.06 update 5 (build 528) Tool: armlink [4d35e2]

==============================================================================

Section Cross References

    bluetooth.o(i.HAL_UART_RxCpltCallback) refers to bluetooth.o(i.v_CmdQueuePush) for v_CmdQueuePush
    bluetooth.o(i.HAL_UART_RxCpltCallback) refers to stm32f1xx_hal_uart.o(i.HAL_UART_Receive_IT) for HAL_UART_Receive_IT
    bluetooth.o(i.HAL_UART_RxCpltCallback) refers to bluetooth.o(.data) for uc_Blue_ReceiveCom
    bluetooth.o(i.HAL_UART_RxCpltCallback) refers to usart.o(.bss) for huart1
    bluetooth.o(i.uc_CmdQueuePop) refers to bluetooth.o(.data) for uc_Blue_Read
    bluetooth.o(i.v_Bluetooth_Init) refers to stm32f1xx_hal_uart.o(i.HAL_UART_Receive_IT) for HAL_UART_Receive_IT
    bluetooth.o(i.v_Bluetooth_Init) refers to bluetooth.o(.data) for e_Blue_Frame
    bluetooth.o(i.v_Bluetooth_Init) refers to usart.o(.bss) for huart1
    bluetooth.o(i.v_Bluetooth_Process) refers to bluetooth.o(i.uc_CmdQueuePop) for uc_CmdQueuePop
    bluetooth.o(i.v_Bluetooth_Process) refers to bluetooth.o(.data) for uc_Blue_LastCmd
    bluetooth.o(i.v_CmdQueuePush) refers to bluetooth.o(.data) for uc_Blue_Write
    bluetooth.o(.data) refers to bluetooth.o(.conststring) for .conststring
    motor.o(i.Analyse_Date_pid) refers to frleqf.o(x$fpl$frleqf) for __aeabi_cfrcmple
    motor.o(i.Analyse_Date_pid) refers to fleqf.o(x$fpl$fleqf) for __aeabi_cfcmple
    motor.o(i.Analyse_Date_pid) refers to motor.o(i.Motor_middle) for Motor_middle
    motor.o(i.Hanlde_Motor) refers to motor.o(i.Hanlde_Motorapp) for Hanlde_Motorapp
    motor.o(i.Hanlde_Motor) refers to tim.o(.bss) for htim2
    motor.o(i.Hanlde_Motorapp) refers to motor.o(i.return_CCR) for return_CCR
    motor.o(i.Hanlde_Motorapp) refers to tim.o(.bss) for htim2
    motor.o(i.Motor_Init) refers to stm32f1xx_hal_tim.o(i.HAL_TIM_PWM_Start) for HAL_TIM_PWM_Start
    motor.o(i.Motor_Init) refers to motor.o(i.Hanlde_Motorapp) for Hanlde_Motorapp
    motor.o(i.Motor_Init) refers to tim.o(.bss) for htim2
    motor.o(i.Motor_back) refers to motor.o(i.Hanlde_Motor) for Hanlde_Motor
    motor.o(i.Motor_down) refers to motor.o(i.Hanlde_Motor) for Hanlde_Motor
    motor.o(i.Motor_go) refers to motor.o(i.Hanlde_Motor) for Hanlde_Motor
    motor.o(i.Motor_left) refers to motor.o(i.Hanlde_Motor) for Hanlde_Motor
    motor.o(i.Motor_middle) refers to motor.o(i.Hanlde_Motor) for Hanlde_Motor
    motor.o(i.Motor_right) refers to motor.o(i.Hanlde_Motor) for Hanlde_Motor
    motor.o(i.Motor_stop) refers to motor.o(i.Motor_stopapp) for Motor_stopapp
    motor.o(i.Motor_stopapp) refers to motor.o(i.return_CCR) for return_CCR
    motor.o(i.Motor_stopapp) refers to tim.o(.bss) for htim2
    motor.o(i.return_CCR) refers to tim.o(.bss) for htim2
    motor.o(i.useMotor) refers to motor.o(i.Motor_middle) for Motor_middle
    motor.o(i.useMotor) refers to motor.o(i.Motor_down) for Motor_down
    motor.o(i.useMotor) refers to motor.o(i.Motor_left) for Motor_left
    motor.o(i.useMotor) refers to motor.o(i.Motor_right) for Motor_right
    motor.o(i.useMotor) refers to motor.o(i.Motor_go) for Motor_go
    motor.o(i.useMotor) refers to motor.o(i.Motor_back) for Motor_back
    motor.o(i.useMotor) refers to motor.o(i.Motor_stop) for Motor_stop
    mpu6050.o(i.eMPU6050_ReadReg) refers to stm32f1xx_hal_i2c.o(i.HAL_I2C_Mem_Read) for HAL_I2C_Mem_Read
    mpu6050.o(i.eMPU6050_ReadReg) refers to i2c.o(.bss) for hi2c1
    mpu6050.o(i.ucI2C_Scan) refers to stm32f1xx_hal_i2c.o(i.HAL_I2C_IsDeviceReady) for HAL_I2C_IsDeviceReady
    mpu6050.o(i.ucI2C_Scan) refers to i2c.o(.bss) for hi2c1
    mpu6050.o(i.ucMPU6050_Probe) refers to mpu6050.o(i.eMPU6050_ReadReg) for eMPU6050_ReadReg
    mpu6050.o(i.vMPU6050_Init) refers to mpu6050.o(i.ucMPU6050_Probe) for ucMPU6050_Probe
    mpu6050.o(i.vMPU6050_Init) refers to mpu6050.o(i.ucI2C_Scan) for ucI2C_Scan
    mpu6050.o(i.vMPU6050_Init) refers to mpu6050.o(i.vMPU6050_WriteReg) for vMPU6050_WriteReg
    mpu6050.o(i.vMPU6050_Read) refers to stm32f1xx_hal_i2c.o(i.HAL_I2C_Mem_Read) for HAL_I2C_Mem_Read
    mpu6050.o(i.vMPU6050_Read) refers to mpu6050.o(.bss) for uc_Mpu_RawBuffer
    mpu6050.o(i.vMPU6050_Read) refers to i2c.o(.bss) for hi2c1
    mpu6050.o(i.vMPU6050_WriteReg) refers to stm32f1xx_hal_i2c.o(i.HAL_I2C_Mem_Write) for HAL_I2C_Mem_Write
    mpu6050.o(i.vMPU6050_WriteReg) refers to i2c.o(.bss) for hi2c1
    pid.o(i.vMPU6050_UpdateAngles) refers to fflt_clz.o(x$fpl$fflt) for __aeabi_i2f
    pid.o(i.vMPU6050_UpdateAngles) refers to fdiv.o(x$fpl$fdiv) for __aeabi_fdiv
    pid.o(i.vMPU6050_UpdateAngles) refers to atan2f.o(i.atan2f) for atan2f
    pid.o(i.vMPU6050_UpdateAngles) refers to fmul.o(x$fpl$fmul) for __aeabi_fmul
    pid.o(i.vMPU6050_UpdateAngles) refers to faddsub_clz.o(x$fpl$fadd) for __aeabi_fadd
    pid.o(i.vMPU6050_UpdateAngles) refers to sqrtf.o(i.sqrtf) for sqrtf
    pid.o(i.vMPU6050_UpdateAngles) refers to faddsub_clz.o(x$fpl$fsub) for __aeabi_fsub
[...]
    pxCurrentTimerList                       0x20000128   Data           4  timers.o(.data)
    pxOverflowTimerList                      0x2000012c   Data           4  timers.o(.data)
    xTimerQueue                              0x20000130   Data           4  timers.o(.data)
    xTimerTaskHandle                         0x20000134   Data           4  timers.o(.data)
    xLastTime                                0x20000138   Data           4  timers.o(.data)
    .data                                    0x2000013c   Section        4  cmsis_os2.o(.data)
    KernelState                              0x2000013c   Data           4  cmsis_os2.o(.data)
    .data                                    0x20000140   Section       32  heap_4.o(.data)
    xStart                                   0x20000140   Data           8  heap_4.o(.data)
    pxEnd                                    0x20000148   Data           4  heap_4.o(.data)
    xFreeBytesRemaining                      0x2000014c   Data           4  heap_4.o(.data)
    xMinimumEverFreeBytesRemaining           0x20000150   Data           4  heap_4.o(.data)
    xNumberOfSuccessfulAllocations           0x20000154   Data           4  heap_4.o(.data)
    xNumberOfSuccessfulFrees                 0x20000158   Data           4  heap_4.o(.data)
    xBlockAllocatedBit                       0x2000015c   Data           4  heap_4.o(.data)
    .data                                    0x20000160   Section       12  port.o(.data)
    uxCriticalNesting                        0x20000160   Data           4  port.o(.data)
    ucMaxSysCallPriority                     0x20000164   Data           1  port.o(.data)
    ulMaxPRIGROUPValue                       0x20000168   Data           4  port.o(.data)
    .bss                                     0x2000016c   Section       14  mpu6050.o(.bss)
    uc_Mpu_RawBuffer                         0x2000016c   Data          14  mpu6050.o(.bss)
    .bss                                     0x2000017c   Section       48  adc.o(.bss)
    .bss                                     0x200001ac   Section      220  i2c.o(.bss)
    .bss                                     0x20000288   Section       72  tim.o(.bss)
    .bss                                     0x200002d0   Section       72  usart.o(.bss)
    .bss                                     0x20000318   Section       64  queue.o(.bss)
    .bss                                     0x20000358   Section     1220  tasks.o(.bss)
    pxReadyTasksLists                        0x20000358   Data        1120  tasks.o(.bss)
    xDelayedTaskList1                        0x200007b8   Data          20  tasks.o(.bss)
    xDelayedTaskList2                        0x200007cc   Data          20  tasks.o(.bss)
    xPendingReadyList                        0x200007e0   Data          20  tasks.o(.bss)
    xTasksWaitingTermination                 0x200007f4   Data          20  tasks.o(.bss)
    xSuspendedTaskList                       0x20000808   Data          20  tasks.o(.bss)
    .bss                                     0x2000081c   Section      280  timers.o(.bss)
    xActiveTimerList1                        0x2000081c   Data          20  timers.o(.bss)
    xActiveTimerList2                        0x20000830   Data          20  timers.o(.bss)
    xStaticTimerQueue                        0x20000844   Data          80  timers.o(.bss)
    ucStaticTimerQueueStorage                0x20000894   Data         160  timers.o(.bss)
    .bss                                     0x20000934   Section     1720  cmsis_os2.o(.bss)
    Idle_TCB                                 0x20000934   Data          92  cmsis_os2.o(.bss)
    Idle_Stack                               0x20000990   Data         512  cmsis_os2.o(.bss)
    Timer_TCB                                0x20000b90   Data          92  cmsis_os2.o(.bss)
    Timer_Stack                              0x20000bec   Data        1024  cmsis_os2.o(.bss)
    .bss                                     0x20000fec   Section     4096  heap_4.o(.bss)
    ucHeap                                   0x20000fec   Data        4096  heap_4.o(.bss)
    .bss                                     0x20001fec   Section       96  libspace.o(.bss)
    HEAP                                     0x20002050   Section      512  startup_stm32f103xb.o(HEAP)
    Heap_Mem                                 0x20002050   Data         512  startup_stm32f103xb.o(HEAP)
    STACK                                    0x20002250   Section     1024  startup_stm32f103xb.o(STACK)
    Stack_Mem                                0x20002250   Data        1024  startup_stm32f103xb.o(STACK)
    __initial_sp                             0x20002650   Data           0  startup_stm32f103xb.o(STACK)

    Global Symbols

    Symbol Name                              Value     Ov Type        Size  Object(Section)

    BuildAttributes$$THM_ISAv4$P$D$K$B$S$PE$A:L22UL41UL21$X:L11$S22US41US21$IEEE1$IW$USESV6$~STKCKD$USESV7$~SHL$OTIME$ROPI$IEEEX$EBA8$UX$STANDARDLIB$REQ8$PRES8$EABIv2 0x00000000   Number         0  anon$$obj.o ABSOLUTE
    __ARM_use_no_argv                        0x00000000   Number         0  main.o ABSOLUTE
    __ARM_exceptions_init                     - Undefined Weak Reference
    __alloca_initialize                       - Undefined Weak Reference
    __arm_preinit_                            - Undefined Weak Reference
    __cpp_initialize__aeabi_                  - Undefined Weak Reference
    __cxa_finalize                            - Undefined Weak Reference
    __rt_locale                               - Undefined Weak Reference
    __sigvec_lookup                           - Undefined Weak Reference
    _atexit_init                              - Undefined Weak Reference
    _call_atexit_fns                          - Undefined Weak Reference
    _clock_init                               - Undefined Weak Reference
    _fp_trap_init                             - Undefined Weak Reference
    _fp_trap_shutdown                         - Undefined Weak Reference
    _get_lc_collate                           - Undefined Weak Reference
    _get_lc_ctype                             - Undefined Weak Reference
    _get_lc_monetary                          - Undefined Weak Reference
    _get_lc_numeric                           - Undefined Weak Reference
    _get_lc_time                              - Undefined Weak Reference
    _getenv_init                              - Undefined Weak Reference
    _handle_redirection                       - Undefined Weak Reference
    _init_alloc                               - Undefined Weak Reference
    _init_user_alloc                          - Undefined Weak Reference
    _initio                                   - Undefined Weak Reference
    _printf_post_padding                      - Undefined Weak Reference
    _printf_pre_padding                       - Undefined Weak Reference
    _printf_truncate_signed                   - Undefined Weak Reference
    _printf_truncate_unsigned                 - Undefined Weak Reference
    _rand_init                                - Undefined Weak Reference
    _signal_finish                            - Undefined Weak Reference
    _signal_init                              - Undefined Weak Reference
    _terminate_alloc                          - Undefined Weak Reference
    _terminate_user_alloc                     - Undefined Weak Reference
    _terminateio                              - Undefined Weak Reference
    __Vectors_Size                           0x000000ec   Number         0  startup_stm32f103xb.o ABSOLUTE
    __Vectors                                0x08000000   Data           4  startup_stm32f103xb.o(RESET)
    __Vectors_End                            0x080000ec   Data           0  startup_stm32f103xb.o(RESET)
    __main                                   0x080000ed   Thumb Code     8  __main.o(!!!main)
    __scatterload                            0x080000f5   Thumb Code     0  __scatter.o(!!!scatter)
    __scatterload_rt2                        0x080000f5   Thumb Code    44  __scatter.o(!!!scatter)
    __scatterload_rt2_thumb_only             0x080000f5   Thumb Code     0  __scatter.o(!!!scatter)
    __scatterload_null                       0x08000103   Thumb Code     0  __scatter.o(!!!scatter)
    __decompress                             0x08000129   Thumb Code    90  __dczerorl2.o(!!dczerorl2)
    __decompress1                            0x08000129   Thumb Code     0  __dczerorl2.o(!!dczerorl2)
    __scatterload_zeroinit                   0x08000185   Thumb Code    28  __scatter_zi.o(!!handler_zi)
    _printf_d                                0x080001a1   Thumb Code     0  _printf_d.o(.ARM.Collect$$_printf_percent$$00000009)
    _printf_percent                          0x080001a1   Thumb Code     0  _printf_percent.o(.ARM.Collect$$_printf_percent$$00000000)
    _printf_percent_end                      0x080001a7   Thumb Code     0  _printf_percent_end.o(.ARM.Collect$$_printf_percent$$00000017)
    __rt_lib_init                            0x080001ab   Thumb Code     0  libinit.o(.ARM.Collect$$libinit$$00000000)
    __rt_lib_init_alloca_1                   0x080001ad   Thumb Code     0  libinit2.o(.ARM.Collect$$libinit$$0000002E)
    __rt_lib_init_argv_1                     0x080001ad   Thumb Code     0  libinit2.o(.ARM.Collect$$libinit$$0000002C)
    __rt_lib_init_atexit_1                   0x080001ad   Thumb Code     0  libinit2.o(.ARM.Collect$$libinit$$0000001B)
    __rt_lib_init_clock_1                    0x080001ad   Thumb Code     0  libinit2.o(.ARM.Collect$$libinit$$00000021)
    __rt_lib_init_cpp_1                      0x080001ad   Thumb Code     0  libinit2.o(.ARM.Collect$$libinit$$00000032)
    __rt_lib_init_exceptions_1               0x080001ad   Thumb Code     0  libinit2.o(.ARM.Collect$$libinit$$00000030)
    __rt_lib_init_fp_1                       0x080001ad   Thumb Code     0  libinit2.o(.ARM.Collect$$libinit$$00000002)
    __rt_lib_init_fp_trap_1                  0x080001ad   Thumb Code     0  libinit2.o(.ARM.Collect$$libinit$$0000001F)
    __rt_lib_init_getenv_1                   0x080001ad   Thumb Code     0  libinit2.o(.ARM.Collect$$libinit$$00000023)
    __rt_lib_init_heap_1                     0x080001ad   Thumb Code     0  libinit2.o(.ARM.Collect$$libinit$$0000000A)
    __rt_lib_init_lc_collate_1               0x080001ad   Thumb Code     0  libinit2.o(.ARM.Collect$$libinit$$00000011)
    __rt_lib_init_lc_ctype_1                 0x080001ad   Thumb Code     0  libinit2.o(.ARM.Collect$$libinit$$00000013)
    __rt_lib_init_lc_monetary_1              0x080001ad   Thumb Code     0  libinit2.o(.ARM.Collect$$libinit$$00000015)
    __rt_lib_init_lc_numeric_1               0x080001ad   Thumb Code     0  libinit2.o(.ARM.Collect$$libinit$$00000017)
    __rt_lib_init_lc_time_1                  0x080001ad   Thumb Code     0  libinit2.o(.ARM.Collect$$libinit$$00000019)
    __rt_lib_init_preinit_1                  0x080001ad   Thumb Code     0  libinit2.o(.ARM.Collect$$libinit$$00000004)
    __rt_lib_init_rand_1                     0x080001ad   Thumb Code     0  libinit2.o(.ARM.Collect$$libinit$$0000000E)
    __rt_lib_init_return                     0x080001ad   Thumb Code     0  libinit2.o(.ARM.Collect$$libinit$$00000033)
    __rt_lib_init_signal_1                   0x080001ad   Thumb Code     0  libinit2.o(.ARM.Collect$$libinit$$0000001D)
    __rt_lib_init_stdio_1                    0x080001ad   Thumb Code     0  libinit2.o(.ARM.Collect$$libinit$$00000025)
    __rt_lib_init_user_alloc_1               0x080001ad   Thumb Code     0  libinit2.o(.ARM.Collect$$libinit$$0000000C)
    __rt_lib_shutdown                        0x080001af   Thumb Code     0  libshutdown.o(.ARM.Collect$$libshutdown$$00000000)
    __rt_lib_shutdown_cpp_1                  0x080001b1   Thumb Code     0  libshutdown2.o(.ARM.Collect$$libshutdown$$00000002)
    __rt_lib_shutdown_fp_trap_1              0x080001b1   Thumb Code     0  libshutdown2.o(.ARM.Collect$$libshutdown$$00000007)
    __rt_lib_shutdown_heap_1                 0x080001b1   Thumb Code     0  libshutdown2.o(.ARM.Collect$$libshutdown$$0000000F)
    __rt_lib_shutdown_return                 0x080001b1   Thumb Code     0  libshutdown2.o(.ARM.Collect$$libshutdown$$00000010)
    __rt_lib_shutdown_signal_1               0x080001b1   Thumb Code     0  libshutdown2.o(.ARM.Collect$$libshutdown$$0000000A)
    __rt_lib_shutdown_stdio_1                0x080001b1   Thumb Code     0  libshutdown2.o(.ARM.Collect$$libshutdown$$00000004)
    __rt_lib_shutdown_user_alloc_1           0x080001b1   Thumb Code     0  libshutdown2.o(.ARM.Collect$$libshutdown$$0000000C)
    __rt_entry                               0x080001b3   Thumb Code     0  __rtentry.o(.ARM.Collect$$rtentry$$00000000)
    __rt_entry_presh_1                       0x080001b3   Thumb Code     0  __rtentry2.o(.ARM.Collect$$rtentry$$00000002)
    __rt_entry_sh                            0x080001b3   Thumb Code     0  __rtentry4.o(.ARM.Collect$$rtentry$$00000004)
    __rt_entry_li                            0x080001b9   Thumb Code     0  __rtentry2.o(.ARM.Collect$$rtentry$$0000000A)
    __rt_entry_postsh_1                      0x080001b9   Thumb Code     0  __rtentry2.o(.ARM.Collect$$rtentry$$00000009)
    __rt_entry_main                          0x080001bd   Thumb Code     0  __rtentry2.o(.ARM.Collect$$rtentry$$0000000D)
    __rt_entry_postli_1                      0x080001bd   Thumb Code     0  __rtentry2.o(.ARM.Collect$$rtentry$$0000000C)
    __rt_exit                                0x080001c5   Thumb Code     0  rtexit.o(.ARM.Collect$$rtexit$$00000000)
    __rt_exit_ls                             0x080001c7   Thumb Code     0  rtexit2.o(.ARM.Collect$$rtexit$$00000003)
    __rt_exit_prels_1                        0x080001c7   Thumb Code     0  rtexit2.o(.ARM.Collect$$rtexit$$00000002)
    __rt_exit_exit                           0x080001cb   Thumb Code     0  rtexit2.o(.ARM.Collect$$rtexit$$00000004)
    SVC_Handler                              0x080001d1   Thumb Code    32  port.o(.emb_text)
    __asm___6_port_c_39a90d8d__prvStartFirstTask 0x080001f5   Thumb Code    28  port.o(.emb_text)
    PendSV_Handler                           0x08000215   Thumb Code    72  port.o(.emb_text)
    vPortGetIPSR                             0x08000261   Thumb Code     6  port.o(.emb_text)
    Reset_Handler                            0x08000269   Thumb Code     8  startup_stm32f103xb.o(.text)
    ADC1_2_IRQHandler                        0x08000283   Thumb Code     0  startup_stm32f103xb.o(.text)
    CAN1_RX1_IRQHandler                      0x08000283   Thumb Code     0  startup_stm32f103xb.o(.text)
    CAN1_SCE_IRQHandler                      0x08000283   Thumb Code     0  startup_stm32f103xb.o(.text)
    DMA1_Channel1_IRQHandler                 0x08000283   Thumb Code     0  startup_stm32f103xb.o(.text)
    DMA1_Channel2_IRQHandler                 0x08000283   Thumb Code     0  startup_stm32f103xb.o(.text)
    DMA1_Channel3_IRQHandler                 0x08000283   Thumb Code     0  startup_stm32f103xb.o(.text)
    DMA1_Channel4_IRQHandler                 0x08000283   Thumb Code     0  startup_stm32f103xb.o(.text)
    DMA1_Channel5_IRQHandler                 0x08000283   Thumb Code     0  startup_stm32f103xb.o(.text)
    EXTI0_IRQHandler                         0x08000283   Thumb Code     0  startup_stm32f103xb.o(.text)
    EXTI15_10_IRQHandler                     0x08000283   Thumb Code     0  startup_stm32f103xb.o(.text)
    EXTI1_IRQHandler                         0x08000283   Thumb Code     0  startup_stm32f103xb.o(.text)
    EXTI2_IRQHandler                         0x08000283   Thumb Code     0  startup_stm32f103xb.o(.text)
    EXTI3_IRQHandler                         0x08000283   Thumb Code     0  startup_stm32f103xb.o(.text)
    EXTI4_IRQHandler                         0x08000283   Thumb Code     0  startup_stm32f103xb.o(.text)
    EXTI9_5_IRQHandler                       0x08000283   Thumb Code     0  startup_stm32f103xb.o(.text)
    FLASH_IRQHandler                         0x08000283   Thumb Code     0  startup_stm32f103xb.o(.text)
    I2C1_ER_IRQHandler                       0x08000283   Thumb Code     0  startup_stm32f103xb.o(.text)
    I2C1_EV_IRQHandler                       0x08000283   Thumb Code     0  startup_stm32f103xb.o(.text)
    I2C2_ER_IRQHandler                       0x08000283   Thumb Code     0  startup_stm32f103xb.o(.text)
    I2C2_EV_IRQHandler                       0x08000283   Thumb Code     0  startup_stm32f103xb.o(.text)
    PVD_IRQHandler                           0x08000283   Thumb Code     0  startup_stm32f103xb.o(.text)
    RCC_IRQHandler                           0x08000283   Thumb Code     0  startup_stm32f103xb.o(.text)
    RTC_Alarm_IRQHandler                     0x08000283   Thumb Code     0  startup_stm32f103xb.o(.text)
    RTC_IRQHandler                           0x08000283   Thumb Code     0  startup_stm32f103xb.o(.text)
    SPI1_IRQHandler                          0x08000283   Thumb Code     0  startup_stm32f103xb.o(.text)
    SPI2_IRQHandler                          0x08000283   Thumb Code     0  startup_stm32f103xb.o(.text)
    TAMPER_IRQHandler                        0x08000283   Thumb Code     0  startup_stm32f103xb.o(.text)
    TIM1_BRK_IRQHandler                      0x08000283   Thumb Code     0  startup_stm32f103xb.o(.text)
    TIM1_CC_IRQHandler                       0x08000283   Thumb Code     0  startup_stm32f103xb.o(.text)
    TIM1_TRG_COM_IRQHandler                  0x08000283   Thumb Code     0  startup_stm32f103xb.o(.text)
    TIM1_UP_IRQHandler                       0x08000283   Thumb Code     0  startup_stm32f103xb.o(.text)
    TIM2_IRQHandler                          0x08000283   Thumb Code     0  startup_stm32f103xb.o(.text)
    TIM3_IRQHandler                          0x08000283   Thumb Code     0  startup_stm32f103xb.o(.text)
    TIM4_IRQHandler                          0x08000283   Thumb Code     0  startup_stm32f103xb.o(.text)
    USART2_IRQHandler                        0x08000283   Thumb Code     0  startup_stm32f103xb.o(.text)
    USART3_IRQHandler                        0x08000283   Thumb Code     0  startup_stm32f103xb.o(.text)
    USBWakeUp_IRQHandler                     0x08000283   Thumb Code     0  startup_stm32f103xb.o(.text)
    USB_HP_CAN1_TX_IRQHandler                0x08000283   Thumb Code     0  startup_stm32f103xb.o(.text)
    USB_LP_CAN1_RX0_IRQHandler               0x08000283   Thumb Code     0  startup_stm32f103xb.o(.text)
    WWDG_IRQHandler                          0x08000283   Thumb Code     0  startup_stm32f103xb.o(.text)
    __user_initial_stackheap                 0x08000285   Thumb Code     0  startup_stm32f103xb.o(.text)
    __2sprintf                               0x080002a9   Thumb Code    34  noretval__2sprintf.o(.text)
    __printf                                 0x080002d1   Thumb Code   104  __printf.o(.text)
    _printf_int_dec                          0x08000339   Thumb Code   104  _printf_dec.o(.text)
    strlen                                   0x080003b1   Thumb Code    62  strlen.o(.text)
    __aeabi_memcpy                           0x080003ef   Thumb Code     0  rt_memcpy_v6.o(.text)
    __rt_memcpy                              0x080003ef   Thumb Code   138  rt_memcpy_v6.o(.text)
    _memcpy_lastbytes                        0x08000455   Thumb Code     0  rt_memcpy_v6.o(.text)
    __aeabi_memset                           0x08000479   Thumb Code    16  aeabi_memset.o(.text)
    __aeabi_memclr4                          0x08000489   Thumb Code     0  rt_memclr_w.o(.text)
    __aeabi_memclr8                          0x08000489   Thumb Code     0  rt_memclr_w.o(.text)
    __rt_memclr_w                            0x08000489   Thumb Code    78  rt_memclr_w.o(.text)
    _memset_w                                0x0800048d   Thumb Code     0  rt_memclr_w.o(.text)
    __use_two_region_memory                  0x080004d7   Thumb Code     2  heapauxi.o(.text)
    __rt_heap_escrow$2region                 0x080004d9   Thumb Code     2  heapauxi.o(.text)
    __rt_heap_expand$2region                 0x080004db   Thumb Code     2  heapauxi.o(.text)
    __read_errno                             0x080004dd   Thumb Code    10  _rserrno.o(.text)
    __set_errno                              0x080004e7   Thumb Code    12  _rserrno.o(.text)
    _printf_int_common                       0x080004f3   Thumb Code   178  _printf_intcommon.o(.text)
    _printf_char_common                      0x080005af   Thumb Code    32  _printf_char_common.o(.text)
    _sputc                                   0x080005d5   Thumb Code    10  _sputc.o(.text)
    __aeabi_memcpy4                          0x080005df   Thumb Code     0  rt_memcpy_w.o(.text)
    __aeabi_memcpy8                          0x080005df   Thumb Code     0  rt_memcpy_w.o(.text)
    __rt_memcpy_w                            0x080005df   Thumb Code   100  rt_memcpy_w.o(.text)
    _memcpy_lastbytes_aligned                0x08000627   Thumb Code     0  rt_memcpy_w.o(.text)
    __aeabi_memclr                           0x08000643   Thumb Code     0  rt_memclr.o(.text)
    __rt_memclr                              0x08000643   Thumb Code    68  rt_memclr.o(.text)
    _memset                                  0x08000647   Thumb Code     0  rt_memclr.o(.text)
    __aeabi_errno_addr                       0x08000689   Thumb Code     8  rt_errno_addr_intlibspace.o(.text)
    __errno$intlibspace                      0x08000689   Thumb Code     0  rt_errno_addr_intlibspace.o(.text)
    __rt_errno_addr$intlibspace              0x08000689   Thumb Code     0  rt_errno_addr_intlibspace.o(.text)
    __user_libspace                          0x08000691   Thumb Code     8  libspace.o(.text)
    __user_perproc_libspace                  0x08000691   Thumb Code     0  libspace.o(.text)
    __user_perthread_libspace                0x08000691   Thumb Code     0  libspace.o(.text)
    __user_setup_stackheap                   0x08000699   Thumb Code    74  sys_stackheap_outer.o(.text)
    exit                                     0x080006e3   Thumb Code    18  exit.o(.text)
    _sys_exit                                0x080006f5   Thumb Code     8  sys_exit.o(.text)
    __I$use$semihosting                      0x08000701   Thumb Code     0  use_no_semi.o(.text)
    __use_no_semihosting_swi                 0x08000701   Thumb Code     2  use_no_semi.o(.text)
    ADC_ConversionStop_Disable               0x08000703   Thumb Code    92  stm32f1xx_hal_adc.o(i.ADC_ConversionStop_Disable)
    __semihosting_library_function           0x08000703   Thumb Code     0  indicate_semi.o(.text)
    ADC_Enable                               0x08000761   Thumb Code   134  stm32f1xx_hal_adc.o(i.ADC_Enable)
    Analyse_Date_pid                         0x080007f1   Thumb Code    70  motor.o(i.Analyse_Date_pid)
    BlueStartTask01                          0x08000841   Thumb Code    18  freertos.o(i.BlueStartTask01)
    BusFault_Handler                         0x08000853   Thumb Code     4  stm32f1xx_it.o(i.BusFault_Handler)
    DMA1_Channel6_IRQHandler                 0x08000859   Thumb Code    10  stm32f1xx_it.o(i.DMA1_Channel6_IRQHandler)
    DMA1_Channel7_IRQHandler                 0x08000869   Thumb Code    10  stm32f1xx_it.o(i.DMA1_Channel7_IRQHandler)
    DebugMon_Handler                         0x08000879   Thumb Code     2  stm32f1xx_it.o(i.DebugMon_Handler)
    Error_Handler                            0x0800087b   Thumb Code     6  main.o(i.Error_Handler)
    HAL_ADC_ConfigChannel                    0x08000881   Thumb Code   338  stm32f1xx_hal_adc.o(i.HAL_ADC_ConfigChannel)
    HAL_ADC_GetValue                         0x080009e1   Thumb Code     8  stm32f1xx_hal_adc.o(i.HAL_ADC_GetValue)
    HAL_ADC_Init                             0x080009e9   Thumb Code   314  stm32f1xx_hal_adc.o(i.HAL_ADC_Init)
    HAL_ADC_MspInit                          0x08000b2d   Thumb Code    98  adc.o(i.HAL_ADC_MspInit)
    HAL_ADC_PollForConversion                0x08000b9d   Thumb Code   366  stm32f1xx_hal_adc.o(i.HAL_ADC_PollForConversion)
    HAL_ADC_Start                            0x08000d1d   Thumb Code   294  stm32f1xx_hal_adc.o(i.HAL_ADC_Start)
    HAL_ADC_Stop                             0x08000e4d   Thumb Code    64  stm32f1xx_hal_adc.o(i.HAL_ADC_Stop)
    HAL_DMA_Abort                            0x08000e8d   Thumb Code    86  stm32f1xx_hal_dma.o(i.HAL_DMA_Abort)
    HAL_DMA_Abort_IT                         0x08000ee5   Thumb Code   172  stm32f1xx_hal_dma.o(i.HAL_DMA_Abort_IT)
    HAL_DMA_IRQHandler                       0x08000f95   Thumb Code   408  stm32f1xx_hal_dma.o(i.HAL_DMA_IRQHandler)
    HAL_DMA_Init                             0x08001131   Thumb Code   100  stm32f1xx_hal_dma.o(i.HAL_DMA_Init)
    HAL_GPIO_Init                            0x08001199   Thumb Code   766  stm32f1xx_hal_gpio.o(i.HAL_GPIO_Init)
    HAL_GPIO_WritePin                        0x080014b9   Thumb Code    12  stm32f1xx_hal_gpio.o(i.HAL_GPIO_WritePin)
    HAL_GetTick                              0x080014c5   Thumb Code     6  stm32f1xx_hal.o(i.HAL_GetTick)
    HAL_I2C_Init                             0x080014d1   Thumb Code   446  stm32f1xx_hal_i2c.o(i.HAL_I2C_Init)
    HAL_I2C_IsDeviceReady                    0x080016a1   Thumb Code   430  stm32f1xx_hal_i2c.o(i.HAL_I2C_IsDeviceReady)
    HAL_I2C_Mem_Read                         0x08001859   Thumb Code   868  stm32f1xx_hal_i2c.o(i.HAL_I2C_Mem_Read)
    HAL_I2C_Mem_Write                        0x08001bcd   Thumb Code   348  stm32f1xx_hal_i2c.o(i.HAL_I2C_Mem_Write)
    HAL_I2C_MspInit                          0x08001d31   Thumb Code   206  i2c.o(i.HAL_I2C_MspInit)
    HAL_IncTick                              0x08001e19   Thumb Code    16  stm32f1xx_hal.o(i.HAL_IncTick)
    HAL_Init                                 0x08001e31   Thumb Code    34  stm32f1xx_hal.o(i.HAL_Init)
    HAL_InitTick                             0x08001e59   Thumb Code    64  stm32f1xx_hal.o(i.HAL_InitTick)
    HAL_MspInit                              0x08001ea5   Thumb Code    86  stm32f1xx_hal_msp.o(i.HAL_MspInit)
    HAL_NVIC_EnableIRQ                       0x08001f05   Thumb Code    32  stm32f1xx_hal_cortex.o(i.HAL_NVIC_EnableIRQ)
    HAL_NVIC_SetPriority                     0x08001f25   Thumb Code   124  stm32f1xx_hal_cortex.o(i.HAL_NVIC_SetPriority)
    HAL_NVIC_SetPriorityGrouping             0x08001fa1   Thumb Code    32  stm32f1xx_hal_cortex.o(i.HAL_NVIC_SetPriorityGrouping)
    HAL_RCCEx_GetPeriphCLKFreq               0x08001fc9   Thumb Code   232  stm32f1xx_hal_rcc_ex.o(i.HAL_RCCEx_GetPeriphCLKFreq)
    HAL_RCCEx_PeriphCLKConfig                0x080020c5   Thumb Code   290  stm32f1xx_hal_rcc_ex.o(i.HAL_RCCEx_PeriphCLKConfig)
    HAL_RCC_ClockConfig                      0x080021f5   Thumb Code   376  stm32f1xx_hal_rcc.o(i.HAL_RCC_ClockConfig)
    HAL_RCC_GetHCLKFreq                      0x08002381   Thumb Code     6  stm32f1xx_hal_rcc.o(i.HAL_RCC_GetHCLKFreq)
    HAL_RCC_GetPCLK1Freq                     0x0800238d   Thumb Code    22  stm32f1xx_hal_rcc.o(i.HAL_RCC_GetPCLK1Freq)
    HAL_RCC_GetPCLK2Freq                     0x080023ad   Thumb Code    22  stm32f1xx_hal_rcc.o(i.HAL_RCC_GetPCLK2Freq)
    HAL_RCC_GetSysClockFreq                  0x080023cd   Thumb Code    92  stm32f1xx_hal_rcc.o(i.HAL_RCC_GetSysClockFreq)
    HAL_RCC_OscConfig                        0x0800243d   Thumb Code  1114  stm32f1xx_hal_rcc.o(i.HAL_RCC_OscConfig)
    HAL_SYSTICK_Config                       0x080028a1   Thumb Code    52  stm32f1xx_hal_cortex.o(i.HAL_SYSTICK_Config)
    HAL_TIMEx_MasterConfigSynchronization    0x080028d5   Thumb Code   118  stm32f1xx_hal_tim_ex.o(i.HAL_TIMEx_MasterConfigSynchronization)
    HAL_TIM_MspPostInit                      0x08002959   Thumb Code    74  tim.o(i.HAL_TIM_MspPostInit)
    HAL_TIM_PWM_ConfigChannel                0x080029ad   Thumb Code   260  stm32f1xx_hal_tim.o(i.HAL_TIM_PWM_ConfigChannel)
    HAL_TIM_PWM_Init                         0x08002ab1   Thumb Code   102  stm32f1xx_hal_tim.o(i.HAL_TIM_PWM_Init)
    HAL_TIM_PWM_MspInit                      0x08002b19   Thumb Code    40  tim.o(i.HAL_TIM_PWM_MspInit)
    HAL_TIM_PWM_Start                        0x08002b45   Thumb Code   198  stm32f1xx_hal_tim.o(i.HAL_TIM_PWM_Start)
    HAL_UARTEx_RxEventCallback               0x08002c19   Thumb Code     2  stm32f1xx_hal_uart.o(i.HAL_UARTEx_RxEventCallback)
    HAL_UART_ErrorCallback                   0x08002c1b   Thumb Code     2  stm32f1xx_hal_uart.o(i.HAL_UART_ErrorCallback)
    HAL_UART_IRQHandler                      0x08002c1d   Thumb Code   736  stm32f1xx_hal_uart.o(i.HAL_UART_IRQHandler)
    HAL_UART_Init                            0x08002f01   Thumb Code   118  stm32f1xx_hal_uart.o(i.HAL_UART_Init)
    HAL_UART_MspInit                         0x08002f79   Thumb Code   138  usart.o(i.HAL_UART_MspInit)
    HAL_UART_Receive_IT                      0x08003011   Thumb Code    44  stm32f1xx_hal_uart.o(i.HAL_UART_Receive_IT)
    HAL_UART_RxCpltCallback                  0x0800303d   Thumb Code   166  bluetooth.o(i.HAL_UART_RxCpltCallback)
    HAL_UART_Transmit                        0x080030f5   Thumb Code   190  stm32f1xx_hal_uart.o(i.HAL_UART_Transmit)
    HAL_UART_TxCpltCallback                  0x080031b3   Thumb Code     2  stm32f1xx_hal_uart.o(i.HAL_UART_TxCpltCallback)
    Hanlde_Motor                             0x080031b5   Thumb Code   288  motor.o(i.Hanlde_Motor)
    Hanlde_Motorapp                          0x080032d9   Thumb Code   168  motor.o(i.Hanlde_Motorapp)
    HardFault_Handler                        0x08003385   Thumb Code     4  stm32f1xx_it.o(i.HardFault_Handler)
    LedTask                                  0x08003919   Thumb Code    80  taskmy.o(i.LedTask)
    MPUStartTask02                           0x08003971   Thumb Code    18  freertos.o(i.MPUStartTask02)
    MX_ADC1_Init                             0x08003985   Thumb Code    82  adc.o(i.MX_ADC1_Init)
    MX_DMA_Init                              0x080039e1   Thumb Code    64  dma.o(i.MX_DMA_Init)
    MX_FREERTOS_Init                         0x08003a25   Thumb Code    88  freertos.o(i.MX_FREERTOS_Init)
    MX_GPIO_Init                             0x08003abd   Thumb Code   240  gpio.o(i.MX_GPIO_Init)
    MX_I2C1_Init                             0x08003bc1   Thumb Code    48  i2c.o(i.MX_I2C1_Init)
    MX_TIM2_Init                             0x08003bfd   Thumb Code   164  tim.o(i.MX_TIM2_Init)
    MX_USART1_UART_Init                      0x08003ca5   Thumb Code    46  usart.o(i.MX_USART1_UART_Init)
    MemManage_Handler                        0x08003cdd   Thumb Code     4  stm32f1xx_it.o(i.MemManage_Handler)
    Motor_Init                               0x08003ce1   Thumb Code    68  motor.o(i.Motor_Init)
    Motor_back                               0x08003d29   Thumb Code    68  motor.o(i.Motor_back)
    Motor_down                               0x08003d6d   Thumb Code    36  motor.o(i.Motor_down)
    Motor_go                                 0x08003d91   Thumb Code    68  motor.o(i.Motor_go)
    Motor_left                               0x08003dd5   Thumb Code    68  motor.o(i.Motor_left)
    Motor_middle                             0x08003e19   Thumb Code    36  motor.o(i.Motor_middle)
    Motor_right                              0x08003e3d   Thumb Code    68  motor.o(i.Motor_right)
    Motor_stop                               0x08003e81   Thumb Code    28  motor.o(i.Motor_stop)
    Motor_stopapp                            0x08003e9d   Thumb Code    78  motor.o(i.Motor_stopapp)
    NMI_Handler                              0x08003ef1   Thumb Code     4  stm32f1xx_it.o(i.NMI_Handler)
    PidStartTask03                           0x08003ef5   Thumb Code    18  freertos.o(i.PidStartTask03)
    StartDefaultTask                         0x08003f31   Thumb Code    14  freertos.o(i.StartDefaultTask)
    SysTick_Handler                          0x08003f3f   Thumb Code    20  stm32f1xx_it.o(i.SysTick_Handler)
    SystemClock_Config                       0x08003f53   Thumb Code   110  main.o(i.SystemClock_Config)
    SystemInit                               0x08003fc1   Thumb Code     2  system_stm32f1xx.o(i.SystemInit)
    TIM_Base_SetConfig                       0x08003fc5   Thumb Code   120  stm32f1xx_hal_tim.o(i.TIM_Base_SetConfig)
    TIM_CCxChannelCmd                        0x08004049   Thumb Code    34  stm32f1xx_hal_tim.o(i.TIM_CCxChannelCmd)
    TIM_OC2_SetConfig                        0x080040cd   Thumb Code   100  stm32f1xx_hal_tim.o(i.TIM_OC2_SetConfig)
    UART_Start_Receive_IT                    0x0800447d   Thumb Code    64  stm32f1xx_hal_uart.o(i.UART_Start_Receive_IT)
    USART1_IRQHandler                        0x080045a9   Thumb Code    10  stm32f1xx_it.o(i.USART1_IRQHandler)
    UsageFault_Handler                       0x080045b9   Thumb Code     4  stm32f1xx_it.o(i.UsageFault_Handler)
    __ARM_fpclassifyf                        0x080045bd   Thumb Code    38  fpclassifyf.o(i.__ARM_fpclassifyf)
    __mathlib_flt_infnan2                    0x08004643   Thumb Code     4  funder.o(i.__mathlib_flt_infnan2)
    __mathlib_flt_underflow                  0x08004647   Thumb Code    10  funder.o(i.__mathlib_flt_underflow)
    atan2f                                   0x08004651   Thumb Code   528  atan2f.o(i.atan2f)
    main                                     0x080048d1   Thumb Code    48  main.o(i.main)
    osDelay                                  0x08004901   Thumb Code    30  cmsis_os2.o(i.osDelay)
    osKernelInitialize                       0x08004921   Thumb Code    38  cmsis_os2.o(i.osKernelInitialize)
    osKernelStart                            0x0800494d   Thumb Code    82  cmsis_os2.o(i.osKernelStart)
    osMessageQueueGet                        0x080049ad   Thumb Code   124  cmsis_os2.o(i.osMessageQueueGet)
    osMessageQueueNew                        0x08004a2d   Thumb Code   154  cmsis_os2.o(i.osMessageQueueNew)
    osMessageQueuePut                        0x08004ac9   Thumb Code   128  cmsis_os2.o(i.osMessageQueuePut)
    osThreadNew                              0x08004b4d   Thumb Code   184  cmsis_os2.o(i.osThreadNew)
    pvPortMalloc                             0x08005629   Thumb Code   306  heap_4.o(i.pvPortMalloc)
    pxPortInitialiseStack                    0x08005775   Thumb Code    30  port.o(i.pxPortInitialiseStack)
    return_CCR                               0x08005799   Thumb Code    64  motor.o(i.return_CCR)
    sqrtf                                    0x080057dd   Thumb Code    44  sqrtf.o(i.sqrtf)
    u16_Bat_GetVoltage                       0x08005809   Thumb Code    32  taskmy.o(i.u16_Bat_GetVoltage)
    u16_Bat_ReadRaw                          0x08005829   Thumb Code    66  taskmy.o(i.u16_Bat_ReadRaw)
    ucI2C_Scan                               0x08005871   Thumb Code    38  mpu6050.o(i.ucI2C_Scan)
    ucMPU6050_Probe                          0x0800589d   Thumb Code    36  mpu6050.o(i.ucMPU6050_Probe)
    uc_Bat_GetPercent                        0x080058c1   Thumb Code    52  taskmy.o(i.uc_Bat_GetPercent)
    useMotor                                 0x08005935   Thumb Code    64  motor.o(i.useMotor)
    uxListRemove                             0x08005975   Thumb Code    40  list.o(i.uxListRemove)
    vApplicationGetIdleTaskMemory            0x0800599d   Thumb Code    14  cmsis_os2.o(i.vApplicationGetIdleTaskMemory)
    vApplicationGetTimerTaskMemory           0x080059b5   Thumb Code    16  cmsis_os2.o(i.vApplicationGetTimerTaskMemory)
    vBlueTask                                0x080059cd   Thumb Code   460  taskmy.o(i.vBlueTask)
    vListInitialise                          0x08005ba9   Thumb Code    26  list.o(i.vListInitialise)
    vListInitialiseItem                      0x08005bc3   Thumb Code     6  list.o(i.vListInitialiseItem)
    vListInsert                              0x08005bc9   Thumb Code    52  list.o(i.vListInsert)
    vListInsertEnd                           0x08005bfd   Thumb Code    24  list.o(i.vListInsertEnd)
    vMPU6050_Init                            0x08005c15   Thumb Code    64  mpu6050.o(i.vMPU6050_Init)
    vMPU6050_Read                            0x08005c55   Thumb Code   134  mpu6050.o(i.vMPU6050_Read)
    vMPU6050_UpdateAngles                    0x08005ce5   Thumb Code   378  pid.o(i.vMPU6050_UpdateAngles)
    vMPU6050_WriteReg                        0x08005e79   Thumb Code    36  mpu6050.o(i.vMPU6050_WriteReg)
    vPortEnterCritical                       0x08005ea1   Thumb Code    76  port.o(i.vPortEnterCritical)
    vPortExitCritical                        0x08005ef5   Thumb Code    56  port.o(i.vPortExitCritical)
    vPortFree                                0x08005f31   Thumb Code   150  heap_4.o(i.vPortFree)
    vPortSetupTimerInterrupt                 0x08005fd5   Thumb Code    36  port.o(i.vPortSetupTimerInterrupt)
    vPortValidateInterruptPriority           0x08005ffd   Thumb Code   106  port.o(i.vPortValidateInterruptPriority)
    vQueueAddToRegistry                      0x08006075   Thumb Code    38  queue.o(i.vQueueAddToRegistry)
    vQueueWaitForMessageRestricted           0x080060a1   Thumb Code    74  queue.o(i.vQueueWaitForMessageRestricted)
    vTaskDelay                               0x080060ed   Thumb Code    82  tasks.o(i.vTaskDelay)
    vTaskInternalSetTimeOutState             0x08006149   Thumb Code    14  tasks.o(i.vTaskInternalSetTimeOutState)
    vTaskMissedYield                         0x08006161   Thumb Code     8  tasks.o(i.vTaskMissedYield)
    vTaskPlaceOnEventList                    0x0800616d   Thumb Code    52  tasks.o(i.vTaskPlaceOnEventList)
    vTaskPlaceOnEventListRestricted          0x080061a5   Thumb Code    60  tasks.o(i.vTaskPlaceOnEventListRestricted)
    vTaskStartScheduler                      0x080061e5   Thumb Code   156  tasks.o(i.vTaskStartScheduler)
    vTaskSuspendAll                          0x0800629d   Thumb Code    12  tasks.o(i.vTaskSuspendAll)
    vTaskSwitchContext                       0x080062ad   Thumb Code   122  tasks.o(i.vTaskSwitchContext)
    v_Bluetooth_Init                         0x0800633d   Thumb Code    28  bluetooth.o(i.v_Bluetooth_Init)
    v_Bluetooth_Process                      0x0800636d   Thumb Code    62  bluetooth.o(i.v_Bluetooth_Process)
    v_MPU6050Task                            0x080063e9   Thumb Code    70  taskmy.o(i.v_MPU6050Task)
    v_PidTask                                0x08006441   Thumb Code    96  taskmy.o(i.v_PidTask)
    xPortStartScheduler                      0x080064a9   Thumb Code   228  port.o(i.xPortStartScheduler)
    xPortSysTickHandler                      0x080065a1   Thumb Code    46  port.o(i.xPortSysTickHandler)
    xQueueGenericCreate                      0x080065d5   Thumb Code    90  queue.o(i.xQueueGenericCreate)
    xQueueGenericCreateStatic                0x0800662f   Thumb Code   224  queue.o(i.xQueueGenericCreateStatic)
    xQueueGenericReset                       0x08006711   Thumb Code   146  queue.o(i.xQueueGenericReset)
    xQueueGenericSend                        0x080067a9   Thumb Code   420  queue.o(i.xQueueGenericSend)
    xQueueGenericSendFromISR                 0x08006951   Thumb Code   252  queue.o(i.xQueueGenericSendFromISR)
    xQueueReceive                            0x08006a4d   Thumb Code   356  queue.o(i.xQueueReceive)
    xQueueReceiveFromISR                     0x08006bb5   Thumb Code   202  queue.o(i.xQueueReceiveFromISR)
    xTaskCheckForTimeOut                     0x08006c81   Thumb Code   132  tasks.o(i.xTaskCheckForTimeOut)
    xTaskCreate                              0x08006d0d   Thumb Code   100  tasks.o(i.xTaskCreate)
    xTaskCreateStatic                        0x08006d71   Thumb Code   186  tasks.o(i.xTaskCreateStatic)
    xTaskGetSchedulerState                   0x08006e2d   Thumb Code    24  tasks.o(i.xTaskGetSchedulerState)
    xTaskGetTickCount                        0x08006e4d   Thumb Code     6  tasks.o(i.xTaskGetTickCount)
    xTaskIncrementTick                       0x08006e59   Thumb Code   280  tasks.o(i.xTaskIncrementTick)
    xTaskPriorityDisinherit                  0x08006f9d   Thumb Code   152  tasks.o(i.xTaskPriorityDisinherit)
    xTaskRemoveFromEventList                 0x08007041   Thumb Code   126  tasks.o(i.xTaskRemoveFromEventList)
    xTaskResumeAll                           0x080070d9   Thumb Code   222  tasks.o(i.xTaskResumeAll)
    xTimerCreateTimerTask                    0x080071dd   Thumb Code   100  timers.o(i.xTimerCreateTimerTask)
    xTimerGenericCommand                     0x08007255   Thumb Code   128  timers.o(i.xTimerGenericCommand)
    __aeabi_fadd                             0x080072d9   Thumb Code     0  faddsub_clz.o(x$fpl$fadd)
    _fadd                                    0x080072d9   Thumb Code   196  faddsub_clz.o(x$fpl$fadd)
    __fpl_fcheck_NaN1                        0x0800739d   Thumb Code     6  fcheck1.o(x$fpl$fcheck1)
    __fpl_fcmp_Inf                           0x080073a9   Thumb Code    24  fcmpi.o(x$fpl$fcmpinf)
    __aeabi_fdiv                             0x080073c1   Thumb Code     0  fdiv.o(x$fpl$fdiv)
    _fdiv                                    0x080073c1   Thumb Code   384  fdiv.o(x$fpl$fdiv)
    __aeabi_f2iz                             0x08007545   Thumb Code     0  ffix.o(x$fpl$ffix)
    _ffix                                    0x08007545   Thumb Code    54  ffix.o(x$fpl$ffix)
    __aeabi_i2f                              0x0800757d   Thumb Code     0  fflt_clz.o(x$fpl$fflt)
    _fflt                                    0x0800757d   Thumb Code    48  fflt_clz.o(x$fpl$fflt)
    __aeabi_cfcmple                          0x080075ad   Thumb Code     0  fleqf.o(x$fpl$fleqf)
    _fcmple                                  0x080075ad   Thumb Code   104  fleqf.o(x$fpl$fleqf)
    __fpl_fcmple_InfNaN                      0x080075ff   Thumb Code     0  fleqf.o(x$fpl$fleqf)
    __aeabi_fmul                             0x08007615   Thumb Code     0  fmul.o(x$fpl$fmul)
    _fmul                                    0x08007615   Thumb Code   258  fmul.o(x$fpl$fmul)
    __fpl_fnaninf                            0x08007717   Thumb Code   140  fnaninf.o(x$fpl$fnaninf)
    __fpl_fretinf                            0x080077a3   Thumb Code    10  fretinf.o(x$fpl$fretinf)
    __aeabi_cfrcmple                         0x080077ad   Thumb Code     0  frleqf.o(x$fpl$frleqf)
    _frcmple                                 0x080077ad   Thumb Code    98  frleqf.o(x$fpl$frleqf)
    __aeabi_frsub                            0x0800780f   Thumb Code     0  faddsub_clz.o(x$fpl$frsb)
    _frsb                                    0x0800780f   Thumb Code    20  faddsub_clz.o(x$fpl$frsb)
    _fsqrt                                   0x08007825   Thumb Code   272  fsqrt.o(x$fpl$fsqrt)
    __aeabi_fsub                             0x08007935   Thumb Code     0  faddsub_clz.o(x$fpl$fsub)
    _fsub                                    0x08007935   Thumb Code   234  faddsub_clz.o(x$fpl$fsub)
    __fpl_return_NaN                         0x08007a1f   Thumb Code   100  retnan.o(x$fpl$retnan)
    __ARM_scalbnf                            0x08007a83   Thumb Code    76  scalbnf.o(x$fpl$scalbnf)
    __fpl_cmpreturn                          0x08007acf   Thumb Code    48  trapv.o(x$fpl$trapveneer)
    __I$use$fp                               0x08007afe   Number         0  usenofp.o(x$fpl$usenofp)
    defaultTask_attributes                   0x08007b00   Data          36  freertos.o(.constdata)
    BlueTask01_attributes                    0x08007b24   Data          36  freertos.o(.constdata)
    MPUTask02_attributes                     0x08007b48   Data          36  freertos.o(.constdata)
    PidTask03_attributes                     0x08007b6c   Data          36  freertos.o(.constdata)
    BlueQueue01_attributes                   0x08007b90   Data          24  freertos.o(.constdata)
    MPUQueue02_attributes                    0x08007ba8   Data          24  freertos.o(.constdata)
    AHBPrescTable                            0x08007be4   Data          16  system_stm32f1xx.o(.constdata)
    APBPrescTable                            0x08007bf4   Data           8  system_stm32f1xx.o(.constdata)
    Region$$Table$$Base                      0x08007ca0   Number         0  anon$$obj.o(Region$$Table)
    Region$$Table$$Limit                     0x08007cc0   Number         0  anon$$obj.o(Region$$Table)
    defaultTaskHandle                        0x200000c4   Data           4  freertos.o(.data)
    BlueTask01Handle                         0x200000c8   Data           4  freertos.o(.data)
    MPUTask02Handle                          0x200000cc   Data           4  freertos.o(.data)
    PidTask03Handle                          0x200000d0   Data           4  freertos.o(.data)
    BlueQueue01Handle                        0x200000d4   Data           4  freertos.o(.data)
    MPUQueue02Handle                         0x200000d8   Data           4  freertos.o(.data)
    uwTick                                   0x200000dc   Data           4  stm32f1xx_hal.o(.data)
    uwTickPrio                               0x200000e0   Data           4  stm32f1xx_hal.o(.data)
    uwTickFreq                               0x200000e4   Data           1  stm32f1xx_hal.o(.data)
    SystemCoreClock                          0x200000e8   Data           4  system_stm32f1xx.o(.data)
    pxCurrentTCB                             0x200000ec   Data           4  tasks.o(.data)
    hadc1                                    0x2000017c   Data          48  adc.o(.bss)
    hi2c1                                    0x200001ac   Data          84  i2c.o(.bss)
    hdma_i2c1_rx                             0x20000200   Data          68  i2c.o(.bss)
    hdma_i2c1_tx                             0x20000244   Data          68  i2c.o(.bss)
    htim2                                    0x20000288   Data          72  tim.o(.bss)
    huart1                                   0x200002d0   Data          72  usart.o(.bss)
    xQueueRegistry                           0x20000318   Data          64  queue.o(.bss)
    __libspace_start                         0x20001fec   Data          96  libspace.o(.bss)
    __temporary_stack_top$libspace           0x2000204c   Data           0  libspace.o(.bss)



==============================================================================

Memory Map of the image

  Image Entry point : 0x080000ed

  Load Region LR_IROM1 (Base: 0x08000000, Size: 0x00007e2c, Max: 0x00010000, ABSOLUTE, COMPRESSED[0x00007d08])

    Execution Region ER_IROM1 (Exec base: 0x08000000, Load base: 0x08000000, Size: 0x00007cc0, Max: 0x00010000, ABSOLUTE)

    Exec Addr    Load Addr    Size         Type   Attr      Idx    E Section Name        Object

    0x08000000   0x08000000   0x000000ec   Data   RO          950    RESET               startup_stm32f103xb.o
    0x080000ec   0x080000ec   0x00000008   Code   RO         5992  * !!!main             c_w.l(__main.o)
    0x080000f4   0x080000f4   0x00000034   Code   RO         6246    !!!scatter          c_w.l(__scatter.o)
    0x08000128   0x08000128   0x0000005a   Code   RO         6244    !!dczerorl2         c_w.l(__dczerorl2.o)
    0x08000182   0x08000182   0x00000002   PAD
    0x08000184   0x08000184   0x0000001c   Code   RO         6248    !!handler_zi        c_w.l(__scatter_zi.o)
    0x080001a0   0x080001a0   0x00000000   Code   RO         5979    .ARM.Collect$$_printf_percent$$00000000  c_w.l(_printf_percent.o)
    0x080001a0   0x080001a0   0x00000006   Code   RO         5978    .ARM.Collect$$_printf_percent$$00000009  c_w.l(_printf_d.o)
    0x080001a6   0x080001a6   0x00000004   Code   RO         6045    .ARM.Collect$$_printf_percent$$00000017  c_w.l(_printf_percent_end.o)
    0x080001aa   0x080001aa   0x00000002   Code   RO         6111    .ARM.Collect$$libinit$$00000000  c_w.l(libinit.o)
    0x080001ac   0x080001ac   0x00000000   Code   RO         6117    .ARM.Collect$$libinit$$00000002  c_w.l(libinit2.o)
    0x080001ac   0x080001ac   0x00000000   Code   RO         6119    .ARM.Collect$$libinit$$00000004  c_w.l(libinit2.o)
    0x080001ac   0x080001ac   0x00000000   Code   RO         6122    .ARM.Collect$$libinit$$0000000A  c_w.l(libinit2.o)
    0x080001ac   0x080001ac   0x00000000   Code   RO         6124    .ARM.Collect$$libinit$$0000000C  c_w.l(libinit2.o)
    0x080001ac   0x080001ac   0x00000000   Code   RO         6126    .ARM.Collect$$libinit$$0000000E  c_w.l(libinit2.o)
    0x080001ac   0x080001ac   0x00000000   Code   RO         6129    .ARM.Collect$$libinit$$00000011  c_w.l(libinit2.o)
    0x080001ac   0x080001ac   0x00000000   Code   RO         6131    .ARM.Collect$$libinit$$00000013  c_w.l(libinit2.o)
    0x080001ac   0x080001ac   0x00000000   Code   RO         6133    .ARM.Collect$$libinit$$00000015  c_w.l(libinit2.o)
    0x080001ac   0x080001ac   0x00000000   Code   RO         6135    .ARM.Collect$$libinit$$00000017  c_w.l(libinit2.o)
    0x080001ac   0x080001ac   0x00000000   Code   RO         6137    .ARM.Collect$$libinit$$00000019  c_w.l(libinit2.o)
    0x080001ac   0x080001ac   0x00000000   Code   RO         6139    .ARM.Collect$$libinit$$0000001B  c_w.l(libinit2.o)
    0x080001ac   0x080001ac   0x00000000   Code   RO         6141    .ARM.Collect$$libinit$$0000001D  c_w.l(libinit2.o)
    0x080001ac   0x080001ac   0x00000000   Code   RO         6143    .ARM.Collect$$libinit$$0000001F  c_w.l(libinit2.o)
    0x080001ac   0x080001ac   0x00000000   Code   RO         6145    .ARM.Collect$$libinit$$00000021  c_w.l(libinit2.o)
    0x080001ac   0x080001ac   0x00000000   Code   RO         6147    .ARM.Collect$$libinit$$00000023  c_w.l(libinit2.o)
    0x080001ac   0x080001ac   0x00000000   Code   RO         6149    .ARM.Collect$$libinit$$00000025  c_w.l(libinit2.o)
    0x080001ac   0x080001ac   0x00000000   Code   RO         6153    .ARM.Collect$$libinit$$0000002C  c_w.l(libinit2.o)
    0x080001ac   0x080001ac   0x00000000   Code   RO         6155    .ARM.Collect$$libinit$$0000002E  c_w.l(libinit2.o)
    0x080001ac   0x080001ac   0x00000000   Code   RO         6157    .ARM.Collect$$libinit$$00000030  c_w.l(libinit2.o)
    0x080001ac   0x080001ac   0x00000000   Code   RO         6159    .ARM.Collect$$libinit$$00000032  c_w.l(libinit2.o)
    0x080001ac   0x080001ac   0x00000002   Code   RO         6160    .ARM.Collect$$libinit$$00000033  c_w.l(libinit2.o)
    0x080001ae   0x080001ae   0x00000002   Code   RO         6184    .ARM.Collect$$libshutdown$$00000000  c_w.l(libshutdown.o)
    0x080001b0   0x080001b0   0x00000000   Code   RO         6197    .ARM.Collect$$libshutdown$$00000002  c_w.l(libshutdown2.o)
    0x080001b0   0x080001b0   0x00000000   Code   RO         6199    .ARM.Collect$$libshutdown$$00000004  c_w.l(libshutdown2.o)
    0x080001b0   0x080001b0   0x00000000   Code   RO         6202    .ARM.Collect$$libshutdown$$00000007  c_w.l(libshutdown2.o)
    0x080001b0   0x080001b0   0x00000000   Code   RO         6205    .ARM.Collect$$libshutdown$$0000000A  c_w.l(libshutdown2.o)
    0x080001b0   0x080001b0   0x00000000   Code   RO         6207    .ARM.Collect$$libshutdown$$0000000C  c_w.l(libshutdown2.o)
    0x080001b0   0x080001b0   0x00000000   Code   RO         6210    .ARM.Collect$$libshutdown$$0000000F  c_w.l(libshutdown2.o)
    0x080001b0   0x080001b0   0x00000002   Code   RO         6211    .ARM.Collect$$libshutdown$$00000010  c_w.l(libshutdown2.o)
    0x080001b2   0x080001b2   0x00000000   Code   RO         6036    .ARM.Collect$$rtentry$$00000000  c_w.l(__rtentry.o)
    0x080001b2   0x080001b2   0x00000000   Code   RO         6076    .ARM.Collect$$rtentry$$00000002  c_w.l(__rtentry2.o)
    0x080001b2   0x080001b2   0x00000006   Code   RO         6088    .ARM.Collect$$rtentry$$00000004  c_w.l(__rtentry4.o)
    0x080001b8   0x080001b8   0x00000000   Code   RO         6078    .ARM.Collect$$rtentry$$00000009  c_w.l(__rtentry2.o)
    0x080001b8   0x080001b8   0x00000004   Code   RO         6079    .ARM.Collect$$rtentry$$0000000A  c_w.l(__rtentry2.o)
    0x080001bc   0x080001bc   0x00000000   Code   RO         6081    .ARM.Collect$$rtentry$$0000000C  c_w.l(__rtentry2.o)
    0x080001bc   0x080001bc   0x00000008   Code   RO         6082    .ARM.Collect$$rtentry$$0000000D  c_w.l(__rtentry2.o)
    0x080001c4   0x080001c4   0x00000002   Code   RO         6114    .ARM.Collect$$rtexit$$00000000  c_w.l(rtexit.o)
    0x080001c6   0x080001c6   0x00000000   Code   RO         6164    .ARM.Collect$$rtexit$$00000002  c_w.l(rtexit2.o)
    0x080001c6   0x080001c6   0x00000004   Code   RO         6165    .ARM.Collect$$rtexit$$00000003  c_w.l(rtexit2.o)
    0x080001ca   0x080001ca   0x00000006   Code   RO         6166    .ARM.Collect$$rtexit$$00000004  c_w.l(rtexit2.o)
    0x080001d0   0x080001d0   0x00000096   Code   RO         5869    .emb_text           port.o
    0x08000266   0x08000266   0x00000002   PAD
    0x08000268   0x08000268   0x00000040   Code   RO          951    .text               startup_stm32f103xb.o
    0x080002a8   0x080002a8   0x00000028   Code   RO         5952    .text               c_w.l(noretval__2sprintf.o)
    0x080002d0   0x080002d0   0x00000068   Code   RO         5954    .text               c_w.l(__printf.o)
    0x08000338   0x08000338   0x00000078   Code   RO         5956    .text               c_w.l(_printf_dec.o)
    0x080003b0   0x080003b0   0x0000003e   Code   RO         5980    .text               c_w.l(strlen.o)
    0x080003ee   0x080003ee   0x0000008a   Code   RO         5982    .text               c_w.l(rt_memcpy_v6.o)
    0x08000478   0x08000478   0x00000010   Code   RO         5986    .text               c_w.l(aeabi_memset.o)
    0x08000488   0x08000488   0x0000004e   Code   RO         5988    .text               c_w.l(rt_memclr_w.o)
    0x080004d6   0x080004d6   0x00000006   Code   RO         5990    .text               c_w.l(heapauxi.o)
    0x080004dc   0x080004dc   0x00000016   Code   RO         6037    .text               c_w.l(_rserrno.o)
    0x080004f2   0x080004f2   0x000000b2   Code   RO         6039    .text               c_w.l(_printf_intcommon.o)
    0x080005a4   0x080005a4   0x00000030   Code   RO         6041    .text               c_w.l(_printf_char_common.o)
    0x080005d4   0x080005d4   0x0000000a   Code   RO         6043    .text               c_w.l(_sputc.o)
    0x080005de   0x080005de   0x00000064   Code   RO         6046    .text               c_w.l(rt_memcpy_w.o)
    0x08000642   0x08000642   0x00000044   Code   RO         6048    .text               c_w.l(rt_memclr.o)
    0x08000686   0x08000686   0x00000002   PAD
    0x08000688   0x08000688   0x00000008   Code   RO         6093    .text               c_w.l(rt_errno_addr_intlibspace.o)
    0x08000690   0x08000690   0x00000008   Code   RO         6099    .text               c_w.l(libspace.o)
    0x08000698   0x08000698   0x0000004a   Code   RO         6102    .text               c_w.l(sys_stackheap_outer.o)
    0x080006e2   0x080006e2   0x00000012   Code   RO         6104    .text               c_w.l(exit.o)
    0x080006f4   0x080006f4   0x0000000c   Code   RO         6176    .text               c_w.l(sys_exit.o)
    0x08000700   0x08000700   0x00000002   Code   RO         6187    .text               c_w.l(use_no_semi.o)
    0x08000702   0x08000702   0x00000000   Code   RO         6189    .text               c_w.l(indicate_semi.o)
    0x08000702   0x08000702   0x0000005c   Code   RO          994    i.ADC_ConversionStop_Disable  stm32f1xx_hal_adc.o
    0x0800075e   0x0800075e   0x00000002   PAD
    0x08000760   0x08000760   0x00000090   Code   RO          998    i.ADC_Enable        stm32f1xx_hal_adc.o
    0x080007f0   0x080007f0   0x00000050   Code   RO          165    i.Analyse_Date_pid  motor.o
    0x08000840   0x08000840   0x00000012   Code   RO          568    i.BlueStartTask01   freertos.o
    0x08000852   0x08000852   0x00000004   Code   RO          845    i.BusFault_Handler  stm32f1xx_it.o
    0x08000856   0x08000856   0x00000002   PAD
    0x08000858   0x08000858   0x00000010   Code   RO          846    i.DMA1_Channel6_IRQHandler  stm32f1xx_it.o
    0x08000868   0x08000868   0x00000010   Code   RO          847    i.DMA1_Channel7_IRQHandler  stm32f1xx_it.o
    0x08000878   0x08000878   0x00000002   Code   RO          848    i.DebugMon_Handler  stm32f1xx_it.o
    0x0800087a   0x0800087a   0x00000006   Code   RO          493    i.Error_Handler     main.o
    0x08000880   0x08000880   0x00000160   Code   RO         1000    i.HAL_ADC_ConfigChannel  stm32f1xx_hal_adc.o
    0x080009e0   0x080009e0   0x00000008   Code   RO         1007    i.HAL_ADC_GetValue  stm32f1xx_hal_adc.o
    0x080009e8   0x080009e8   0x00000144   Code   RO         1009    i.HAL_ADC_Init      stm32f1xx_hal_adc.o
    0x08000b2c   0x08000b2c   0x00000070   Code   RO          648    i.HAL_ADC_MspInit   adc.o
    0x08000b9c   0x08000b9c   0x00000180   Code   RO         1013    i.HAL_ADC_PollForConversion  stm32f1xx_hal_adc.o
    0x08000d1c   0x08000d1c   0x00000130   Code   RO         1015    i.HAL_ADC_Start     stm32f1xx_hal_adc.o
    0x08000e4c   0x08000e4c   0x00000040   Code   RO         1018    i.HAL_ADC_Stop      stm32f1xx_hal_adc.o
    0x08000e8c   0x08000e8c   0x00000056   Code   RO         1656    i.HAL_DMA_Abort     stm32f1xx_hal_dma.o
    0x08000ee2   0x08000ee2   0x00000002   PAD
    0x08000ee4   0x08000ee4   0x000000b0   Code   RO         1657    i.HAL_DMA_Abort_IT  stm32f1xx_hal_dma.o
    0x08000f94   0x08000f94   0x0000019c   Code   RO         1661    i.HAL_DMA_IRQHandler  stm32f1xx_hal_dma.o
    0x08001130   0x08001130   0x00000068   Code   RO         1662    i.HAL_DMA_Init      stm32f1xx_hal_dma.o
    0x08001198   0x08001198   0x00000320   Code   RO         1592    i.HAL_GPIO_Init     stm32f1xx_hal_gpio.o
    0x080014b8   0x080014b8   0x0000000c   Code   RO         1596    i.HAL_GPIO_WritePin  stm32f1xx_hal_gpio.o
    0x080014c4   0x080014c4   0x0000000c   Code   RO         1281    i.HAL_GetTick       stm32f1xx_hal.o
    0x080014d0   0x080014d0   0x000001d0   Code   RO         2289    i.HAL_I2C_Init      stm32f1xx_hal_i2c.o
    0x080016a0   0x080016a0   0x000001b8   Code   RO         2290    i.HAL_I2C_IsDeviceReady  stm32f1xx_hal_i2c.o
    0x08001858   0x08001858   0x00000374   Code   RO         2307    i.HAL_I2C_Mem_Read  stm32f1xx_hal_i2c.o
    0x08001bcc   0x08001bcc   0x00000164   Code   RO         2310    i.HAL_I2C_Mem_Write  stm32f1xx_hal_i2c.o
    0x08001d30   0x08001d30   0x000000e8   Code   RO          714    i.HAL_I2C_MspInit   i2c.o
    0x08001e18   0x08001e18   0x00000018   Code   RO         1287    i.HAL_IncTick       stm32f1xx_hal.o
    0x08001e30   0x08001e30   0x00000028   Code   RO         1288    i.HAL_Init          stm32f1xx_hal.o
    0x08001e58   0x08001e58   0x0000004c   Code   RO         1289    i.HAL_InitTick      stm32f1xx_hal.o
    0x08001ea4   0x08001ea4   0x00000060   Code   RO          927    i.HAL_MspInit       stm32f1xx_hal_msp.o
    0x08001f04   0x08001f04   0x00000020   Code   RO         1752    i.HAL_NVIC_EnableIRQ  stm32f1xx_hal_cortex.o
    0x08001f24   0x08001f24   0x0000007c   Code   RO         1758    i.HAL_NVIC_SetPriority  stm32f1xx_hal_cortex.o
    0x08001fa0   0x08001fa0   0x00000028   Code   RO         1759    i.HAL_NVIC_SetPriorityGrouping  stm32f1xx_hal_cortex.o
    0x08001fc8   0x08001fc8   0x000000fc   Code   RO         1553    i.HAL_RCCEx_GetPeriphCLKFreq  stm32f1xx_hal_rcc_ex.o
    0x080020c4   0x080020c4   0x00000130   Code   RO         1554    i.HAL_RCCEx_PeriphCLKConfig  stm32f1xx_hal_rcc_ex.o
    0x080021f4   0x080021f4   0x0000018c   Code   RO         1445    i.HAL_RCC_ClockConfig  stm32f1xx_hal_rcc.o
    0x08002380   0x08002380   0x0000000c   Code   RO         1450    i.HAL_RCC_GetHCLKFreq  stm32f1xx_hal_rcc.o
    0x0800238c   0x0800238c   0x00000020   Code   RO         1452    i.HAL_RCC_GetPCLK1Freq  stm32f1xx_hal_rcc.o
    0x080023ac   0x080023ac   0x00000020   Code   RO         1453    i.HAL_RCC_GetPCLK2Freq  stm32f1xx_hal_rcc.o
    0x080023cc   0x080023cc   0x00000070   Code   RO         1454    i.HAL_RCC_GetSysClockFreq  stm32f1xx_hal_rcc.o
    0x0800243c   0x0800243c   0x00000464   Code   RO         1457    i.HAL_RCC_OscConfig  stm32f1xx_hal_rcc.o
    0x080028a0   0x080028a0   0x00000034   Code   RO         1763    i.HAL_SYSTICK_Config  stm32f1xx_hal_cortex.o
    0x080028d4   0x080028d4   0x00000084   Code   RO         3491    i.HAL_TIMEx_MasterConfigSynchronization  stm32f1xx_hal_tim_ex.o
    0x08002958   0x08002958   0x00000054   Code   RO          755    i.HAL_TIM_MspPostInit  tim.o
    0x080029ac   0x080029ac   0x00000104   Code   RO         2829    i.HAL_TIM_PWM_ConfigChannel  stm32f1xx_hal_tim.o
    0x08002ab0   0x08002ab0   0x00000066   Code   RO         2832    i.HAL_TIM_PWM_Init  stm32f1xx_hal_tim.o
    0x08002b16   0x08002b16   0x00000002   PAD
    0x08002b18   0x08002b18   0x0000002c   Code   RO          757    i.HAL_TIM_PWM_MspInit  tim.o
    0x08002b44   0x08002b44   0x000000d4   Code   RO         2837    i.HAL_TIM_PWM_Start  stm32f1xx_hal_tim.o
    0x08002c18   0x08002c18   0x00000002   Code   RO         3751    i.HAL_UARTEx_RxEventCallback  stm32f1xx_hal_uart.o
    0x08002c1a   0x08002c1a   0x00000002   Code   RO         3765    i.HAL_UART_ErrorCallback  stm32f1xx_hal_uart.o
    0x08002c1c   0x08002c1c   0x000002e4   Code   RO         3768    i.HAL_UART_IRQHandler  stm32f1xx_hal_uart.o
    0x08002f00   0x08002f00   0x00000076   Code   RO         3769    i.HAL_UART_Init     stm32f1xx_hal_uart.o
    0x08002f76   0x08002f76   0x00000002   PAD
    0x08002f78   0x08002f78   0x00000098   Code   RO          804    i.HAL_UART_MspInit  usart.o
    0x08003010   0x08003010   0x0000002c   Code   RO         3774    i.HAL_UART_Receive_IT  stm32f1xx_hal_uart.o
    0x0800303c   0x0800303c   0x000000b8   Code   RO            4    i.HAL_UART_RxCpltCallback  bluetooth.o
    0x080030f4   0x080030f4   0x000000be   Code   RO         3777    i.HAL_UART_Transmit  stm32f1xx_hal_uart.o
    0x080031b2   0x080031b2   0x00000002   Code   RO         3780    i.HAL_UART_TxCpltCallback  stm32f1xx_hal_uart.o
    0x080031b4   0x080031b4   0x00000124   Code   RO          166    i.Hanlde_Motor      motor.o
    0x080032d8   0x080032d8   0x000000ac   Code   RO          167    i.Hanlde_Motorapp   motor.o
    0x08003384   0x08003384   0x00000004   Code   RO          849    i.HardFault_Handler  stm32f1xx_it.o
    0x08003388   0x08003388   0x0000003e   Code   RO         2333    i.I2C_IsAcknowledgeFailed  stm32f1xx_hal_i2c.o
    0x080033c6   0x080033c6   0x00000002   PAD
    0x080033c8   0x080033c8   0x00000160   Code   RO         2344    i.I2C_RequestMemoryRead  stm32f1xx_hal_i2c.o
    0x08003528   0x08003528   0x000000e0   Code   RO         2345    i.I2C_RequestMemoryWrite  stm32f1xx_hal_i2c.o
    0x08003608   0x08003608   0x00000066   Code   RO         2353    i.I2C_WaitOnBTFFlagUntilTimeout  stm32f1xx_hal_i2c.o
    0x0800366e   0x0800366e   0x000000be   Code   RO         2354    i.I2C_WaitOnFlagUntilTimeout  stm32f1xx_hal_i2c.o
    0x0800372c   0x0800372c   0x000000fa   Code   RO         2355    i.I2C_WaitOnMasterAddressFlagUntilTimeout  stm32f1xx_hal_i2c.o
    0x08003826   0x08003826   0x0000008a   Code   RO         2356    i.I2C_WaitOnRXNEFlagUntilTimeout  stm32f1xx_hal_i2c.o
    0x080038b0   0x080038b0   0x00000066   Code   RO         2359    i.I2C_WaitOnTXEFlagUntilTimeout  stm32f1xx_hal_i2c.o
    0x08003916   0x08003916   0x00000002   PAD
    0x08003918   0x08003918   0x00000058   Code   RO          377    i.LedTask           taskmy.o
    0x08003970   0x08003970   0x00000012   Code   RO          569    i.MPUStartTask02    freertos.o
    0x08003982   0x08003982   0x00000002   PAD
    0x08003984   0x08003984   0x0000005c   Code   RO          649    i.MX_ADC1_Init      adc.o
    0x080039e0   0x080039e0   0x00000044   Code   RO          689    i.MX_DMA_Init       dma.o
    0x08003a24   0x08003a24   0x00000098   Code   RO          570    i.MX_FREERTOS_Init  freertos.o
    0x08003abc   0x08003abc   0x00000104   Code   RO          544    i.MX_GPIO_Init      gpio.o
    0x08003bc0   0x08003bc0   0x0000003c   Code   RO          715    i.MX_I2C1_Init      i2c.o
    0x08003bfc   0x08003bfc   0x000000a8   Code   RO          758    i.MX_TIM2_Init      tim.o
    0x08003ca4   0x08003ca4   0x00000038   Code   RO          805    i.MX_USART1_UART_Init  usart.o
    0x08003cdc   0x08003cdc   0x00000004   Code   RO          850    i.MemManage_Handler  stm32f1xx_it.o
    0x08003ce0   0x08003ce0   0x00000048   Code   RO          168    i.Motor_Init        motor.o
    0x08003d28   0x08003d28   0x00000044   Code   RO          169    i.Motor_back        motor.o
    0x08003d6c   0x08003d6c   0x00000024   Code   RO          170    i.Motor_down        motor.o
    0x08003d90   0x08003d90   0x00000044   Code   RO          171    i.Motor_go          motor.o
    0x08003dd4   0x08003dd4   0x00000044   Code   RO          172    i.Motor_left        motor.o
    0x08003e18   0x08003e18   0x00000024   Code   RO          173    i.Motor_middle      motor.o
    0x08003e3c   0x08003e3c   0x00000044   Code   RO          174    i.Motor_right       motor.o
    0x08003e80   0x08003e80   0x0000001c   Code   RO          175    i.Motor_stop        motor.o
    0x08003e9c   0x08003e9c   0x00000054   Code   RO          176    i.Motor_stopapp     motor.o
    0x08003ef0   0x08003ef0   0x00000004   Code   RO          851    i.NMI_Handler       stm32f1xx_it.o
    0x08003ef4   0x08003ef4   0x00000012   Code   RO          571    i.PidStartTask03    freertos.o
    0x08003f06   0x08003f06   0x00000002   PAD
    0x08003f08   0x08003f08   0x00000028   Code   RO         1458    i.RCC_Delay         stm32f1xx_hal_rcc.o
    0x08003f30   0x08003f30   0x0000000e   Code   RO          572    i.StartDefaultTask  freertos.o
    0x08003f3e   0x08003f3e   0x00000014   Code   RO          852    i.SysTick_Handler   stm32f1xx_it.o
    0x08003f52   0x08003f52   0x0000006e   Code   RO          494    i.SystemClock_Config  main.o
    0x08003fc0   0x08003fc0   0x00000002   Code   RO         4113    i.SystemInit        system_stm32f1xx.o
    0x08003fc2   0x08003fc2   0x00000002   PAD
    0x08003fc4   0x08003fc4   0x00000084   Code   RO         2850    i.TIM_Base_SetConfig  stm32f1xx_hal_tim.o
    0x08004048   0x08004048   0x00000022   Code   RO         2851    i.TIM_CCxChannelCmd  stm32f1xx_hal_tim.o
    0x0800406a   0x0800406a   0x00000002   PAD
    0x0800406c   0x0800406c   0x00000060   Code   RO         2863    i.TIM_OC1_SetConfig  stm32f1xx_hal_tim.o
    0x080040cc   0x080040cc   0x00000068   Code   RO         2864    i.TIM_OC2_SetConfig  stm32f1xx_hal_tim.o
    0x08004134   0x08004134   0x00000068   Code   RO         2865    i.TIM_OC3_SetConfig  stm32f1xx_hal_tim.o
    0x0800419c   0x0800419c   0x00000048   Code   RO         2866    i.TIM_OC4_SetConfig  stm32f1xx_hal_tim.o
    0x080041e4   0x080041e4   0x00000014   Code   RO         3782    i.UART_DMAAbortOnError  stm32f1xx_hal_uart.o
    0x080041f8   0x080041f8   0x0000006c   Code   RO         3792    i.UART_EndRxTransfer  stm32f1xx_hal_uart.o
    0x08004264   0x08004264   0x00000020   Code   RO         3793    i.UART_EndTransmit_IT  stm32f1xx_hal_uart.o
    0x08004284   0x08004284   0x000000fc   Code   RO         3795    i.UART_Receive_IT   stm32f1xx_hal_uart.o
    0x08004380   0x08004380   0x000000fc   Code   RO         3796    i.UART_SetConfig    stm32f1xx_hal_uart.o
    0x0800447c   0x0800447c   0x00000040   Code   RO         3798    i.UART_Start_Receive_IT  stm32f1xx_hal_uart.o
    0x080044bc   0x080044bc   0x00000060   Code   RO         3799    i.UART_Transmit_IT  stm32f1xx_hal_uart.o
    0x0800451c   0x0800451c   0x0000008c   Code   RO         3800    i.UART_WaitOnFlagUntilTimeout  stm32f1xx_hal_uart.o
    0x080045a8   0x080045a8   0x00000010   Code   RO          853    i.USART1_IRQHandler  stm32f1xx_it.o
    0x080045b8   0x080045b8   0x00000004   Code   RO          854    i.UsageFault_Handler  stm32f1xx_it.o
    0x080045bc   0x080045bc   0x00000026   Code   RO         6059    i.__ARM_fpclassifyf  m_ws.l(fpclassifyf.o)
    0x080045e2   0x080045e2   0x00000014   Code   RO          378    i.__ARM_isinff      taskmy.o
    0x080045f6   0x080045f6   0x0000000e   Code   RO          379    i.__ARM_isnanf      taskmy.o
    0x08004604   0x08004604   0x00000010   Code   RO         1765    i.__NVIC_GetPriorityGrouping  stm32f1xx_hal_cortex.o
    0x08004614   0x08004614   0x00000028   Code   RO         1766    i.__NVIC_SetPriority  stm32f1xx_hal_cortex.o
    0x0800463c   0x0800463c   0x00000006   Code   RO         5294    i.__get_IPSR        cmsis_os2.o
    0x08004642   0x08004642   0x00000004   Code   RO         6063    i.__mathlib_flt_infnan2  m_ws.l(funder.o)
    0x08004646   0x08004646   0x0000000a   Code   RO         6067    i.__mathlib_flt_underflow  m_ws.l(funder.o)
    0x08004650   0x08004650   0x0000025c   Code   RO         6021    i.atan2f            m_ws.l(atan2f.o)
    0x080048ac   0x080048ac   0x00000024   Code   RO          291    i.eMPU6050_ReadReg  mpu6050.o
    0x080048d0   0x080048d0   0x00000030   Code   RO          495    i.main              main.o
    0x08004900   0x08004900   0x0000001e   Code   RO         5295    i.osDelay           cmsis_os2.o
    0x0800491e   0x0800491e   0x00000002   PAD
    0x08004920   0x08004920   0x0000002c   Code   RO         5309    i.osKernelInitialize  cmsis_os2.o
    0x0800494c   0x0800494c   0x00000060   Code   RO         5312    i.osKernelStart     cmsis_os2.o
    0x080049ac   0x080049ac   0x00000080   Code   RO         5324    i.osMessageQueueGet  cmsis_os2.o
    0x08004a2c   0x08004a2c   0x0000009a   Code   RO         5329    i.osMessageQueueNew  cmsis_os2.o
    0x08004ac6   0x08004ac6   0x00000002   PAD
    0x08004ac8   0x08004ac8   0x00000084   Code   RO         5330    i.osMessageQueuePut  cmsis_os2.o
    0x08004b4c   0x08004b4c   0x000000b8   Code   RO         5354    i.osThreadNew       cmsis_os2.o
    0x08004c04   0x08004c04   0x0000007c   Code   RO         4730    i.prvAddCurrentTaskToDelayedList  tasks.o
    0x08004c80   0x08004c80   0x000000b8   Code   RO         4731    i.prvAddNewTaskToReadyList  tasks.o
    0x08004d38   0x08004d38   0x00000074   Code   RO         5106    i.prvCheckForValidListAndQueue  timers.o
    0x08004dac   0x08004dac   0x00000048   Code   RO         4732    i.prvCheckTasksWaitingTermination  tasks.o
    0x08004df4   0x08004df4   0x0000002a   Code   RO         4317    i.prvCopyDataFromQueue  queue.o
    0x08004e1e   0x08004e1e   0x0000007e   Code   RO         4318    i.prvCopyDataToQueue  queue.o
    0x08004e9c   0x08004e9c   0x00000050   Code   RO         4733    i.prvDeleteTCB      tasks.o
    0x08004eec   0x08004eec   0x00000028   Code   RO         5107    i.prvGetNextExpireTime  timers.o
    0x08004f14   0x08004f14   0x0000007c   Code   RO         5814    i.prvHeapInit       heap_4.o
    0x08004f90   0x08004f90   0x00000028   Code   RO         4734    i.prvIdleTask       tasks.o
    0x08004fb8   0x08004fb8   0x0000002a   Code   RO         4321    i.prvInitialiseNewQueue  queue.o
    0x08004fe2   0x08004fe2   0x000000be   Code   RO         4735    i.prvInitialiseNewTask  tasks.o
    0x080050a0   0x080050a0   0x00000068   Code   RO         4736    i.prvInitialiseTaskLists  tasks.o
    0x08005108   0x08005108   0x00000068   Code   RO         5815    i.prvInsertBlockIntoFreeList  heap_4.o
    0x08005170   0x08005170   0x00000058   Code   RO         5109    i.prvInsertTimerInActiveList  timers.o
    0x080051c8   0x080051c8   0x0000001a   Code   RO         4322    i.prvIsQueueEmpty   queue.o
    0x080051e2   0x080051e2   0x0000001e   Code   RO         4323    i.prvIsQueueFull    queue.o
    0x08005200   0x08005200   0x00000074   Code   RO         5110    i.prvProcessExpiredTimer  timers.o
    0x08005274   0x08005274   0x00000164   Code   RO         5111    i.prvProcessReceivedCommands  timers.o
    0x080053d8   0x080053d8   0x00000074   Code   RO         5112    i.prvProcessTimerOrBlockTask  timers.o
    0x0800544c   0x0800544c   0x00000034   Code   RO         4738    i.prvResetNextTaskUnblockTime  tasks.o
    0x08005480   0x08005480   0x0000002c   Code   RO         5113    i.prvSampleTimeNow  timers.o
    0x080054ac   0x080054ac   0x000000a4   Code   RO         5114    i.prvSwitchTimerLists  timers.o
    0x08005550   0x08005550   0x00000040   Code   RO         5870    i.prvTaskExitError  port.o
    0x08005590   0x08005590   0x0000001a   Code   RO         5115    i.prvTimerTask      timers.o
    0x080055aa   0x080055aa   0x0000007e   Code   RO         4324    i.prvUnlockQueue    queue.o
    0x08005628   0x08005628   0x0000014c   Code   RO         5816    i.pvPortMalloc      heap_4.o
    0x08005774   0x08005774   0x00000024   Code   RO         5871    i.pxPortInitialiseStack  port.o
    0x08005798   0x08005798   0x00000044   Code   RO          177    i.return_CCR        motor.o
    0x080057dc   0x080057dc   0x0000002c   Code   RO         6029    i.sqrtf             m_ws.l(sqrtf.o)
    0x08005808   0x08005808   0x00000020   Code   RO          380    i.u16_Bat_GetVoltage  taskmy.o
    0x08005828   0x08005828   0x00000048   Code   RO          381    i.u16_Bat_ReadRaw   taskmy.o
    0x08005870   0x08005870   0x0000002c   Code   RO          292    i.ucI2C_Scan        mpu6050.o
    0x0800589c   0x0800589c   0x00000024   Code   RO          293    i.ucMPU6050_Probe   mpu6050.o
    0x080058c0   0x080058c0   0x00000034   Code   RO          382    i.uc_Bat_GetPercent  taskmy.o
    0x080058f4   0x080058f4   0x00000040   Code   RO            5    i.uc_CmdQueuePop    bluetooth.o
    0x08005934   0x08005934   0x00000040   Code   RO          178    i.useMotor          motor.o
    0x08005974   0x08005974   0x00000028   Code   RO         4277    i.uxListRemove      list.o
    0x0800599c   0x0800599c   0x00000018   Code   RO         5366    i.vApplicationGetIdleTaskMemory  cmsis_os2.o
    0x080059b4   0x080059b4   0x00000018   Code   RO         5367    i.vApplicationGetTimerTaskMemory  cmsis_os2.o
    0x080059cc   0x080059cc   0x000001dc   Code   RO          383    i.vBlueTask         taskmy.o
    0x08005ba8   0x08005ba8   0x0000001a   Code   RO         4278    i.vListInitialise   list.o
    0x08005bc2   0x08005bc2   0x00000006   Code   RO         4279    i.vListInitialiseItem  list.o
    0x08005bc8   0x08005bc8   0x00000034   Code   RO         4280    i.vListInsert       list.o
    0x08005bfc   0x08005bfc   0x00000018   Code   RO         4281    i.vListInsertEnd    list.o
    0x08005c14   0x08005c14   0x00000040   Code   RO          294    i.vMPU6050_Init     mpu6050.o
    0x08005c54   0x08005c54   0x00000090   Code   RO          295    i.vMPU6050_Read     mpu6050.o
    0x08005ce4   0x08005ce4   0x00000194   Code   RO          352    i.vMPU6050_UpdateAngles  pid.o
    0x08005e78   0x08005e78   0x00000028   Code   RO          296    i.vMPU6050_WriteReg  mpu6050.o
    0x08005ea0   0x08005ea0   0x00000054   Code   RO         5873    i.vPortEnterCritical  port.o
    0x08005ef4   0x08005ef4   0x0000003c   Code   RO         5874    i.vPortExitCritical  port.o
    0x08005f30   0x08005f30   0x000000a4   Code   RO         5817    i.vPortFree         heap_4.o
    0x08005fd4   0x08005fd4   0x00000028   Code   RO         5875    i.vPortSetupTimerInterrupt  port.o
    0x08005ffc   0x08005ffc   0x00000078   Code   RO         5876    i.vPortValidateInterruptPriority  port.o
    0x08006074   0x08006074   0x0000002c   Code   RO         4330    i.vQueueAddToRegistry  queue.o
    0x080060a0   0x080060a0   0x0000004a   Code   RO         4334    i.vQueueWaitForMessageRestricted  queue.o
    0x080060ea   0x080060ea   0x00000002   PAD
    0x080060ec   0x080060ec   0x0000005c   Code   RO         4751    i.vTaskDelay        tasks.o
    0x08006148   0x08006148   0x00000018   Code   RO         4756    i.vTaskInternalSetTimeOutState  tasks.o
    0x08006160   0x08006160   0x0000000c   Code   RO         4757    i.vTaskMissedYield  tasks.o
    0x0800616c   0x0800616c   0x00000038   Code   RO         4759    i.vTaskPlaceOnEventList  tasks.o
    0x080061a4   0x080061a4   0x00000040   Code   RO         4760    i.vTaskPlaceOnEventListRestricted  tasks.o
    0x080061e4   0x080061e4   0x000000b8   Code   RO         4768    i.vTaskStartScheduler  tasks.o
    0x0800629c   0x0800629c   0x00000010   Code   RO         4770    i.vTaskSuspendAll   tasks.o
    0x080062ac   0x080062ac   0x00000090   Code   RO         4771    i.vTaskSwitchContext  tasks.o
    0x0800633c   0x0800633c   0x00000030   Code   RO            6    i.v_Bluetooth_Init  bluetooth.o
    0x0800636c   0x0800636c   0x00000044   Code   RO            7    i.v_Bluetooth_Process  bluetooth.o
    0x080063b0   0x080063b0   0x00000038   Code   RO            8    i.v_CmdQueuePush    bluetooth.o
    0x080063e8   0x080063e8   0x00000058   Code   RO          384    i.v_MPU6050Task     taskmy.o
    0x08006440   0x08006440   0x00000068   Code   RO          385    i.v_PidTask         taskmy.o
    0x080064a8   0x080064a8   0x000000f8   Code   RO         5877    i.xPortStartScheduler  port.o
    0x080065a0   0x080065a0   0x00000034   Code   RO         5878    i.xPortSysTickHandler  port.o
    0x080065d4   0x080065d4   0x0000005a   Code   RO         4339    i.xQueueGenericCreate  queue.o
    0x0800662e   0x0800662e   0x000000e0   Code   RO         4340    i.xQueueGenericCreateStatic  queue.o
    0x0800670e   0x0800670e   0x00000002   PAD
    0x08006710   0x08006710   0x00000098   Code   RO         4341    i.xQueueGenericReset  queue.o
    0x080067a8   0x080067a8   0x000001a8   Code   RO         4342    i.xQueueGenericSend  queue.o
    0x08006950   0x08006950   0x000000fc   Code   RO         4343    i.xQueueGenericSendFromISR  queue.o
    0x08006a4c   0x08006a4c   0x00000168   Code   RO         4352    i.xQueueReceive     queue.o
    0x08006bb4   0x08006bb4   0x000000ca   Code   RO         4353    i.xQueueReceiveFromISR  queue.o
    0x08006c7e   0x08006c7e   0x00000002   PAD
    0x08006c80   0x08006c80   0x0000008c   Code   RO         4773    i.xTaskCheckForTimeOut  tasks.o
    0x08006d0c   0x08006d0c   0x00000064   Code   RO         4774    i.xTaskCreate       tasks.o
    0x08006d70   0x08006d70   0x000000ba   Code   RO         4775    i.xTaskCreateStatic  tasks.o
    0x08006e2a   0x08006e2a   0x00000002   PAD
    0x08006e2c   0x08006e2c   0x00000020   Code   RO         4779    i.xTaskGetSchedulerState  tasks.o
    0x08006e4c   0x08006e4c   0x0000000c   Code   RO         4780    i.xTaskGetTickCount  tasks.o
    0x08006e58   0x08006e58   0x00000144   Code   RO         4782    i.xTaskIncrementTick  tasks.o
    0x08006f9c   0x08006f9c   0x000000a4   Code   RO         4785    i.xTaskPriorityDisinherit  tasks.o
    0x08007040   0x08007040   0x00000098   Code   RO         4787    i.xTaskRemoveFromEventList  tasks.o
    0x080070d8   0x080070d8   0x00000104   Code   RO         4788    i.xTaskResumeAll    tasks.o
    0x080071dc   0x080071dc   0x00000078   Code   RO         5124    i.xTimerCreateTimerTask  timers.o
    0x08007254   0x08007254   0x00000084   Code   RO         5125    i.xTimerGenericCommand  timers.o
    0x080072d8   0x080072d8   0x000000c4   Code   RO         5994    x$fpl$fadd          fz_ws.l(faddsub_clz.o)
    0x0800739c   0x0800739c   0x0000000c   Code   RO         6112    x$fpl$fcheck1       fz_ws.l(fcheck1.o)
    0x080073a8   0x080073a8   0x00000018   Code   RO         6050    x$fpl$fcmpinf       fz_ws.l(fcmpi.o)
    0x080073c0   0x080073c0   0x00000184   Code   RO         6001    x$fpl$fdiv          fz_ws.l(fdiv.o)
    0x08007544   0x08007544   0x00000036   Code   RO         6004    x$fpl$ffix          fz_ws.l(ffix.o)
    0x0800757a   0x0800757a   0x00000002   PAD
    0x0800757c   0x0800757c   0x00000030   Code   RO         6009    x$fpl$fflt          fz_ws.l(fflt_clz.o)
    0x080075ac   0x080075ac   0x00000068   Code   RO         6014    x$fpl$fleqf         fz_ws.l(fleqf.o)
    0x08007614   0x08007614   0x00000102   Code   RO         6016    x$fpl$fmul          fz_ws.l(fmul.o)
    0x08007716   0x08007716   0x0000008c   Code   RO         6052    x$fpl$fnaninf       fz_ws.l(fnaninf.o)
    0x080077a2   0x080077a2   0x0000000a   Code   RO         6054    x$fpl$fretinf       fz_ws.l(fretinf.o)
    0x080077ac   0x080077ac   0x00000062   Code   RO         6018    x$fpl$frleqf        fz_ws.l(frleqf.o)
    0x0800780e   0x0800780e   0x00000014   Code   RO         5995    x$fpl$frsb          fz_ws.l(faddsub_clz.o)
    0x08007822   0x08007822   0x00000002   PAD
    0x08007824   0x08007824   0x00000110   Code   RO         6056    x$fpl$fsqrt         fz_ws.l(fsqrt.o)
    0x08007934   0x08007934   0x000000ea   Code   RO         5996    x$fpl$fsub          fz_ws.l(faddsub_clz.o)
    0x08007a1e   0x08007a1e   0x00000064   Code   RO         6161    x$fpl$retnan        fz_ws.l(retnan.o)
    0x08007a82   0x08007a82   0x0000004c   Code   RO         6097    x$fpl$scalbnf       fz_ws.l(scalbnf.o)
    0x08007ace   0x08007ace   0x00000030   Code   RO         6174    x$fpl$trapveneer    fz_ws.l(trapv.o)
    0x08007afe   0x08007afe   0x00000000   Code   RO         6058    x$fpl$usenofp       fz_ws.l(usenofp.o)
    0x08007afe   0x08007afe   0x00000002   PAD
    0x08007b00   0x08007b00   0x000000c0   Data   RO          573    .constdata          freertos.o
    0x08007bc0   0x08007bc0   0x00000012   Data   RO         1459    .constdata          stm32f1xx_hal_rcc.o
    0x08007bd2   0x08007bd2   0x00000012   Data   RO         1555    .constdata          stm32f1xx_hal_rcc_ex.o
    0x08007be4   0x08007be4   0x00000018   Data   RO         4114    .constdata          system_stm32f1xx.o
    0x08007bfc   0x08007bfc   0x00000059   Data   RO            9    .conststring        bluetooth.o
    0x08007c55   0x08007c55   0x00000003   PAD
    0x08007c58   0x08007c58   0x00000048   Data   RO          574    .conststring        freertos.o
    0x08007ca0   0x08007ca0   0x00000020   Data   RO         6242    Region$$Table       anon$$obj.o


    Execution Region RW_IRAM1 (Exec base: 0x20000000, Load base: 0x08007cc0, Size: 0x00002650, Max: 0x00005000, ABSOLUTE, COMPRESSED[0x00000048])

    Exec Addr    Load Addr    Size         Type   Attr      Idx    E Section Name        Object

    0x20000000   COMPRESSED   0x00000045   Data   RW           10    .data               bluetooth.o
    0x20000045   COMPRESSED   0x00000003   PAD
    0x20000048   COMPRESSED   0x00000009   Data   RW          353    .data               pid.o
    0x20000051   COMPRESSED   0x00000003   PAD
    0x20000054   COMPRESSED   0x00000038   Data   RW          387    .data               taskmy.o
    0x2000008c   COMPRESSED   0x00000050   Data   RW          575    .data               freertos.o
    0x200000dc   COMPRESSED   0x00000009   Data   RW         1295    .data               stm32f1xx_hal.o
    0x200000e5   COMPRESSED   0x00000003   PAD
    0x200000e8   COMPRESSED   0x00000004   Data   RW         4115    .data               system_stm32f1xx.o
    0x200000ec   COMPRESSED   0x0000003c   Data   RW         4791    .data               tasks.o
    0x20000128   COMPRESSED   0x00000014   Data   RW         5133    .data               timers.o
    0x2000013c   COMPRESSED   0x00000004   Data   RW         5369    .data               cmsis_os2.o
    0x20000140   COMPRESSED   0x00000020   Data   RW         5823    .data               heap_4.o
    0x20000160   COMPRESSED   0x0000000c   Data   RW         5879    .data               port.o
    0x2000016c        -       0x0000000e   Zero   RW          297    .bss                mpu6050.o
    0x2000017a   COMPRESSED   0x00000002   PAD
    0x2000017c        -       0x00000030   Zero   RW          650    .bss                adc.o
    0x200001ac        -       0x000000dc   Zero   RW          716    .bss                i2c.o
    0x20000288        -       0x00000048   Zero   RW          759    .bss                tim.o
    0x200002d0        -       0x00000048   Zero   RW          806    .bss                usart.o
    0x20000318        -       0x00000040   Zero   RW         4356    .bss                queue.o
    0x20000358        -       0x000004c4   Zero   RW         4790    .bss                tasks.o
    0x2000081c        -       0x00000118   Zero   RW         5132    .bss                timers.o
    0x20000934        -       0x000006b8   Zero   RW         5368    .bss                cmsis_os2.o
    0x20000fec        -       0x00001000   Zero   RW         5822    .bss                heap_4.o
    0x20001fec        -       0x00000060   Zero   RW         6100    .bss                c_w.l(libspace.o)
    0x2000204c   COMPRESSED   0x00000004   PAD
    0x20002050        -       0x00000200   Zero   RW          949    HEAP                startup_stm32f103xb.o
    0x20002250        -       0x00000400   Zero   RW          948    STACK               startup_stm32f103xb.o


==============================================================================

Image component sizes


      Code (inc. data)   RO Data    RW Data    ZI Data      Debug   Object Name

       204         24          0          0         48       1521   adc.o
       420         70         89         69          0     451819   bluetooth.o
       822         46          0          4       1720      56421   cmsis_os2.o
        68          4          0          0          0        682   dma.o
         0          0          0          0          0      19456   event_groups.o
       220         64        264         80          0       4042   freertos.o
       260         20          0          0          0        927   gpio.o
       724         74          0         32       4096       4563   heap_4.o
       292         38          0          0        220       1643   i2c.o
       148          0          0          0          0       3218   list.o
       164          0          0          0          0       4052   main.o
      1204         38          0          0          0      13133   motor.o
       364         26          0          0         14       7263   mpu6050.o
       404         26          0          9          0       1200   pid.o
       854         78          0         12          0      10497   port.o
      2214         20          0          0         64      18805   queue.o
        64         26        236          0       1536        744   startup_stm32f103xb.o
       152         32          0          9          0       5041   stm32f1xx_hal.o
      1672         62          0          0          0       6775   stm32f1xx_hal_adc.o
       304         22          0          0          0      29183   stm32f1xx_hal_cortex.o
       778         12          0          0          0       3139   stm32f1xx_hal_dma.o
       812         34          0          0          0       2572   stm32f1xx_hal_gpio.o
      3564         60          0          0          0      12378   stm32f1xx_hal_i2c.o
        96         10          0          0          0        826   stm32f1xx_hal_msp.o
      1748         98         18          0          0       5696   stm32f1xx_hal_rcc.o
       556         34         18          0          0       2269   stm32f1xx_hal_rcc_ex.o
      1116         46          0          0          0       6740   stm32f1xx_hal_tim.o
       132         14          0          0          0       1264   stm32f1xx_hal_tim_ex.o
      2062          8          0          0          0      11436   stm32f1xx_hal_uart.o
        90         18          0          0          0       4165   stm32f1xx_it.o
         0          0          0          0          0        392   stream_buffer.o
         2          0         24          4          0       1019   system_stm32f1xx.o
       946         56          0         56          0      14080   taskmy.o
      2808        346          0         60       1220      25706   tasks.o
       296         18          0          0         72       2107   tim.o
      1318        124          0         20        280      32071   timers.o
       208         24          0          0         72       1530   usart.o

    ----------------------------------------------------------------------
     27122       1572        684        364       9344     768375   Object Totals
         0          0         32          0          0          0   (incl. Generated)
        36          0          3          9          2          0   (incl. Padding)

    ----------------------------------------------------------------------

      Code (inc. data)   RO Data    RW Data    ZI Data      Debug   Library Member Name

        90          0          0          0          0          0   __dczerorl2.o
         8          0          0          0          0         68   __main.o
       104          0          0          0          0         84   __printf.o
         0          0          0          0          0          0   __rtentry.o
        12          0          0          0          0          0   __rtentry2.o
         6          0          0          0          0          0   __rtentry4.o
        52          8          0          0          0          0   __scatter.o
        28          0          0          0          0          0   __scatter_zi.o
        48          6          0          0          0         96   _printf_char_common.o
         6          0          0          0          0          0   _printf_d.o
       120         16          0          0          0         92   _printf_dec.o
       178          0          0          0          0         88   _printf_intcommon.o
         0          0          0          0          0          0   _printf_percent.o
         4          0          0          0          0          0   _printf_percent_end.o
        22          0          0          0          0        100   _rserrno.o
        10          0          0          0          0         68   _sputc.o
        16          0          0          0          0         68   aeabi_memset.o
        18          0          0          0          0         80   exit.o
         6          0          0          0          0        152   heapauxi.o
         0          0          0          0          0          0   indicate_semi.o
         2          0          0          0          0          0   libinit.o
         2          0          0          0          0          0   libinit2.o
         2          0          0          0          0          0   libshutdown.o
         2          0          0          0          0          0   libshutdown2.o
         8          4          0          0         96         68   libspace.o
        40          6          0          0          0         84   noretval__2sprintf.o
         8          4          0          0          0         68   rt_errno_addr_intlibspace.o
        68          0          0          0          0         68   rt_memclr.o
        78          0          0          0          0         80   rt_memclr_w.o
       138          0          0          0          0         68   rt_memcpy_v6.o
       100          0          0          0          0         80   rt_memcpy_w.o
         2          0          0          0          0          0   rtexit.o
        10          0          0          0          0          0   rtexit2.o
        62          0          0          0          0         76   strlen.o
        12          4          0          0          0         68   sys_exit.o
        74          0          0          0          0         80   sys_stackheap_outer.o
         2          0          0          0          0         68   use_no_semi.o
       450          8          0          0          0        236   faddsub_clz.o
        12          4          0          0          0         68   fcheck1.o
        24          0          0          0          0         68   fcmpi.o
       388         76          0          0          0         96   fdiv.o
        54          4          0          0          0         84   ffix.o
        48          0          0          0          0         68   fflt_clz.o
       104          4          0          0          0         84   fleqf.o
       258          4          0          0          0         84   fmul.o
       140          4          0          0          0         84   fnaninf.o
        10          0          0          0          0         68   fretinf.o
        98          0          0          0          0         68   frleqf.o
       272        100          0          0          0         88   fsqrt.o
       100          0          0          0          0         68   retnan.o
        76          0          0          0          0         68   scalbnf.o
        48          0          0          0          0         68   trapv.o
         0          0          0          0          0          0   usenofp.o
       604         76          0          0          0        116   atan2f.o
        38          0          0          0          0         68   fpclassifyf.o
        14          0          0          0          0        136   funder.o
        44          0          0          0          0         80   sqrtf.o

    ----------------------------------------------------------------------
      4130        328          0          0        100       3404   Library Totals
        10          0          0          0          4          0   (incl. Padding)

    ----------------------------------------------------------------------

      Code (inc. data)   RO Data    RW Data    ZI Data      Debug   Library Name

      1338         48          0          0         96       1704   c_w.l
      2082        204          0          0          0       1300   fz_ws.l
       700         76          0          0          0        400   m_ws.l

    ----------------------------------------------------------------------
      4130        328          0          0        100       3404   Library Totals

    ----------------------------------------------------------------------

==============================================================================


      Code (inc. data)   RO Data    RW Data    ZI Data      Debug   

     31252       1900        684        364       9444     758827   Grand Totals
     31252       1900        684         72       9444     758827   ELF Image Totals (compressed)
     31252       1900        684         72          0          0   ROM Totals

==============================================================================

    Total RO  Size (Code + RO Data)                31936 (  31.19kB)
    Total RW  Size (RW Data + ZI Data)              9808 (   9.58kB)
    Total ROM Size (Code + RO Data + RW Data)      32008 (  31.26kB)

==============================================================================

