Component: ARM Compiler 5.06 update 5 (build 528) Tool: armlink [4d35e2]

==============================================================================

Section Cross References

    main.o(i.SystemClock_Config) refers to rt_memclr_w.o(.text) for __aeabi_memclr4
    main.o(i.SystemClock_Config) refers to stm32f1xx_hal_rcc.o(i.HAL_RCC_OscConfig) for HAL_RCC_OscConfig
    main.o(i.SystemClock_Config) refers to main.o(i.Error_Handler) for Error_Handler
    main.o(i.SystemClock_Config) refers to stm32f1xx_hal_rcc.o(i.HAL_RCC_ClockConfig) for HAL_RCC_ClockConfig
    main.o(i.main) refers to stm32f1xx_hal.o(i.HAL_Init) for HAL_Init
    main.o(i.main) refers to main.o(i.SystemClock_Config) for SystemClock_Config
    main.o(i.main) refers to gpio.o(i.MX_GPIO_Init) for MX_GPIO_Init
    main.o(i.main) refers to dma.o(i.MX_DMA_Init) for MX_DMA_Init
    main.o(i.main) refers to i2c.o(i.MX_I2C1_Init) for MX_I2C1_Init
    main.o(i.main) refers to tim.o(i.MX_TIM2_Init) for MX_TIM2_Init
    main.o(i.main) refers to usart.o(i.MX_USART1_UART_Init) for MX_USART1_UART_Init
    main.o(i.main) refers to cmsis_os2.o(i.osKernelInitialize) for osKernelInitialize
    main.o(i.main) refers to freertos.o(i.MX_FREERTOS_Init) for MX_FREERTOS_Init
    main.o(i.main) refers to cmsis_os2.o(i.osKernelStart) for osKernelStart
    gpio.o(i.MX_GPIO_Init) refers to stm32f1xx_hal_gpio.o(i.HAL_GPIO_WritePin) for HAL_GPIO_WritePin
    gpio.o(i.MX_GPIO_Init) refers to stm32f1xx_hal_gpio.o(i.HAL_GPIO_Init) for HAL_GPIO_Init
    freertos.o(i.BlueStartTask01) refers to bluetooth.o(i.v_Bluetooth_Init) for v_Bluetooth_Init
    freertos.o(i.BlueStartTask01) refers to taskmy.o(i.vBlueTask) for vBlueTask
    freertos.o(i.BlueStartTask01) refers to cmsis_os2.o(i.osDelay) for osDelay
    freertos.o(i.MPUStartTask02) refers to mpu6050.o(i.vMPU6050_Init) for vMPU6050_Init
    freertos.o(i.MPUStartTask02) refers to taskmy.o(i.v_MPU6050Task) for v_MPU6050Task
    freertos.o(i.MPUStartTask02) refers to cmsis_os2.o(i.osDelay) for osDelay
    freertos.o(i.MX_FREERTOS_Init) refers to cmsis_os2.o(i.osSemaphoreNew) for osSemaphoreNew
    freertos.o(i.MX_FREERTOS_Init) refers to cmsis_os2.o(i.osMessageQueueNew) for osMessageQueueNew
    freertos.o(i.MX_FREERTOS_Init) refers to cmsis_os2.o(i.osThreadNew) for osThreadNew
    freertos.o(i.MX_FREERTOS_Init) refers to freertos.o(.constdata) for MPUBinarySem01_attributes
    freertos.o(i.MX_FREERTOS_Init) refers to freertos.o(.data) for MPUBinarySem01Handle
    freertos.o(i.MX_FREERTOS_Init) refers to freertos.o(i.StartDefaultTask) for StartDefaultTask
    freertos.o(i.MX_FREERTOS_Init) refers to freertos.o(i.BlueStartTask01) for BlueStartTask01
    freertos.o(i.MX_FREERTOS_Init) refers to freertos.o(i.MPUStartTask02) for MPUStartTask02
    freertos.o(i.MX_FREERTOS_Init) refers to freertos.o(i.PidStartTask03) for PidStartTask03
    freertos.o(i.PidStartTask03) refers to motor.o(i.Motor_Init) for Motor_Init
    freertos.o(i.PidStartTask03) refers to taskmy.o(i.v_PidTask) for v_PidTask
    freertos.o(i.PidStartTask03) refers to cmsis_os2.o(i.osDelay) for osDelay
    freertos.o(i.StartDefaultTask) refers to taskmy.o(i.LedTask) for LedTask
    freertos.o(i.StartDefaultTask) refers to cmsis_os2.o(i.osDelay) for osDelay
    freertos.o(i.StartDefaultTask) refers to motor.o(i.Motor_middle) for Motor_middle
    freertos.o(.constdata) refers to freertos.o(.conststring) for .conststring
    freertos.o(.data) refers to freertos.o(.conststring) for .conststring
    dma.o(i.MX_DMA_Init) refers to stm32f1xx_hal_cortex.o(i.HAL_NVIC_SetPriority) for HAL_NVIC_SetPriority
    dma.o(i.MX_DMA_Init) refers to stm32f1xx_hal_cortex.o(i.HAL_NVIC_EnableIRQ) for HAL_NVIC_EnableIRQ
    i2c.o(i.HAL_I2C_MspDeInit) refers to stm32f1xx_hal_gpio.o(i.HAL_GPIO_DeInit) for HAL_GPIO_DeInit
    i2c.o(i.HAL_I2C_MspDeInit) refers to stm32f1xx_hal_dma.o(i.HAL_DMA_DeInit) for HAL_DMA_DeInit
    i2c.o(i.HAL_I2C_MspInit) refers to stm32f1xx_hal_gpio.o(i.HAL_GPIO_Init) for HAL_GPIO_Init
    i2c.o(i.HAL_I2C_MspInit) refers to stm32f1xx_hal_dma.o(i.HAL_DMA_Init) for HAL_DMA_Init
    i2c.o(i.HAL_I2C_MspInit) refers to main.o(i.Error_Handler) for Error_Handler
    i2c.o(i.HAL_I2C_MspInit) refers to i2c.o(.bss) for hdma_i2c1_rx
    i2c.o(i.MX_I2C1_Init) refers to stm32f1xx_hal_i2c.o(i.HAL_I2C_Init) for HAL_I2C_Init
    i2c.o(i.MX_I2C1_Init) refers to main.o(i.Error_Handler) for Error_Handler
    i2c.o(i.MX_I2C1_Init) refers to i2c.o(.bss) for hi2c1
    tim.o(i.HAL_TIM_MspPostInit) refers to stm32f1xx_hal_gpio.o(i.HAL_GPIO_Init) for HAL_GPIO_Init
    tim.o(i.MX_TIM2_Init) refers to rt_memclr_w.o(.text) for __aeabi_memclr4
    tim.o(i.MX_TIM2_Init) refers to stm32f1xx_hal_tim.o(i.HAL_TIM_OC_Init) for HAL_TIM_OC_Init
    tim.o(i.MX_TIM2_Init) refers to main.o(i.Error_Handler) for Error_Handler
    tim.o(i.MX_TIM2_Init) refers to stm32f1xx_hal_tim_ex.o(i.HAL_TIMEx_MasterConfigSynchronization) for HAL_TIMEx_MasterConfigSynchronization
[...]
    .data                                    0x200000bc   Section        4  system_stm32f1xx.o(.data)
    .data                                    0x200000c0   Section       60  tasks.o(.data)
    pxDelayedTaskList                        0x200000c4   Data           4  tasks.o(.data)
    pxOverflowDelayedTaskList                0x200000c8   Data           4  tasks.o(.data)
    uxDeletedTasksWaitingCleanUp             0x200000cc   Data           4  tasks.o(.data)
    uxCurrentNumberOfTasks                   0x200000d0   Data           4  tasks.o(.data)
    xTickCount                               0x200000d4   Data           4  tasks.o(.data)
    uxTopReadyPriority                       0x200000d8   Data           4  tasks.o(.data)
    xSchedulerRunning                        0x200000dc   Data           4  tasks.o(.data)
    xPendedTicks                             0x200000e0   Data           4  tasks.o(.data)
    xYieldPending                            0x200000e4   Data           4  tasks.o(.data)
    xNumOfOverflows                          0x200000e8   Data           4  tasks.o(.data)
    uxTaskNumber                             0x200000ec   Data           4  tasks.o(.data)
    xNextTaskUnblockTime                     0x200000f0   Data           4  tasks.o(.data)
    xIdleTaskHandle                          0x200000f4   Data           4  tasks.o(.data)
    uxSchedulerSuspended                     0x200000f8   Data           4  tasks.o(.data)
    .data                                    0x200000fc   Section       20  timers.o(.data)
    pxCurrentTimerList                       0x200000fc   Data           4  timers.o(.data)
    pxOverflowTimerList                      0x20000100   Data           4  timers.o(.data)
    xTimerQueue                              0x20000104   Data           4  timers.o(.data)
    xTimerTaskHandle                         0x20000108   Data           4  timers.o(.data)
    xLastTime                                0x2000010c   Data           4  timers.o(.data)
    .data                                    0x20000110   Section        4  cmsis_os2.o(.data)
    KernelState                              0x20000110   Data           4  cmsis_os2.o(.data)
    .data                                    0x20000114   Section       32  heap_4.o(.data)
    xStart                                   0x20000114   Data           8  heap_4.o(.data)
    pxEnd                                    0x2000011c   Data           4  heap_4.o(.data)
    xFreeBytesRemaining                      0x20000120   Data           4  heap_4.o(.data)
    xMinimumEverFreeBytesRemaining           0x20000124   Data           4  heap_4.o(.data)
    xNumberOfSuccessfulAllocations           0x20000128   Data           4  heap_4.o(.data)
    xNumberOfSuccessfulFrees                 0x2000012c   Data           4  heap_4.o(.data)
    xBlockAllocatedBit                       0x20000130   Data           4  heap_4.o(.data)
    .data                                    0x20000134   Section       12  port.o(.data)
    uxCriticalNesting                        0x20000134   Data           4  port.o(.data)
    ucMaxSysCallPriority                     0x20000138   Data           1  port.o(.data)
    ulMaxPRIGROUPValue                       0x2000013c   Data           4  port.o(.data)
    .bss                                     0x20000140   Section      220  i2c.o(.bss)
    .bss                                     0x2000021c   Section       72  tim.o(.bss)
    .bss                                     0x20000264   Section       72  usart.o(.bss)
    .bss                                     0x200002ac   Section       14  mpu6050.o(.bss)
    MPURawBuffer                             0x200002ac   Data          14  mpu6050.o(.bss)
    .bss                                     0x200002bc   Section       64  queue.o(.bss)
    .bss                                     0x200002fc   Section     1220  tasks.o(.bss)
    pxReadyTasksLists                        0x200002fc   Data        1120  tasks.o(.bss)
    xDelayedTaskList1                        0x2000075c   Data          20  tasks.o(.bss)
    xDelayedTaskList2                        0x20000770   Data          20  tasks.o(.bss)
    xPendingReadyList                        0x20000784   Data          20  tasks.o(.bss)
    xTasksWaitingTermination                 0x20000798   Data          20  tasks.o(.bss)
    xSuspendedTaskList                       0x200007ac   Data          20  tasks.o(.bss)
    .bss                                     0x200007c0   Section      280  timers.o(.bss)
    xActiveTimerList1                        0x200007c0   Data          20  timers.o(.bss)
    xActiveTimerList2                        0x200007d4   Data          20  timers.o(.bss)
    xStaticTimerQueue                        0x200007e8   Data          80  timers.o(.bss)
    ucStaticTimerQueueStorage                0x20000838   Data         160  timers.o(.bss)
    .bss                                     0x200008d8   Section     1720  cmsis_os2.o(.bss)
    Idle_TCB                                 0x200008d8   Data          92  cmsis_os2.o(.bss)
    Idle_Stack                               0x20000934   Data         512  cmsis_os2.o(.bss)
    Timer_TCB                                0x20000b34   Data          92  cmsis_os2.o(.bss)
    Timer_Stack                              0x20000b90   Data        1024  cmsis_os2.o(.bss)
    .bss                                     0x20000f90   Section     4096  heap_4.o(.bss)
    ucHeap                                   0x20000f90   Data        4096  heap_4.o(.bss)
    .bss                                     0x20001f90   Section       96  libspace.o(.bss)
    HEAP                                     0x20001ff0   Section      512  startup_stm32f103xb.o(HEAP)
    Heap_Mem                                 0x20001ff0   Data         512  startup_stm32f103xb.o(HEAP)
    STACK                                    0x200021f0   Section     1024  startup_stm32f103xb.o(STACK)
    Stack_Mem                                0x200021f0   Data        1024  startup_stm32f103xb.o(STACK)
    __initial_sp                             0x200025f0   Data           0  startup_stm32f103xb.o(STACK)

    Global Symbols

    Symbol Name                              Value     Ov Type        Size  Object(Section)

    BuildAttributes$$THM_ISAv4$P$D$K$B$S$PE$A:L22UL41UL21$X:L11$S22US41US21$IEEE1$IW$USESV6$~STKCKD$USESV7$~SHL$OTIME$ROPI$IEEEX$EBA8$UX$STANDARDLIB$REQ8$PRES8$EABIv2 0x00000000   Number         0  anon$$obj.o ABSOLUTE
    __ARM_use_no_argv                        0x00000000   Number         0  main.o ABSOLUTE
    __ARM_exceptions_init                     - Undefined Weak Reference
    __alloca_initialize                       - Undefined Weak Reference
    __arm_preinit_                            - Undefined Weak Reference
    __cpp_initialize__aeabi_                  - Undefined Weak Reference
    __cxa_finalize                            - Undefined Weak Reference
    __rt_locale                               - Undefined Weak Reference
    __sigvec_lookup                           - Undefined Weak Reference
    _atexit_init                              - Undefined Weak Reference
    _call_atexit_fns                          - Undefined Weak Reference
    _clock_init                               - Undefined Weak Reference
    _fp_trap_init                             - Undefined Weak Reference
    _fp_trap_shutdown                         - Undefined Weak Reference
    _get_lc_collate                           - Undefined Weak Reference
    _get_lc_ctype                             - Undefined Weak Reference
    _get_lc_monetary                          - Undefined Weak Reference
    _get_lc_numeric                           - Undefined Weak Reference
    _get_lc_time                              - Undefined Weak Reference
    _getenv_init                              - Undefined Weak Reference
    _handle_redirection                       - Undefined Weak Reference
    _init_alloc                               - Undefined Weak Reference
    _init_user_alloc                          - Undefined Weak Reference
    _initio                                   - Undefined Weak Reference
    _printf_post_padding                      - Undefined Weak Reference
    _printf_pre_padding                       - Undefined Weak Reference
    _printf_truncate_signed                   - Undefined Weak Reference
    _printf_truncate_unsigned                 - Undefined Weak Reference
    _rand_init                                - Undefined Weak Reference
    _signal_finish                            - Undefined Weak Reference
    _signal_init                              - Undefined Weak Reference
    _terminate_alloc                          - Undefined Weak Reference
    _terminate_user_alloc                     - Undefined Weak Reference
    _terminateio                              - Undefined Weak Reference
    __Vectors_Size                           0x000000ec   Number         0  startup_stm32f103xb.o ABSOLUTE
    __Vectors                                0x08000000   Data           4  startup_stm32f103xb.o(RESET)
    __Vectors_End                            0x080000ec   Data           0  startup_stm32f103xb.o(RESET)
    __main                                   0x080000ed   Thumb Code     8  __main.o(!!!main)
    __scatterload                            0x080000f5   Thumb Code     0  __scatter.o(!!!scatter)
    __scatterload_rt2                        0x080000f5   Thumb Code    44  __scatter.o(!!!scatter)
    __scatterload_rt2_thumb_only             0x080000f5   Thumb Code     0  __scatter.o(!!!scatter)
    __scatterload_null                       0x08000103   Thumb Code     0  __scatter.o(!!!scatter)
    __decompress                             0x08000129   Thumb Code    90  __dczerorl2.o(!!dczerorl2)
    __decompress1                            0x08000129   Thumb Code     0  __dczerorl2.o(!!dczerorl2)
    __scatterload_zeroinit                   0x08000185   Thumb Code    28  __scatter_zi.o(!!handler_zi)
    _printf_d                                0x080001a1   Thumb Code     0  _printf_d.o(.ARM.Collect$$_printf_percent$$00000009)
    _printf_percent                          0x080001a1   Thumb Code     0  _printf_percent.o(.ARM.Collect$$_printf_percent$$00000000)
    _printf_percent_end                      0x080001a7   Thumb Code     0  _printf_percent_end.o(.ARM.Collect$$_printf_percent$$00000017)
    __rt_lib_init                            0x080001ab   Thumb Code     0  libinit.o(.ARM.Collect$$libinit$$00000000)
    __rt_lib_init_alloca_1                   0x080001ad   Thumb Code     0  libinit2.o(.ARM.Collect$$libinit$$0000002E)
    __rt_lib_init_argv_1                     0x080001ad   Thumb Code     0  libinit2.o(.ARM.Collect$$libinit$$0000002C)
    __rt_lib_init_atexit_1                   0x080001ad   Thumb Code     0  libinit2.o(.ARM.Collect$$libinit$$0000001B)
    __rt_lib_init_clock_1                    0x080001ad   Thumb Code     0  libinit2.o(.ARM.Collect$$libinit$$00000021)
    __rt_lib_init_cpp_1                      0x080001ad   Thumb Code     0  libinit2.o(.ARM.Collect$$libinit$$00000032)
    __rt_lib_init_exceptions_1               0x080001ad   Thumb Code     0  libinit2.o(.ARM.Collect$$libinit$$00000030)
    __rt_lib_init_fp_1                       0x080001ad   Thumb Code     0  libinit2.o(.ARM.Collect$$libinit$$00000002)
    __rt_lib_init_fp_trap_1                  0x080001ad   Thumb Code     0  libinit2.o(.ARM.Collect$$libinit$$0000001F)
    __rt_lib_init_getenv_1                   0x080001ad   Thumb Code     0  libinit2.o(.ARM.Collect$$libinit$$00000023)
    __rt_lib_init_heap_1                     0x080001ad   Thumb Code     0  libinit2.o(.ARM.Collect$$libinit$$0000000A)
    __rt_lib_init_lc_collate_1               0x080001ad   Thumb Code     0  libinit2.o(.ARM.Collect$$libinit$$00000011)
    __rt_lib_init_lc_ctype_1                 0x080001ad   Thumb Code     0  libinit2.o(.ARM.Collect$$libinit$$00000013)
    __rt_lib_init_lc_monetary_1              0x080001ad   Thumb Code     0  libinit2.o(.ARM.Collect$$libinit$$00000015)
    __rt_lib_init_lc_numeric_1               0x080001ad   Thumb Code     0  libinit2.o(.ARM.Collect$$libinit$$00000017)
    __rt_lib_init_lc_time_1                  0x080001ad   Thumb Code     0  libinit2.o(.ARM.Collect$$libinit$$00000019)
    __rt_lib_init_preinit_1                  0x080001ad   Thumb Code     0  libinit2.o(.ARM.Collect$$libinit$$00000004)
    __rt_lib_init_rand_1                     0x080001ad   Thumb Code     0  libinit2.o(.ARM.Collect$$libinit$$0000000E)
    __rt_lib_init_return                     0x080001ad   Thumb Code     0  libinit2.o(.ARM.Collect$$libinit$$00000033)
    __rt_lib_init_signal_1                   0x080001ad   Thumb Code     0  libinit2.o(.ARM.Collect$$libinit$$0000001D)
    __rt_lib_init_stdio_1                    0x080001ad   Thumb Code     0  libinit2.o(.ARM.Collect$$libinit$$00000025)
    __rt_lib_init_user_alloc_1               0x080001ad   Thumb Code     0  libinit2.o(.ARM.Collect$$libinit$$0000000C)
    __rt_lib_shutdown                        0x080001af   Thumb Code     0  libshutdown.o(.ARM.Collect$$libshutdown$$00000000)
    __rt_lib_shutdown_cpp_1                  0x080001b1   Thumb Code     0  libshutdown2.o(.ARM.Collect$$libshutdown$$00000002)
    __rt_lib_shutdown_fp_trap_1              0x080001b1   Thumb Code     0  libshutdown2.o(.ARM.Collect$$libshutdown$$00000007)
    __rt_lib_shutdown_heap_1                 0x080001b1   Thumb Code     0  libshutdown2.o(.ARM.Collect$$libshutdown$$0000000F)
    __rt_lib_shutdown_return                 0x080001b1   Thumb Code     0  libshutdown2.o(.ARM.Collect$$libshutdown$$00000010)
    __rt_lib_shutdown_signal_1               0x080001b1   Thumb Code     0  libshutdown2.o(.ARM.Collect$$libshutdown$$0000000A)
    __rt_lib_shutdown_stdio_1                0x080001b1   Thumb Code     0  libshutdown2.o(.ARM.Collect$$libshutdown$$00000004)
    __rt_lib_shutdown_user_alloc_1           0x080001b1   Thumb Code     0  libshutdown2.o(.ARM.Collect$$libshutdown$$0000000C)
    __rt_entry                               0x080001b3   Thumb Code     0  __rtentry.o(.ARM.Collect$$rtentry$$00000000)
    __rt_entry_presh_1                       0x080001b3   Thumb Code     0  __rtentry2.o(.ARM.Collect$$rtentry$$00000002)
    __rt_entry_sh                            0x080001b3   Thumb Code     0  __rtentry4.o(.ARM.Collect$$rtentry$$00000004)
    __rt_entry_li                            0x080001b9   Thumb Code     0  __rtentry2.o(.ARM.Collect$$rtentry$$0000000A)
    __rt_entry_postsh_1                      0x080001b9   Thumb Code     0  __rtentry2.o(.ARM.Collect$$rtentry$$00000009)
    __rt_entry_main                          0x080001bd   Thumb Code     0  __rtentry2.o(.ARM.Collect$$rtentry$$0000000D)
    __rt_entry_postli_1                      0x080001bd   Thumb Code     0  __rtentry2.o(.ARM.Collect$$rtentry$$0000000C)
    __rt_exit                                0x080001c5   Thumb Code     0  rtexit.o(.ARM.Collect$$rtexit$$00000000)
    __rt_exit_ls                             0x080001c7   Thumb Code     0  rtexit2.o(.ARM.Collect$$rtexit$$00000003)
    __rt_exit_prels_1                        0x080001c7   Thumb Code     0  rtexit2.o(.ARM.Collect$$rtexit$$00000002)
    __rt_exit_exit                           0x080001cb   Thumb Code     0  rtexit2.o(.ARM.Collect$$rtexit$$00000004)
    SVC_Handler                              0x080001d1   Thumb Code    32  port.o(.emb_text)
    __asm___6_port_c_39a90d8d__prvStartFirstTask 0x080001f5   Thumb Code    28  port.o(.emb_text)
    PendSV_Handler                           0x08000215   Thumb Code    72  port.o(.emb_text)
    vPortGetIPSR                             0x08000261   Thumb Code     6  port.o(.emb_text)
    Reset_Handler                            0x08000269   Thumb Code     8  startup_stm32f103xb.o(.text)
    ADC1_2_IRQHandler                        0x08000283   Thumb Code     0  startup_stm32f103xb.o(.text)
    CAN1_RX1_IRQHandler                      0x08000283   Thumb Code     0  startup_stm32f103xb.o(.text)
    CAN1_SCE_IRQHandler                      0x08000283   Thumb Code     0  startup_stm32f103xb.o(.text)
    DMA1_Channel1_IRQHandler                 0x08000283   Thumb Code     0  startup_stm32f103xb.o(.text)
    DMA1_Channel2_IRQHandler                 0x08000283   Thumb Code     0  startup_stm32f103xb.o(.text)
    DMA1_Channel3_IRQHandler                 0x08000283   Thumb Code     0  startup_stm32f103xb.o(.text)
    DMA1_Channel4_IRQHandler                 0x08000283   Thumb Code     0  startup_stm32f103xb.o(.text)
    DMA1_Channel5_IRQHandler                 0x08000283   Thumb Code     0  startup_stm32f103xb.o(.text)
    EXTI0_IRQHandler                         0x08000283   Thumb Code     0  startup_stm32f103xb.o(.text)
    EXTI15_10_IRQHandler                     0x08000283   Thumb Code     0  startup_stm32f103xb.o(.text)
    EXTI1_IRQHandler                         0x08000283   Thumb Code     0  startup_stm32f103xb.o(.text)
    EXTI2_IRQHandler                         0x08000283   Thumb Code     0  startup_stm32f103xb.o(.text)
    EXTI3_IRQHandler                         0x08000283   Thumb Code     0  startup_stm32f103xb.o(.text)
    EXTI4_IRQHandler                         0x08000283   Thumb Code     0  startup_stm32f103xb.o(.text)
    EXTI9_5_IRQHandler                       0x08000283   Thumb Code     0  startup_stm32f103xb.o(.text)
    FLASH_IRQHandler                         0x08000283   Thumb Code     0  startup_stm32f103xb.o(.text)
    I2C1_ER_IRQHandler                       0x08000283   Thumb Code     0  startup_stm32f103xb.o(.text)
    I2C1_EV_IRQHandler                       0x08000283   Thumb Code     0  startup_stm32f103xb.o(.text)
    I2C2_ER_IRQHandler                       0x08000283   Thumb Code     0  startup_stm32f103xb.o(.text)
    I2C2_EV_IRQHandler                       0x08000283   Thumb Code     0  startup_stm32f103xb.o(.text)
    PVD_IRQHandler                           0x08000283   Thumb Code     0  startup_stm32f103xb.o(.text)
    RCC_IRQHandler                           0x08000283   Thumb Code     0  startup_stm32f103xb.o(.text)
    RTC_Alarm_IRQHandler                     0x08000283   Thumb Code     0  startup_stm32f103xb.o(.text)
    RTC_IRQHandler                           0x08000283   Thumb Code     0  startup_stm32f103xb.o(.text)
    SPI1_IRQHandler                          0x08000283   Thumb Code     0  startup_stm32f103xb.o(.text)
    SPI2_IRQHandler                          0x08000283   Thumb Code     0  startup_stm32f103xb.o(.text)
    TAMPER_IRQHandler                        0x08000283   Thumb Code     0  startup_stm32f103xb.o(.text)
    TIM1_BRK_IRQHandler                      0x08000283   Thumb Code     0  startup_stm32f103xb.o(.text)
    TIM1_CC_IRQHandler                       0x08000283   Thumb Code     0  startup_stm32f103xb.o(.text)
    TIM1_TRG_COM_IRQHandler                  0x08000283   Thumb Code     0  startup_stm32f103xb.o(.text)
    TIM1_UP_IRQHandler                       0x08000283   Thumb Code     0  startup_stm32f103xb.o(.text)
    TIM2_IRQHandler                          0x08000283   Thumb Code     0  startup_stm32f103xb.o(.text)
    TIM3_IRQHandler                          0x08000283   Thumb Code     0  startup_stm32f103xb.o(.text)
    TIM4_IRQHandler                          0x08000283   Thumb Code     0  startup_stm32f103xb.o(.text)
    USART2_IRQHandler                        0x08000283   Thumb Code     0  startup_stm32f103xb.o(.text)
    USART3_IRQHandler                        0x08000283   Thumb Code     0  startup_stm32f103xb.o(.text)
    USBWakeUp_IRQHandler                     0x08000283   Thumb Code     0  startup_stm32f103xb.o(.text)
    USB_HP_CAN1_TX_IRQHandler                0x08000283   Thumb Code     0  startup_stm32f103xb.o(.text)
    USB_LP_CAN1_RX0_IRQHandler               0x08000283   Thumb Code     0  startup_stm32f103xb.o(.text)
    WWDG_IRQHandler                          0x08000283   Thumb Code     0  startup_stm32f103xb.o(.text)
    __user_initial_stackheap                 0x08000285   Thumb Code     0  startup_stm32f103xb.o(.text)
    __2sprintf                               0x080002a9   Thumb Code    34  noretval__2sprintf.o(.text)
    __printf                                 0x080002d1   Thumb Code   104  __printf.o(.text)
    _printf_int_dec                          0x08000339   Thumb Code   104  _printf_dec.o(.text)
    strlen                                   0x080003b1   Thumb Code    62  strlen.o(.text)
    __aeabi_memcpy                           0x080003ef   Thumb Code     0  rt_memcpy_v6.o(.text)
    __rt_memcpy                              0x080003ef   Thumb Code   138  rt_memcpy_v6.o(.text)
    _memcpy_lastbytes                        0x08000455   Thumb Code     0  rt_memcpy_v6.o(.text)
    __aeabi_memset                           0x08000479   Thumb Code    16  aeabi_memset.o(.text)
    __aeabi_memclr4                          0x08000489   Thumb Code     0  rt_memclr_w.o(.text)
    __aeabi_memclr8                          0x08000489   Thumb Code     0  rt_memclr_w.o(.text)
    __rt_memclr_w                            0x08000489   Thumb Code    78  rt_memclr_w.o(.text)
    _memset_w                                0x0800048d   Thumb Code     0  rt_memclr_w.o(.text)
    __use_two_region_memory                  0x080004d7   Thumb Code     2  heapauxi.o(.text)
    __rt_heap_escrow$2region                 0x080004d9   Thumb Code     2  heapauxi.o(.text)
    __rt_heap_expand$2region                 0x080004db   Thumb Code     2  heapauxi.o(.text)
    __read_errno                             0x080004dd   Thumb Code    10  _rserrno.o(.text)
    __set_errno                              0x080004e7   Thumb Code    12  _rserrno.o(.text)
    _printf_int_common                       0x080004f3   Thumb Code   178  _printf_intcommon.o(.text)
    _printf_char_common                      0x080005af   Thumb Code    32  _printf_char_common.o(.text)
    _sputc                                   0x080005d5   Thumb Code    10  _sputc.o(.text)
    __aeabi_memcpy4                          0x080005df   Thumb Code     0  rt_memcpy_w.o(.text)
    __aeabi_memcpy8                          0x080005df   Thumb Code     0  rt_memcpy_w.o(.text)
    __rt_memcpy_w                            0x080005df   Thumb Code   100  rt_memcpy_w.o(.text)
    _memcpy_lastbytes_aligned                0x08000627   Thumb Code     0  rt_memcpy_w.o(.text)
    __aeabi_memclr                           0x08000643   Thumb Code     0  rt_memclr.o(.text)
    __rt_memclr                              0x08000643   Thumb Code    68  rt_memclr.o(.text)
    _memset                                  0x08000647   Thumb Code     0  rt_memclr.o(.text)
    __aeabi_errno_addr                       0x08000689   Thumb Code     8  rt_errno_addr_intlibspace.o(.text)
    __errno$intlibspace                      0x08000689   Thumb Code     0  rt_errno_addr_intlibspace.o(.text)
    __rt_errno_addr$intlibspace              0x08000689   Thumb Code     0  rt_errno_addr_intlibspace.o(.text)
    __user_libspace                          0x08000691   Thumb Code     8  libspace.o(.text)
    __user_perproc_libspace                  0x08000691   Thumb Code     0  libspace.o(.text)
    __user_perthread_libspace                0x08000691   Thumb Code     0  libspace.o(.text)
    __user_setup_stackheap                   0x08000699   Thumb Code    74  sys_stackheap_outer.o(.text)
    exit                                     0x080006e3   Thumb Code    18  exit.o(.text)
    _sys_exit                                0x080006f5   Thumb Code     8  sys_exit.o(.text)
    __I$use$semihosting                      0x08000701   Thumb Code     0  use_no_semi.o(.text)
    __use_no_semihosting_swi                 0x08000701   Thumb Code     2  use_no_semi.o(.text)
    __semihosting_library_function           0x08000703   Thumb Code     0  indicate_semi.o(.text)
    Analyse_Date_pid                         0x08000705   Thumb Code    70  motor.o(i.Analyse_Date_pid)
    BlueStartTask01                          0x08000755   Thumb Code    18  freertos.o(i.BlueStartTask01)
    BusFault_Handler                         0x08000767   Thumb Code     4  stm32f1xx_it.o(i.BusFault_Handler)
    DMA1_Channel6_IRQHandler                 0x0800076d   Thumb Code    10  stm32f1xx_it.o(i.DMA1_Channel6_IRQHandler)
    DMA1_Channel7_IRQHandler                 0x0800077d   Thumb Code    10  stm32f1xx_it.o(i.DMA1_Channel7_IRQHandler)
    DebugMon_Handler                         0x0800078d   Thumb Code     2  stm32f1xx_it.o(i.DebugMon_Handler)
    Error_Handler                            0x0800078f   Thumb Code     6  main.o(i.Error_Handler)
    HAL_DMA_Abort                            0x08000795   Thumb Code    86  stm32f1xx_hal_dma.o(i.HAL_DMA_Abort)
    HAL_DMA_Abort_IT                         0x080007ed   Thumb Code   172  stm32f1xx_hal_dma.o(i.HAL_DMA_Abort_IT)
    HAL_DMA_IRQHandler                       0x0800089d   Thumb Code   408  stm32f1xx_hal_dma.o(i.HAL_DMA_IRQHandler)
    HAL_DMA_Init                             0x08000a39   Thumb Code   100  stm32f1xx_hal_dma.o(i.HAL_DMA_Init)
    HAL_GPIO_Init                            0x08000aa1   Thumb Code   766  stm32f1xx_hal_gpio.o(i.HAL_GPIO_Init)
    HAL_GPIO_WritePin                        0x08000dc1   Thumb Code    12  stm32f1xx_hal_gpio.o(i.HAL_GPIO_WritePin)
    HAL_GetTick                              0x08000dcd   Thumb Code     6  stm32f1xx_hal.o(i.HAL_GetTick)
    HAL_I2C_Init                             0x08000dd9   Thumb Code   446  stm32f1xx_hal_i2c.o(i.HAL_I2C_Init)
    HAL_I2C_Mem_Read                         0x08000fa9   Thumb Code   868  stm32f1xx_hal_i2c.o(i.HAL_I2C_Mem_Read)
    HAL_I2C_Mem_Write                        0x0800131d   Thumb Code   348  stm32f1xx_hal_i2c.o(i.HAL_I2C_Mem_Write)
    HAL_I2C_MspInit                          0x08001481   Thumb Code   206  i2c.o(i.HAL_I2C_MspInit)
    HAL_IncTick                              0x08001569   Thumb Code    16  stm32f1xx_hal.o(i.HAL_IncTick)
    HAL_Init                                 0x08001581   Thumb Code    34  stm32f1xx_hal.o(i.HAL_Init)
    HAL_InitTick                             0x080015a9   Thumb Code    64  stm32f1xx_hal.o(i.HAL_InitTick)
    HAL_MspInit                              0x080015f5   Thumb Code    86  stm32f1xx_hal_msp.o(i.HAL_MspInit)
    HAL_NVIC_EnableIRQ                       0x08001655   Thumb Code    32  stm32f1xx_hal_cortex.o(i.HAL_NVIC_EnableIRQ)
    HAL_NVIC_SetPriority                     0x08001675   Thumb Code   124  stm32f1xx_hal_cortex.o(i.HAL_NVIC_SetPriority)
    HAL_NVIC_SetPriorityGrouping             0x080016f1   Thumb Code    32  stm32f1xx_hal_cortex.o(i.HAL_NVIC_SetPriorityGrouping)
    HAL_RCC_ClockConfig                      0x08001719   Thumb Code   376  stm32f1xx_hal_rcc.o(i.HAL_RCC_ClockConfig)
    HAL_RCC_GetHCLKFreq                      0x080018a5   Thumb Code     6  stm32f1xx_hal_rcc.o(i.HAL_RCC_GetHCLKFreq)
    HAL_RCC_GetPCLK1Freq                     0x080018b1   Thumb Code    22  stm32f1xx_hal_rcc.o(i.HAL_RCC_GetPCLK1Freq)
    HAL_RCC_GetPCLK2Freq                     0x080018d1   Thumb Code    22  stm32f1xx_hal_rcc.o(i.HAL_RCC_GetPCLK2Freq)
    HAL_RCC_GetSysClockFreq                  0x080018f1   Thumb Code    92  stm32f1xx_hal_rcc.o(i.HAL_RCC_GetSysClockFreq)
    HAL_RCC_OscConfig                        0x08001961   Thumb Code  1114  stm32f1xx_hal_rcc.o(i.HAL_RCC_OscConfig)
    HAL_SYSTICK_Config                       0x08001dc5   Thumb Code    52  stm32f1xx_hal_cortex.o(i.HAL_SYSTICK_Config)
    HAL_TIMEx_MasterConfigSynchronization    0x08001df9   Thumb Code   118  stm32f1xx_hal_tim_ex.o(i.HAL_TIMEx_MasterConfigSynchronization)
    HAL_TIM_MspPostInit                      0x08001e7d   Thumb Code    74  tim.o(i.HAL_TIM_MspPostInit)
    HAL_TIM_OC_ConfigChannel                 0x08001ed1   Thumb Code   112  stm32f1xx_hal_tim.o(i.HAL_TIM_OC_ConfigChannel)
    HAL_TIM_OC_Init                          0x08001f41   Thumb Code   102  stm32f1xx_hal_tim.o(i.HAL_TIM_OC_Init)
    HAL_TIM_OC_MspInit                       0x08001fa9   Thumb Code    40  tim.o(i.HAL_TIM_OC_MspInit)
    HAL_TIM_PWM_Start                        0x08001fd5   Thumb Code   198  stm32f1xx_hal_tim.o(i.HAL_TIM_PWM_Start)
    HAL_UARTEx_RxEventCallback               0x080020a9   Thumb Code     2  stm32f1xx_hal_uart.o(i.HAL_UARTEx_RxEventCallback)
    HAL_UART_ErrorCallback                   0x080020ab   Thumb Code     2  stm32f1xx_hal_uart.o(i.HAL_UART_ErrorCallback)
    HAL_UART_IRQHandler                      0x080020ad   Thumb Code   736  stm32f1xx_hal_uart.o(i.HAL_UART_IRQHandler)
    HAL_UART_Init                            0x08002391   Thumb Code   118  stm32f1xx_hal_uart.o(i.HAL_UART_Init)
    HAL_UART_MspInit                         0x08002409   Thumb Code   138  usart.o(i.HAL_UART_MspInit)
    HAL_UART_Receive_IT                      0x080024a1   Thumb Code    44  stm32f1xx_hal_uart.o(i.HAL_UART_Receive_IT)
    HAL_UART_RxCpltCallback                  0x080024cd   Thumb Code   148  bluetooth.o(i.HAL_UART_RxCpltCallback)
    HAL_UART_Transmit                        0x08002571   Thumb Code   190  stm32f1xx_hal_uart.o(i.HAL_UART_Transmit)
    HAL_UART_TxCpltCallback                  0x0800262f   Thumb Code     2  stm32f1xx_hal_uart.o(i.HAL_UART_TxCpltCallback)
    Hanlde_Motor                             0x08002631   Thumb Code   282  motor.o(i.Hanlde_Motor)
    Hanlde_Motorapp                          0x08002751   Thumb Code   280  motor.o(i.Hanlde_Motorapp)
    HardFault_Handler                        0x08002875   Thumb Code     4  stm32f1xx_it.o(i.HardFault_Handler)
    LedTask                                  0x08002e09   Thumb Code    78  taskmy.o(i.LedTask)
    MPUStartTask02                           0x08002e61   Thumb Code    18  freertos.o(i.MPUStartTask02)
    MX_DMA_Init                              0x08002e75   Thumb Code    64  dma.o(i.MX_DMA_Init)
    MX_FREERTOS_Init                         0x08002eb9   Thumb Code   116  freertos.o(i.MX_FREERTOS_Init)
    MX_GPIO_Init                             0x08002f7d   Thumb Code   238  gpio.o(i.MX_GPIO_Init)
    MX_I2C1_Init                             0x08003081   Thumb Code    48  i2c.o(i.MX_I2C1_Init)
    MX_TIM2_Init                             0x080030bd   Thumb Code   162  tim.o(i.MX_TIM2_Init)
    MX_USART1_UART_Init                      0x08003165   Thumb Code    46  usart.o(i.MX_USART1_UART_Init)
    MemManage_Handler                        0x0800319d   Thumb Code     4  stm32f1xx_it.o(i.MemManage_Handler)
    Motor_Init                               0x080031a1   Thumb Code    68  motor.o(i.Motor_Init)
    Motor_middle                             0x080031e9   Thumb Code    36  motor.o(i.Motor_middle)
    NMI_Handler                              0x0800320d   Thumb Code     4  stm32f1xx_it.o(i.NMI_Handler)
    PidStartTask03                           0x08003211   Thumb Code    18  freertos.o(i.PidStartTask03)
    StartDefaultTask                         0x0800324d   Thumb Code    18  freertos.o(i.StartDefaultTask)
    SysTick_Handler                          0x0800325f   Thumb Code    20  stm32f1xx_it.o(i.SysTick_Handler)
    SystemClock_Config                       0x08003273   Thumb Code    80  main.o(i.SystemClock_Config)
    SystemInit                               0x080032c3   Thumb Code     2  system_stm32f1xx.o(i.SystemInit)
    TIM_Base_SetConfig                       0x080032c5   Thumb Code   120  stm32f1xx_hal_tim.o(i.TIM_Base_SetConfig)
    TIM_CCxChannelCmd                        0x08003349   Thumb Code    34  stm32f1xx_hal_tim.o(i.TIM_CCxChannelCmd)
    TIM_OC2_SetConfig                        0x080033cd   Thumb Code   100  stm32f1xx_hal_tim.o(i.TIM_OC2_SetConfig)
    UART_Start_Receive_IT                    0x0800377d   Thumb Code    64  stm32f1xx_hal_uart.o(i.UART_Start_Receive_IT)
    USART1_IRQHandler                        0x080038a9   Thumb Code    10  stm32f1xx_it.o(i.USART1_IRQHandler)
    UsageFault_Handler                       0x080038b9   Thumb Code     4  stm32f1xx_it.o(i.UsageFault_Handler)
    __ARM_fpclassifyf                        0x080038bd   Thumb Code    38  fpclassifyf.o(i.__ARM_fpclassifyf)
    __mathlib_flt_infnan2                    0x08003923   Thumb Code     4  funder.o(i.__mathlib_flt_infnan2)
    __mathlib_flt_underflow                  0x08003927   Thumb Code    10  funder.o(i.__mathlib_flt_underflow)
    atan2f                                   0x08003931   Thumb Code   528  atan2f.o(i.atan2f)
    main                                     0x08003bb1   Thumb Code    44  main.o(i.main)
    osDelay                                  0x08003bdd   Thumb Code    30  cmsis_os2.o(i.osDelay)
    osKernelInitialize                       0x08003bfd   Thumb Code    38  cmsis_os2.o(i.osKernelInitialize)
    osKernelStart                            0x08003c29   Thumb Code    82  cmsis_os2.o(i.osKernelStart)
    osMessageQueueGet                        0x08003c89   Thumb Code   124  cmsis_os2.o(i.osMessageQueueGet)
    osMessageQueueNew                        0x08003d09   Thumb Code   154  cmsis_os2.o(i.osMessageQueueNew)
    osMessageQueuePut                        0x08003da5   Thumb Code   128  cmsis_os2.o(i.osMessageQueuePut)
    osSemaphoreNew                           0x08003e29   Thumb Code   204  cmsis_os2.o(i.osSemaphoreNew)
    osThreadNew                              0x08003ef5   Thumb Code   184  cmsis_os2.o(i.osThreadNew)
    pvPortMalloc                             0x080049d1   Thumb Code   306  heap_4.o(i.pvPortMalloc)
    pxPortInitialiseStack                    0x08004b1d   Thumb Code    30  port.o(i.pxPortInitialiseStack)
    return_CCR                               0x08004b41   Thumb Code    64  motor.o(i.return_CCR)
    sqrtf                                    0x08004b85   Thumb Code    44  sqrtf.o(i.sqrtf)
    ucMPU6050_Probe                          0x08004bb1   Thumb Code    36  mpu6050.o(i.ucMPU6050_Probe)
    uxListRemove                             0x08004c15   Thumb Code    40  list.o(i.uxListRemove)
    vApplicationGetIdleTaskMemory            0x08004c3d   Thumb Code    14  cmsis_os2.o(i.vApplicationGetIdleTaskMemory)
    vApplicationGetTimerTaskMemory           0x08004c55   Thumb Code    16  cmsis_os2.o(i.vApplicationGetTimerTaskMemory)
    vBlueTask                                0x08004c6d   Thumb Code   206  taskmy.o(i.vBlueTask)
    vListInitialise                          0x08004d4d   Thumb Code    26  list.o(i.vListInitialise)
    vListInitialiseItem                      0x08004d67   Thumb Code     6  list.o(i.vListInitialiseItem)
    vListInsert                              0x08004d6d   Thumb Code    52  list.o(i.vListInsert)
    vListInsertEnd                           0x08004da1   Thumb Code    24  list.o(i.vListInsertEnd)
    vMPU6050_Init                            0x08004db9   Thumb Code    54  mpu6050.o(i.vMPU6050_Init)
    vMPU6050_Read                            0x08004df1   Thumb Code   144  mpu6050.o(i.vMPU6050_Read)
    vMPU6050_UpdateAngles                    0x08004e89   Thumb Code   378  pid.o(i.vMPU6050_UpdateAngles)
    vMPU6050_WriteReg                        0x0800501d   Thumb Code    36  mpu6050.o(i.vMPU6050_WriteReg)
    vPortEnterCritical                       0x08005045   Thumb Code    76  port.o(i.vPortEnterCritical)
    vPortExitCritical                        0x08005099   Thumb Code    56  port.o(i.vPortExitCritical)
    vPortFree                                0x080050d5   Thumb Code   150  heap_4.o(i.vPortFree)
    vPortSetupTimerInterrupt                 0x08005179   Thumb Code    36  port.o(i.vPortSetupTimerInterrupt)
    vPortValidateInterruptPriority           0x080051a1   Thumb Code   106  port.o(i.vPortValidateInterruptPriority)
    vQueueAddToRegistry                      0x08005219   Thumb Code    38  queue.o(i.vQueueAddToRegistry)
    vQueueDelete                             0x08005245   Thumb Code    50  queue.o(i.vQueueDelete)
    vQueueUnregisterQueue                    0x08005279   Thumb Code    44  queue.o(i.vQueueUnregisterQueue)
    vQueueWaitForMessageRestricted           0x080052a9   Thumb Code    74  queue.o(i.vQueueWaitForMessageRestricted)
    vTaskDelay                               0x080052f5   Thumb Code    82  tasks.o(i.vTaskDelay)
    vTaskInternalSetTimeOutState             0x08005351   Thumb Code    14  tasks.o(i.vTaskInternalSetTimeOutState)
    vTaskMissedYield                         0x08005369   Thumb Code     8  tasks.o(i.vTaskMissedYield)
    vTaskPlaceOnEventList                    0x08005375   Thumb Code    52  tasks.o(i.vTaskPlaceOnEventList)
    vTaskPlaceOnEventListRestricted          0x080053ad   Thumb Code    60  tasks.o(i.vTaskPlaceOnEventListRestricted)
    vTaskStartScheduler                      0x080053ed   Thumb Code   156  tasks.o(i.vTaskStartScheduler)
    vTaskSuspendAll                          0x080054a5   Thumb Code    12  tasks.o(i.vTaskSuspendAll)
    vTaskSwitchContext                       0x080054b5   Thumb Code   122  tasks.o(i.vTaskSwitchContext)
    v_Bluetooth_Init                         0x08005545   Thumb Code    28  bluetooth.o(i.v_Bluetooth_Init)
    v_Bluetooth_Process                      0x08005575   Thumb Code    92  bluetooth.o(i.v_Bluetooth_Process)
    v_MPU6050Task                            0x08005611   Thumb Code    40  taskmy.o(i.v_MPU6050Task)
    v_PidTask                                0x08005641   Thumb Code    92  taskmy.o(i.v_PidTask)
    xPortStartScheduler                      0x080056a5   Thumb Code   228  port.o(i.xPortStartScheduler)
    xPortSysTickHandler                      0x0800579d   Thumb Code    46  port.o(i.xPortSysTickHandler)
    xQueueCreateCountingSemaphore            0x080057d1   Thumb Code    92  queue.o(i.xQueueCreateCountingSemaphore)
    xQueueCreateCountingSemaphoreStatic      0x0800582d   Thumb Code   100  queue.o(i.xQueueCreateCountingSemaphoreStatic)
    xQueueGenericCreate                      0x08005891   Thumb Code    90  queue.o(i.xQueueGenericCreate)
    xQueueGenericCreateStatic                0x080058eb   Thumb Code   224  queue.o(i.xQueueGenericCreateStatic)
    xQueueGenericReset                       0x080059cd   Thumb Code   146  queue.o(i.xQueueGenericReset)
    xQueueGenericSend                        0x08005a65   Thumb Code   420  queue.o(i.xQueueGenericSend)
    xQueueGenericSendFromISR                 0x08005c0d   Thumb Code   252  queue.o(i.xQueueGenericSendFromISR)
    xQueueReceive                            0x08005d09   Thumb Code   356  queue.o(i.xQueueReceive)
    xQueueReceiveFromISR                     0x08005e71   Thumb Code   202  queue.o(i.xQueueReceiveFromISR)
    xTaskCheckForTimeOut                     0x08005f3d   Thumb Code   132  tasks.o(i.xTaskCheckForTimeOut)
    xTaskCreate                              0x08005fc9   Thumb Code   100  tasks.o(i.xTaskCreate)
    xTaskCreateStatic                        0x0800602d   Thumb Code   186  tasks.o(i.xTaskCreateStatic)
    xTaskGetSchedulerState                   0x080060e9   Thumb Code    24  tasks.o(i.xTaskGetSchedulerState)
    xTaskGetTickCount                        0x08006109   Thumb Code     6  tasks.o(i.xTaskGetTickCount)
    xTaskIncrementTick                       0x08006115   Thumb Code   280  tasks.o(i.xTaskIncrementTick)
    xTaskPriorityDisinherit                  0x08006259   Thumb Code   152  tasks.o(i.xTaskPriorityDisinherit)
    xTaskRemoveFromEventList                 0x080062fd   Thumb Code   126  tasks.o(i.xTaskRemoveFromEventList)
    xTaskResumeAll                           0x08006395   Thumb Code   222  tasks.o(i.xTaskResumeAll)
    xTimerCreateTimerTask                    0x08006499   Thumb Code   100  timers.o(i.xTimerCreateTimerTask)
    xTimerGenericCommand                     0x08006511   Thumb Code   128  timers.o(i.xTimerGenericCommand)
    __aeabi_dadd                             0x08006595   Thumb Code     0  daddsub_clz.o(x$fpl$dadd)
    _dadd                                    0x08006595   Thumb Code   332  daddsub_clz.o(x$fpl$dadd)
    __fpl_dcmp_Inf                           0x080066e5   Thumb Code    24  dcmpi.o(x$fpl$dcmpinf)
    __aeabi_d2uiz                            0x080066fd   Thumb Code     0  dfixu.o(x$fpl$dfixu)
    _dfixu                                   0x080066fd   Thumb Code    90  dfixu.o(x$fpl$dfixu)
    __aeabi_ui2d                             0x08006757   Thumb Code     0  dflt_clz.o(x$fpl$dfltu)
    _dfltu                                   0x08006757   Thumb Code    38  dflt_clz.o(x$fpl$dfltu)
    __aeabi_cdcmple                          0x0800677d   Thumb Code     0  dleqf.o(x$fpl$dleqf)
    _dcmple                                  0x0800677d   Thumb Code   120  dleqf.o(x$fpl$dleqf)
    __fpl_dcmple_InfNaN                      0x080067df   Thumb Code     0  dleqf.o(x$fpl$dleqf)
    __fpl_dnaninf                            0x080067f5   Thumb Code   156  dnaninf.o(x$fpl$dnaninf)
    __fpl_dretinf                            0x08006891   Thumb Code    12  dretinf.o(x$fpl$dretinf)
    __aeabi_cdrcmple                         0x0800689d   Thumb Code     0  drleqf.o(x$fpl$drleqf)
    _drcmple                                 0x0800689d   Thumb Code   108  drleqf.o(x$fpl$drleqf)
    __aeabi_dsub                             0x08006909   Thumb Code     0  daddsub_clz.o(x$fpl$dsub)
    _dsub                                    0x08006909   Thumb Code   464  daddsub_clz.o(x$fpl$dsub)
    __aeabi_fadd                             0x08006add   Thumb Code     0  faddsub_clz.o(x$fpl$fadd)
    _fadd                                    0x08006add   Thumb Code   196  faddsub_clz.o(x$fpl$fadd)
    __fpl_fcheck_NaN1                        0x08006ba1   Thumb Code     6  fcheck1.o(x$fpl$fcheck1)
    __fpl_fcmp_Inf                           0x08006bad   Thumb Code    24  fcmpi.o(x$fpl$fcmpinf)
    __aeabi_fdiv                             0x08006bc5   Thumb Code     0  fdiv.o(x$fpl$fdiv)
    _fdiv                                    0x08006bc5   Thumb Code   384  fdiv.o(x$fpl$fdiv)
    __aeabi_f2iz                             0x08006d49   Thumb Code     0  ffix.o(x$fpl$ffix)
    _ffix                                    0x08006d49   Thumb Code    54  ffix.o(x$fpl$ffix)
    __aeabi_i2f                              0x08006d81   Thumb Code     0  fflt_clz.o(x$fpl$fflt)
    _fflt                                    0x08006d81   Thumb Code    48  fflt_clz.o(x$fpl$fflt)
    __aeabi_cfcmple                          0x08006db1   Thumb Code     0  fleqf.o(x$fpl$fleqf)
    _fcmple                                  0x08006db1   Thumb Code   104  fleqf.o(x$fpl$fleqf)
    __fpl_fcmple_InfNaN                      0x08006e03   Thumb Code     0  fleqf.o(x$fpl$fleqf)
    __aeabi_fmul                             0x08006e19   Thumb Code     0  fmul.o(x$fpl$fmul)
    _fmul                                    0x08006e19   Thumb Code   258  fmul.o(x$fpl$fmul)
    __fpl_fnaninf                            0x08006f1b   Thumb Code   140  fnaninf.o(x$fpl$fnaninf)
    __fpl_fretinf                            0x08006fa7   Thumb Code    10  fretinf.o(x$fpl$fretinf)
    __aeabi_cfrcmple                         0x08006fb1   Thumb Code     0  frleqf.o(x$fpl$frleqf)
    _frcmple                                 0x08006fb1   Thumb Code    98  frleqf.o(x$fpl$frleqf)
    __aeabi_frsub                            0x08007013   Thumb Code     0  faddsub_clz.o(x$fpl$frsb)
    _frsb                                    0x08007013   Thumb Code    20  faddsub_clz.o(x$fpl$frsb)
    _fsqrt                                   0x08007029   Thumb Code   272  fsqrt.o(x$fpl$fsqrt)
    __aeabi_fsub                             0x08007139   Thumb Code     0  faddsub_clz.o(x$fpl$fsub)
    _fsub                                    0x08007139   Thumb Code   234  faddsub_clz.o(x$fpl$fsub)
    __fpl_return_NaN                         0x08007223   Thumb Code   100  retnan.o(x$fpl$retnan)
    __ARM_scalbnf                            0x08007287   Thumb Code    76  scalbnf.o(x$fpl$scalbnf)
    __fpl_cmpreturn                          0x080072d3   Thumb Code    48  trapv.o(x$fpl$trapveneer)
    __I$use$fp                               0x08007302   Number         0  usenofp.o(x$fpl$usenofp)
    defaultTask_attributes                   0x08007304   Data          36  freertos.o(.constdata)
    BlueTask01_attributes                    0x08007328   Data          36  freertos.o(.constdata)
    MPUTask02_attributes                     0x0800734c   Data          36  freertos.o(.constdata)
    PidTask03_attributes                     0x08007370   Data          36  freertos.o(.constdata)
    BlueQueue01_attributes                   0x08007394   Data          24  freertos.o(.constdata)
    MPUQueue02_attributes                    0x080073ac   Data          24  freertos.o(.constdata)
    MPUBinarySem01_attributes                0x080073c4   Data          16  freertos.o(.constdata)
    BlueCountingSem01_attributes             0x080073d4   Data          16  freertos.o(.constdata)
    AHBPrescTable                            0x080073f6   Data          16  system_stm32f1xx.o(.constdata)
    APBPrescTable                            0x08007406   Data           8  system_stm32f1xx.o(.constdata)
    Region$$Table$$Base                      0x080074bc   Number         0  anon$$obj.o(Region$$Table)
    Region$$Table$$Limit                     0x080074dc   Number         0  anon$$obj.o(Region$$Table)
    defaultTaskHandle                        0x20000028   Data           4  freertos.o(.data)
    BlueTask01Handle                         0x2000002c   Data           4  freertos.o(.data)
    MPUTask02Handle                          0x20000030   Data           4  freertos.o(.data)
    PidTask03Handle                          0x20000034   Data           4  freertos.o(.data)
    BlueQueue01Handle                        0x20000038   Data           4  freertos.o(.data)
    MPUQueue02Handle                         0x2000003c   Data           4  freertos.o(.data)
    MPUBinarySem01Handle                     0x20000040   Data           4  freertos.o(.data)
    BlueCountingSem01Handle                  0x20000044   Data           4  freertos.o(.data)
    uwTick                                   0x200000b0   Data           4  stm32f1xx_hal.o(.data)
    uwTickPrio                               0x200000b4   Data           4  stm32f1xx_hal.o(.data)
    uwTickFreq                               0x200000b8   Data           1  stm32f1xx_hal.o(.data)
    SystemCoreClock                          0x200000bc   Data           4  system_stm32f1xx.o(.data)
    pxCurrentTCB                             0x200000c0   Data           4  tasks.o(.data)
    hi2c1                                    0x20000140   Data          84  i2c.o(.bss)
    hdma_i2c1_rx                             0x20000194   Data          68  i2c.o(.bss)
    hdma_i2c1_tx                             0x200001d8   Data          68  i2c.o(.bss)
    htim2                                    0x2000021c   Data          72  tim.o(.bss)
    huart1                                   0x20000264   Data          72  usart.o(.bss)
    xQueueRegistry                           0x200002bc   Data          64  queue.o(.bss)
    __libspace_start                         0x20001f90   Data          96  libspace.o(.bss)
    __temporary_stack_top$libspace           0x20001ff0   Data           0  libspace.o(.bss)



==============================================================================

Memory Map of the image

  Image Entry point : 0x080000ed

  Load Region LR_IROM1 (Base: 0x08000000, Size: 0x0000761c, Max: 0x00010000, ABSOLUTE, COMPRESSED[0x0000750c])

    Execution Region ER_IROM1 (Exec base: 0x08000000, Load base: 0x08000000, Size: 0x000074dc, Max: 0x00010000, ABSOLUTE)

    Exec Addr    Load Addr    Size         Type   Attr      Idx    E Section Name        Object

    0x08000000   0x08000000   0x000000ec   Data   RO          821    RESET               startup_stm32f103xb.o
    0x080000ec   0x080000ec   0x00000008   Code   RO         5587  * !!!main             c_w.l(__main.o)
    0x080000f4   0x080000f4   0x00000034   Code   RO         5867    !!!scatter          c_w.l(__scatter.o)
    0x08000128   0x08000128   0x0000005a   Code   RO         5865    !!dczerorl2         c_w.l(__dczerorl2.o)
    0x08000182   0x08000182   0x00000002   PAD
    0x08000184   0x08000184   0x0000001c   Code   RO         5869    !!handler_zi        c_w.l(__scatter_zi.o)
    0x080001a0   0x080001a0   0x00000000   Code   RO         5574    .ARM.Collect$$_printf_percent$$00000000  c_w.l(_printf_percent.o)
    0x080001a0   0x080001a0   0x00000006   Code   RO         5573    .ARM.Collect$$_printf_percent$$00000009  c_w.l(_printf_d.o)
    0x080001a6   0x080001a6   0x00000004   Code   RO         5660    .ARM.Collect$$_printf_percent$$00000017  c_w.l(_printf_percent_end.o)
    0x080001aa   0x080001aa   0x00000002   Code   RO         5732    .ARM.Collect$$libinit$$00000000  c_w.l(libinit.o)
    0x080001ac   0x080001ac   0x00000000   Code   RO         5738    .ARM.Collect$$libinit$$00000002  c_w.l(libinit2.o)
    0x080001ac   0x080001ac   0x00000000   Code   RO         5740    .ARM.Collect$$libinit$$00000004  c_w.l(libinit2.o)
    0x080001ac   0x080001ac   0x00000000   Code   RO         5743    .ARM.Collect$$libinit$$0000000A  c_w.l(libinit2.o)
    0x080001ac   0x080001ac   0x00000000   Code   RO         5745    .ARM.Collect$$libinit$$0000000C  c_w.l(libinit2.o)
    0x080001ac   0x080001ac   0x00000000   Code   RO         5747    .ARM.Collect$$libinit$$0000000E  c_w.l(libinit2.o)
    0x080001ac   0x080001ac   0x00000000   Code   RO         5750    .ARM.Collect$$libinit$$00000011  c_w.l(libinit2.o)
    0x080001ac   0x080001ac   0x00000000   Code   RO         5752    .ARM.Collect$$libinit$$00000013  c_w.l(libinit2.o)
    0x080001ac   0x080001ac   0x00000000   Code   RO         5754    .ARM.Collect$$libinit$$00000015  c_w.l(libinit2.o)
    0x080001ac   0x080001ac   0x00000000   Code   RO         5756    .ARM.Collect$$libinit$$00000017  c_w.l(libinit2.o)
    0x080001ac   0x080001ac   0x00000000   Code   RO         5758    .ARM.Collect$$libinit$$00000019  c_w.l(libinit2.o)
    0x080001ac   0x080001ac   0x00000000   Code   RO         5760    .ARM.Collect$$libinit$$0000001B  c_w.l(libinit2.o)
    0x080001ac   0x080001ac   0x00000000   Code   RO         5762    .ARM.Collect$$libinit$$0000001D  c_w.l(libinit2.o)
    0x080001ac   0x080001ac   0x00000000   Code   RO         5764    .ARM.Collect$$libinit$$0000001F  c_w.l(libinit2.o)
    0x080001ac   0x080001ac   0x00000000   Code   RO         5766    .ARM.Collect$$libinit$$00000021  c_w.l(libinit2.o)
    0x080001ac   0x080001ac   0x00000000   Code   RO         5768    .ARM.Collect$$libinit$$00000023  c_w.l(libinit2.o)
    0x080001ac   0x080001ac   0x00000000   Code   RO         5770    .ARM.Collect$$libinit$$00000025  c_w.l(libinit2.o)
    0x080001ac   0x080001ac   0x00000000   Code   RO         5774    .ARM.Collect$$libinit$$0000002C  c_w.l(libinit2.o)
    0x080001ac   0x080001ac   0x00000000   Code   RO         5776    .ARM.Collect$$libinit$$0000002E  c_w.l(libinit2.o)
    0x080001ac   0x080001ac   0x00000000   Code   RO         5778    .ARM.Collect$$libinit$$00000030  c_w.l(libinit2.o)
    0x080001ac   0x080001ac   0x00000000   Code   RO         5780    .ARM.Collect$$libinit$$00000032  c_w.l(libinit2.o)
    0x080001ac   0x080001ac   0x00000002   Code   RO         5781    .ARM.Collect$$libinit$$00000033  c_w.l(libinit2.o)
    0x080001ae   0x080001ae   0x00000002   Code   RO         5805    .ARM.Collect$$libshutdown$$00000000  c_w.l(libshutdown.o)
    0x080001b0   0x080001b0   0x00000000   Code   RO         5818    .ARM.Collect$$libshutdown$$00000002  c_w.l(libshutdown2.o)
    0x080001b0   0x080001b0   0x00000000   Code   RO         5820    .ARM.Collect$$libshutdown$$00000004  c_w.l(libshutdown2.o)
    0x080001b0   0x080001b0   0x00000000   Code   RO         5823    .ARM.Collect$$libshutdown$$00000007  c_w.l(libshutdown2.o)
    0x080001b0   0x080001b0   0x00000000   Code   RO         5826    .ARM.Collect$$libshutdown$$0000000A  c_w.l(libshutdown2.o)
    0x080001b0   0x080001b0   0x00000000   Code   RO         5828    .ARM.Collect$$libshutdown$$0000000C  c_w.l(libshutdown2.o)
    0x080001b0   0x080001b0   0x00000000   Code   RO         5831    .ARM.Collect$$libshutdown$$0000000F  c_w.l(libshutdown2.o)
    0x080001b0   0x080001b0   0x00000002   Code   RO         5832    .ARM.Collect$$libshutdown$$00000010  c_w.l(libshutdown2.o)
    0x080001b2   0x080001b2   0x00000000   Code   RO         5651    .ARM.Collect$$rtentry$$00000000  c_w.l(__rtentry.o)
    0x080001b2   0x080001b2   0x00000000   Code   RO         5697    .ARM.Collect$$rtentry$$00000002  c_w.l(__rtentry2.o)
    0x080001b2   0x080001b2   0x00000006   Code   RO         5709    .ARM.Collect$$rtentry$$00000004  c_w.l(__rtentry4.o)
    0x080001b8   0x080001b8   0x00000000   Code   RO         5699    .ARM.Collect$$rtentry$$00000009  c_w.l(__rtentry2.o)
    0x080001b8   0x080001b8   0x00000004   Code   RO         5700    .ARM.Collect$$rtentry$$0000000A  c_w.l(__rtentry2.o)
    0x080001bc   0x080001bc   0x00000000   Code   RO         5702    .ARM.Collect$$rtentry$$0000000C  c_w.l(__rtentry2.o)
    0x080001bc   0x080001bc   0x00000008   Code   RO         5703    .ARM.Collect$$rtentry$$0000000D  c_w.l(__rtentry2.o)
    0x080001c4   0x080001c4   0x00000002   Code   RO         5735    .ARM.Collect$$rtexit$$00000000  c_w.l(rtexit.o)
    0x080001c6   0x080001c6   0x00000000   Code   RO         5785    .ARM.Collect$$rtexit$$00000002  c_w.l(rtexit2.o)
    0x080001c6   0x080001c6   0x00000004   Code   RO         5786    .ARM.Collect$$rtexit$$00000003  c_w.l(rtexit2.o)
    0x080001ca   0x080001ca   0x00000006   Code   RO         5787    .ARM.Collect$$rtexit$$00000004  c_w.l(rtexit2.o)
    0x080001d0   0x080001d0   0x00000096   Code   RO         5464    .emb_text           port.o
    0x08000266   0x08000266   0x00000002   PAD
    0x08000268   0x08000268   0x00000040   Code   RO          822    .text               startup_stm32f103xb.o
    0x080002a8   0x080002a8   0x00000028   Code   RO         5547    .text               c_w.l(noretval__2sprintf.o)
    0x080002d0   0x080002d0   0x00000068   Code   RO         5549    .text               c_w.l(__printf.o)
    0x08000338   0x08000338   0x00000078   Code   RO         5551    .text               c_w.l(_printf_dec.o)
    0x080003b0   0x080003b0   0x0000003e   Code   RO         5575    .text               c_w.l(strlen.o)
    0x080003ee   0x080003ee   0x0000008a   Code   RO         5577    .text               c_w.l(rt_memcpy_v6.o)
    0x08000478   0x08000478   0x00000010   Code   RO         5581    .text               c_w.l(aeabi_memset.o)
    0x08000488   0x08000488   0x0000004e   Code   RO         5583    .text               c_w.l(rt_memclr_w.o)
    0x080004d6   0x080004d6   0x00000006   Code   RO         5585    .text               c_w.l(heapauxi.o)
    0x080004dc   0x080004dc   0x00000016   Code   RO         5652    .text               c_w.l(_rserrno.o)
    0x080004f2   0x080004f2   0x000000b2   Code   RO         5654    .text               c_w.l(_printf_intcommon.o)
    0x080005a4   0x080005a4   0x00000030   Code   RO         5656    .text               c_w.l(_printf_char_common.o)
    0x080005d4   0x080005d4   0x0000000a   Code   RO         5658    .text               c_w.l(_sputc.o)
    0x080005de   0x080005de   0x00000064   Code   RO         5661    .text               c_w.l(rt_memcpy_w.o)
    0x08000642   0x08000642   0x00000044   Code   RO         5663    .text               c_w.l(rt_memclr.o)
    0x08000686   0x08000686   0x00000002   PAD
    0x08000688   0x08000688   0x00000008   Code   RO         5714    .text               c_w.l(rt_errno_addr_intlibspace.o)
    0x08000690   0x08000690   0x00000008   Code   RO         5720    .text               c_w.l(libspace.o)
    0x08000698   0x08000698   0x0000004a   Code   RO         5723    .text               c_w.l(sys_stackheap_outer.o)
    0x080006e2   0x080006e2   0x00000012   Code   RO         5725    .text               c_w.l(exit.o)
    0x080006f4   0x080006f4   0x0000000c   Code   RO         5797    .text               c_w.l(sys_exit.o)
    0x08000700   0x08000700   0x00000002   Code   RO         5808    .text               c_w.l(use_no_semi.o)
    0x08000702   0x08000702   0x00000000   Code   RO         5810    .text               c_w.l(indicate_semi.o)
    0x08000702   0x08000702   0x00000002   PAD
    0x08000704   0x08000704   0x00000050   Code   RO          609    i.Analyse_Date_pid  motor.o
    0x08000754   0x08000754   0x00000012   Code   RO          208    i.BlueStartTask01   freertos.o
    0x08000766   0x08000766   0x00000004   Code   RO          451    i.BusFault_Handler  stm32f1xx_it.o
    0x0800076a   0x0800076a   0x00000002   PAD
    0x0800076c   0x0800076c   0x00000010   Code   RO          452    i.DMA1_Channel6_IRQHandler  stm32f1xx_it.o
    0x0800077c   0x0800077c   0x00000010   Code   RO          453    i.DMA1_Channel7_IRQHandler  stm32f1xx_it.o
    0x0800078c   0x0800078c   0x00000002   Code   RO          454    i.DebugMon_Handler  stm32f1xx_it.o
    0x0800078e   0x0800078e   0x00000006   Code   RO            4    i.Error_Handler     main.o
    0x08000794   0x08000794   0x00000056   Code   RO         1251    i.HAL_DMA_Abort     stm32f1xx_hal_dma.o
    0x080007ea   0x080007ea   0x00000002   PAD
    0x080007ec   0x080007ec   0x000000b0   Code   RO         1252    i.HAL_DMA_Abort_IT  stm32f1xx_hal_dma.o
    0x0800089c   0x0800089c   0x0000019c   Code   RO         1256    i.HAL_DMA_IRQHandler  stm32f1xx_hal_dma.o
    0x08000a38   0x08000a38   0x00000068   Code   RO         1257    i.HAL_DMA_Init      stm32f1xx_hal_dma.o
    0x08000aa0   0x08000aa0   0x00000320   Code   RO         1187    i.HAL_GPIO_Init     stm32f1xx_hal_gpio.o
    0x08000dc0   0x08000dc0   0x0000000c   Code   RO         1191    i.HAL_GPIO_WritePin  stm32f1xx_hal_gpio.o
    0x08000dcc   0x08000dcc   0x0000000c   Code   RO          876    i.HAL_GetTick       stm32f1xx_hal.o
    0x08000dd8   0x08000dd8   0x000001d0   Code   RO         1884    i.HAL_I2C_Init      stm32f1xx_hal_i2c.o
    0x08000fa8   0x08000fa8   0x00000374   Code   RO         1902    i.HAL_I2C_Mem_Read  stm32f1xx_hal_i2c.o
    0x0800131c   0x0800131c   0x00000164   Code   RO         1905    i.HAL_I2C_Mem_Write  stm32f1xx_hal_i2c.o
    0x08001480   0x08001480   0x000000e8   Code   RO          320    i.HAL_I2C_MspInit   i2c.o
    0x08001568   0x08001568   0x00000018   Code   RO          882    i.HAL_IncTick       stm32f1xx_hal.o
    0x08001580   0x08001580   0x00000028   Code   RO          883    i.HAL_Init          stm32f1xx_hal.o
    0x080015a8   0x080015a8   0x0000004c   Code   RO          884    i.HAL_InitTick      stm32f1xx_hal.o
    0x080015f4   0x080015f4   0x00000060   Code   RO          533    i.HAL_MspInit       stm32f1xx_hal_msp.o
    0x08001654   0x08001654   0x00000020   Code   RO         1347    i.HAL_NVIC_EnableIRQ  stm32f1xx_hal_cortex.o
    0x08001674   0x08001674   0x0000007c   Code   RO         1353    i.HAL_NVIC_SetPriority  stm32f1xx_hal_cortex.o
    0x080016f0   0x080016f0   0x00000028   Code   RO         1354    i.HAL_NVIC_SetPriorityGrouping  stm32f1xx_hal_cortex.o
    0x08001718   0x08001718   0x0000018c   Code   RO         1040    i.HAL_RCC_ClockConfig  stm32f1xx_hal_rcc.o
    0x080018a4   0x080018a4   0x0000000c   Code   RO         1045    i.HAL_RCC_GetHCLKFreq  stm32f1xx_hal_rcc.o
    0x080018b0   0x080018b0   0x00000020   Code   RO         1047    i.HAL_RCC_GetPCLK1Freq  stm32f1xx_hal_rcc.o
    0x080018d0   0x080018d0   0x00000020   Code   RO         1048    i.HAL_RCC_GetPCLK2Freq  stm32f1xx_hal_rcc.o
    0x080018f0   0x080018f0   0x00000070   Code   RO         1049    i.HAL_RCC_GetSysClockFreq  stm32f1xx_hal_rcc.o
    0x08001960   0x08001960   0x00000464   Code   RO         1052    i.HAL_RCC_OscConfig  stm32f1xx_hal_rcc.o
    0x08001dc4   0x08001dc4   0x00000034   Code   RO         1358    i.HAL_SYSTICK_Config  stm32f1xx_hal_cortex.o
    0x08001df8   0x08001df8   0x00000084   Code   RO         3086    i.HAL_TIMEx_MasterConfigSynchronization  stm32f1xx_hal_tim_ex.o
    0x08001e7c   0x08001e7c   0x00000054   Code   RO          361    i.HAL_TIM_MspPostInit  tim.o
    0x08001ed0   0x08001ed0   0x00000070   Code   RO         2401    i.HAL_TIM_OC_ConfigChannel  stm32f1xx_hal_tim.o
    0x08001f40   0x08001f40   0x00000066   Code   RO         2405    i.HAL_TIM_OC_Init   stm32f1xx_hal_tim.o
    0x08001fa6   0x08001fa6   0x00000002   PAD
    0x08001fa8   0x08001fa8   0x0000002c   Code   RO          363    i.HAL_TIM_OC_MspInit  tim.o
    0x08001fd4   0x08001fd4   0x000000d4   Code   RO         2432    i.HAL_TIM_PWM_Start  stm32f1xx_hal_tim.o
    0x080020a8   0x080020a8   0x00000002   Code   RO         3346    i.HAL_UARTEx_RxEventCallback  stm32f1xx_hal_uart.o
    0x080020aa   0x080020aa   0x00000002   Code   RO         3360    i.HAL_UART_ErrorCallback  stm32f1xx_hal_uart.o
    0x080020ac   0x080020ac   0x000002e4   Code   RO         3363    i.HAL_UART_IRQHandler  stm32f1xx_hal_uart.o
    0x08002390   0x08002390   0x00000076   Code   RO         3364    i.HAL_UART_Init     stm32f1xx_hal_uart.o
    0x08002406   0x08002406   0x00000002   PAD
    0x08002408   0x08002408   0x00000098   Code   RO          410    i.HAL_UART_MspInit  usart.o
    0x080024a0   0x080024a0   0x0000002c   Code   RO         3369    i.HAL_UART_Receive_IT  stm32f1xx_hal_uart.o
    0x080024cc   0x080024cc   0x000000a4   Code   RO          557    i.HAL_UART_RxCpltCallback  bluetooth.o
    0x08002570   0x08002570   0x000000be   Code   RO         3372    i.HAL_UART_Transmit  stm32f1xx_hal_uart.o
    0x0800262e   0x0800262e   0x00000002   Code   RO         3375    i.HAL_UART_TxCpltCallback  stm32f1xx_hal_uart.o
    0x08002630   0x08002630   0x00000120   Code   RO          610    i.Hanlde_Motor      motor.o
    0x08002750   0x08002750   0x00000124   Code   RO          611    i.Hanlde_Motorapp   motor.o
    0x08002874   0x08002874   0x00000004   Code   RO          455    i.HardFault_Handler  stm32f1xx_it.o
    0x08002878   0x08002878   0x0000003e   Code   RO         1928    i.I2C_IsAcknowledgeFailed  stm32f1xx_hal_i2c.o
    0x080028b6   0x080028b6   0x00000002   PAD
    0x080028b8   0x080028b8   0x00000160   Code   RO         1939    i.I2C_RequestMemoryRead  stm32f1xx_hal_i2c.o
    0x08002a18   0x08002a18   0x000000e0   Code   RO         1940    i.I2C_RequestMemoryWrite  stm32f1xx_hal_i2c.o
    0x08002af8   0x08002af8   0x00000066   Code   RO         1948    i.I2C_WaitOnBTFFlagUntilTimeout  stm32f1xx_hal_i2c.o
    0x08002b5e   0x08002b5e   0x000000be   Code   RO         1949    i.I2C_WaitOnFlagUntilTimeout  stm32f1xx_hal_i2c.o
    0x08002c1c   0x08002c1c   0x000000fa   Code   RO         1950    i.I2C_WaitOnMasterAddressFlagUntilTimeout  stm32f1xx_hal_i2c.o
    0x08002d16   0x08002d16   0x0000008a   Code   RO         1951    i.I2C_WaitOnRXNEFlagUntilTimeout  stm32f1xx_hal_i2c.o
    0x08002da0   0x08002da0   0x00000066   Code   RO         1954    i.I2C_WaitOnTXEFlagUntilTimeout  stm32f1xx_hal_i2c.o
    0x08002e06   0x08002e06   0x00000002   PAD
    0x08002e08   0x08002e08   0x00000058   Code   RO          770    i.LedTask           taskmy.o
    0x08002e60   0x08002e60   0x00000012   Code   RO          209    i.MPUStartTask02    freertos.o
    0x08002e72   0x08002e72   0x00000002   PAD
    0x08002e74   0x08002e74   0x00000044   Code   RO          295    i.MX_DMA_Init       dma.o
    0x08002eb8   0x08002eb8   0x000000c4   Code   RO          210    i.MX_FREERTOS_Init  freertos.o
    0x08002f7c   0x08002f7c   0x00000104   Code   RO          184    i.MX_GPIO_Init      gpio.o
    0x08003080   0x08003080   0x0000003c   Code   RO          321    i.MX_I2C1_Init      i2c.o
    0x080030bc   0x080030bc   0x000000a8   Code   RO          364    i.MX_TIM2_Init      tim.o
    0x08003164   0x08003164   0x00000038   Code   RO          411    i.MX_USART1_UART_Init  usart.o
    0x0800319c   0x0800319c   0x00000004   Code   RO          456    i.MemManage_Handler  stm32f1xx_it.o
    0x080031a0   0x080031a0   0x00000048   Code   RO          612    i.Motor_Init        motor.o
    0x080031e8   0x080031e8   0x00000024   Code   RO          614    i.Motor_middle      motor.o
    0x0800320c   0x0800320c   0x00000004   Code   RO          457    i.NMI_Handler       stm32f1xx_it.o
    0x08003210   0x08003210   0x00000012   Code   RO          211    i.PidStartTask03    freertos.o
    0x08003222   0x08003222   0x00000002   PAD
    0x08003224   0x08003224   0x00000028   Code   RO         1053    i.RCC_Delay         stm32f1xx_hal_rcc.o
    0x0800324c   0x0800324c   0x00000012   Code   RO          212    i.StartDefaultTask  freertos.o
    0x0800325e   0x0800325e   0x00000014   Code   RO          458    i.SysTick_Handler   stm32f1xx_it.o
    0x08003272   0x08003272   0x00000050   Code   RO            5    i.SystemClock_Config  main.o
    0x080032c2   0x080032c2   0x00000002   Code   RO         3708    i.SystemInit        system_stm32f1xx.o
    0x080032c4   0x080032c4   0x00000084   Code   RO         2445    i.TIM_Base_SetConfig  stm32f1xx_hal_tim.o
    0x08003348   0x08003348   0x00000022   Code   RO         2446    i.TIM_CCxChannelCmd  stm32f1xx_hal_tim.o
    0x0800336a   0x0800336a   0x00000002   PAD
    0x0800336c   0x0800336c   0x00000060   Code   RO         2458    i.TIM_OC1_SetConfig  stm32f1xx_hal_tim.o
    0x080033cc   0x080033cc   0x00000068   Code   RO         2459    i.TIM_OC2_SetConfig  stm32f1xx_hal_tim.o
    0x08003434   0x08003434   0x00000068   Code   RO         2460    i.TIM_OC3_SetConfig  stm32f1xx_hal_tim.o
    0x0800349c   0x0800349c   0x00000048   Code   RO         2461    i.TIM_OC4_SetConfig  stm32f1xx_hal_tim.o
    0x080034e4   0x080034e4   0x00000014   Code   RO         3377    i.UART_DMAAbortOnError  stm32f1xx_hal_uart.o
    0x080034f8   0x080034f8   0x0000006c   Code   RO         3387    i.UART_EndRxTransfer  stm32f1xx_hal_uart.o
    0x08003564   0x08003564   0x00000020   Code   RO         3388    i.UART_EndTransmit_IT  stm32f1xx_hal_uart.o
    0x08003584   0x08003584   0x000000fc   Code   RO         3390    i.UART_Receive_IT   stm32f1xx_hal_uart.o
    0x08003680   0x08003680   0x000000fc   Code   RO         3391    i.UART_SetConfig    stm32f1xx_hal_uart.o
    0x0800377c   0x0800377c   0x00000040   Code   RO         3393    i.UART_Start_Receive_IT  stm32f1xx_hal_uart.o
    0x080037bc   0x080037bc   0x00000060   Code   RO         3394    i.UART_Transmit_IT  stm32f1xx_hal_uart.o
    0x0800381c   0x0800381c   0x0000008c   Code   RO         3395    i.UART_WaitOnFlagUntilTimeout  stm32f1xx_hal_uart.o
    0x080038a8   0x080038a8   0x00000010   Code   RO          459    i.USART1_IRQHandler  stm32f1xx_it.o
    0x080038b8   0x080038b8   0x00000004   Code   RO          460    i.UsageFault_Handler  stm32f1xx_it.o
    0x080038bc   0x080038bc   0x00000026   Code   RO         5680    i.__ARM_fpclassifyf  m_ws.l(fpclassifyf.o)
    0x080038e2   0x080038e2   0x00000002   PAD
    0x080038e4   0x080038e4   0x00000010   Code   RO         1360    i.__NVIC_GetPriorityGrouping  stm32f1xx_hal_cortex.o
    0x080038f4   0x080038f4   0x00000028   Code   RO         1361    i.__NVIC_SetPriority  stm32f1xx_hal_cortex.o
    0x0800391c   0x0800391c   0x00000006   Code   RO         4889    i.__get_IPSR        cmsis_os2.o
    0x08003922   0x08003922   0x00000004   Code   RO         5684    i.__mathlib_flt_infnan2  m_ws.l(funder.o)
    0x08003926   0x08003926   0x0000000a   Code   RO         5688    i.__mathlib_flt_underflow  m_ws.l(funder.o)
    0x08003930   0x08003930   0x0000025c   Code   RO         5636    i.atan2f            m_ws.l(atan2f.o)
    0x08003b8c   0x08003b8c   0x00000024   Code   RO          690    i.eMPU6050_ReadReg  mpu6050.o
    0x08003bb0   0x08003bb0   0x0000002c   Code   RO            6    i.main              main.o
    0x08003bdc   0x08003bdc   0x0000001e   Code   RO         4890    i.osDelay           cmsis_os2.o
    0x08003bfa   0x08003bfa   0x00000002   PAD
    0x08003bfc   0x08003bfc   0x0000002c   Code   RO         4904    i.osKernelInitialize  cmsis_os2.o
    0x08003c28   0x08003c28   0x00000060   Code   RO         4907    i.osKernelStart     cmsis_os2.o
    0x08003c88   0x08003c88   0x00000080   Code   RO         4919    i.osMessageQueueGet  cmsis_os2.o
    0x08003d08   0x08003d08   0x0000009a   Code   RO         4924    i.osMessageQueueNew  cmsis_os2.o
    0x08003da2   0x08003da2   0x00000002   PAD
    0x08003da4   0x08003da4   0x00000084   Code   RO         4925    i.osMessageQueuePut  cmsis_os2.o
    0x08003e28   0x08003e28   0x000000cc   Code   RO         4935    i.osSemaphoreNew    cmsis_os2.o
    0x08003ef4   0x08003ef4   0x000000b8   Code   RO         4949    i.osThreadNew       cmsis_os2.o
    0x08003fac   0x08003fac   0x0000007c   Code   RO         4325    i.prvAddCurrentTaskToDelayedList  tasks.o
    0x08004028   0x08004028   0x000000b8   Code   RO         4326    i.prvAddNewTaskToReadyList  tasks.o
    0x080040e0   0x080040e0   0x00000074   Code   RO         4701    i.prvCheckForValidListAndQueue  timers.o
    0x08004154   0x08004154   0x00000048   Code   RO         4327    i.prvCheckTasksWaitingTermination  tasks.o
    0x0800419c   0x0800419c   0x0000002a   Code   RO         3912    i.prvCopyDataFromQueue  queue.o
    0x080041c6   0x080041c6   0x0000007e   Code   RO         3913    i.prvCopyDataToQueue  queue.o
    0x08004244   0x08004244   0x00000050   Code   RO         4328    i.prvDeleteTCB      tasks.o
    0x08004294   0x08004294   0x00000028   Code   RO         4702    i.prvGetNextExpireTime  timers.o
    0x080042bc   0x080042bc   0x0000007c   Code   RO         5409    i.prvHeapInit       heap_4.o
    0x08004338   0x08004338   0x00000028   Code   RO         4329    i.prvIdleTask       tasks.o
    0x08004360   0x08004360   0x0000002a   Code   RO         3916    i.prvInitialiseNewQueue  queue.o
    0x0800438a   0x0800438a   0x000000be   Code   RO         4330    i.prvInitialiseNewTask  tasks.o
    0x08004448   0x08004448   0x00000068   Code   RO         4331    i.prvInitialiseTaskLists  tasks.o
    0x080044b0   0x080044b0   0x00000068   Code   RO         5410    i.prvInsertBlockIntoFreeList  heap_4.o
    0x08004518   0x08004518   0x00000058   Code   RO         4704    i.prvInsertTimerInActiveList  timers.o
    0x08004570   0x08004570   0x0000001a   Code   RO         3917    i.prvIsQueueEmpty   queue.o
    0x0800458a   0x0800458a   0x0000001e   Code   RO         3918    i.prvIsQueueFull    queue.o
    0x080045a8   0x080045a8   0x00000074   Code   RO         4705    i.prvProcessExpiredTimer  timers.o
    0x0800461c   0x0800461c   0x00000164   Code   RO         4706    i.prvProcessReceivedCommands  timers.o
    0x08004780   0x08004780   0x00000074   Code   RO         4707    i.prvProcessTimerOrBlockTask  timers.o
    0x080047f4   0x080047f4   0x00000034   Code   RO         4333    i.prvResetNextTaskUnblockTime  tasks.o
    0x08004828   0x08004828   0x0000002c   Code   RO         4708    i.prvSampleTimeNow  timers.o
    0x08004854   0x08004854   0x000000a4   Code   RO         4709    i.prvSwitchTimerLists  timers.o
    0x080048f8   0x080048f8   0x00000040   Code   RO         5465    i.prvTaskExitError  port.o
    0x08004938   0x08004938   0x0000001a   Code   RO         4710    i.prvTimerTask      timers.o
    0x08004952   0x08004952   0x0000007e   Code   RO         3919    i.prvUnlockQueue    queue.o
    0x080049d0   0x080049d0   0x0000014c   Code   RO         5411    i.pvPortMalloc      heap_4.o
    0x08004b1c   0x08004b1c   0x00000024   Code   RO         5466    i.pxPortInitialiseStack  port.o
    0x08004b40   0x08004b40   0x00000044   Code   RO          617    i.return_CCR        motor.o
    0x08004b84   0x08004b84   0x0000002c   Code   RO         5644    i.sqrtf             m_ws.l(sqrtf.o)
    0x08004bb0   0x08004bb0   0x00000024   Code   RO          691    i.ucMPU6050_Probe   mpu6050.o
    0x08004bd4   0x08004bd4   0x00000040   Code   RO          558    i.uc_CmdQueuePop    bluetooth.o
    0x08004c14   0x08004c14   0x00000028   Code   RO         3872    i.uxListRemove      list.o
    0x08004c3c   0x08004c3c   0x00000018   Code   RO         4961    i.vApplicationGetIdleTaskMemory  cmsis_os2.o
    0x08004c54   0x08004c54   0x00000018   Code   RO         4962    i.vApplicationGetTimerTaskMemory  cmsis_os2.o
    0x08004c6c   0x08004c6c   0x000000e0   Code   RO          771    i.vBlueTask         taskmy.o
    0x08004d4c   0x08004d4c   0x0000001a   Code   RO         3873    i.vListInitialise   list.o
    0x08004d66   0x08004d66   0x00000006   Code   RO         3874    i.vListInitialiseItem  list.o
    0x08004d6c   0x08004d6c   0x00000034   Code   RO         3875    i.vListInsert       list.o
    0x08004da0   0x08004da0   0x00000018   Code   RO         3876    i.vListInsertEnd    list.o
    0x08004db8   0x08004db8   0x00000036   Code   RO          692    i.vMPU6050_Init     mpu6050.o
    0x08004dee   0x08004dee   0x00000002   PAD
    0x08004df0   0x08004df0   0x00000098   Code   RO          693    i.vMPU6050_Read     mpu6050.o
    0x08004e88   0x08004e88   0x00000194   Code   RO          745    i.vMPU6050_UpdateAngles  pid.o
    0x0800501c   0x0800501c   0x00000028   Code   RO          694    i.vMPU6050_WriteReg  mpu6050.o
    0x08005044   0x08005044   0x00000054   Code   RO         5468    i.vPortEnterCritical  port.o
    0x08005098   0x08005098   0x0000003c   Code   RO         5469    i.vPortExitCritical  port.o
    0x080050d4   0x080050d4   0x000000a4   Code   RO         5412    i.vPortFree         heap_4.o
    0x08005178   0x08005178   0x00000028   Code   RO         5470    i.vPortSetupTimerInterrupt  port.o
    0x080051a0   0x080051a0   0x00000078   Code   RO         5471    i.vPortValidateInterruptPriority  port.o
    0x08005218   0x08005218   0x0000002c   Code   RO         3925    i.vQueueAddToRegistry  queue.o
    0x08005244   0x08005244   0x00000032   Code   RO         3926    i.vQueueDelete      queue.o
    0x08005276   0x08005276   0x00000002   PAD
    0x08005278   0x08005278   0x00000030   Code   RO         3928    i.vQueueUnregisterQueue  queue.o
    0x080052a8   0x080052a8   0x0000004a   Code   RO         3929    i.vQueueWaitForMessageRestricted  queue.o
    0x080052f2   0x080052f2   0x00000002   PAD
    0x080052f4   0x080052f4   0x0000005c   Code   RO         4346    i.vTaskDelay        tasks.o
    0x08005350   0x08005350   0x00000018   Code   RO         4351    i.vTaskInternalSetTimeOutState  tasks.o
    0x08005368   0x08005368   0x0000000c   Code   RO         4352    i.vTaskMissedYield  tasks.o
    0x08005374   0x08005374   0x00000038   Code   RO         4354    i.vTaskPlaceOnEventList  tasks.o
    0x080053ac   0x080053ac   0x00000040   Code   RO         4355    i.vTaskPlaceOnEventListRestricted  tasks.o
    0x080053ec   0x080053ec   0x000000b8   Code   RO         4363    i.vTaskStartScheduler  tasks.o
    0x080054a4   0x080054a4   0x00000010   Code   RO         4365    i.vTaskSuspendAll   tasks.o
    0x080054b4   0x080054b4   0x00000090   Code   RO         4366    i.vTaskSwitchContext  tasks.o
    0x08005544   0x08005544   0x00000030   Code   RO          559    i.v_Bluetooth_Init  bluetooth.o
    0x08005574   0x08005574   0x00000064   Code   RO          560    i.v_Bluetooth_Process  bluetooth.o
    0x080055d8   0x080055d8   0x00000038   Code   RO          561    i.v_CmdQueuePush    bluetooth.o
    0x08005610   0x08005610   0x00000030   Code   RO          772    i.v_MPU6050Task     taskmy.o
    0x08005640   0x08005640   0x00000064   Code   RO          773    i.v_PidTask         taskmy.o
    0x080056a4   0x080056a4   0x000000f8   Code   RO         5472    i.xPortStartScheduler  port.o
    0x0800579c   0x0800579c   0x00000034   Code   RO         5473    i.xPortSysTickHandler  port.o
    0x080057d0   0x080057d0   0x0000005c   Code   RO         3930    i.xQueueCreateCountingSemaphore  queue.o
    0x0800582c   0x0800582c   0x00000064   Code   RO         3931    i.xQueueCreateCountingSemaphoreStatic  queue.o
    0x08005890   0x08005890   0x0000005a   Code   RO         3934    i.xQueueGenericCreate  queue.o
    0x080058ea   0x080058ea   0x000000e0   Code   RO         3935    i.xQueueGenericCreateStatic  queue.o
    0x080059ca   0x080059ca   0x00000002   PAD
    0x080059cc   0x080059cc   0x00000098   Code   RO         3936    i.xQueueGenericReset  queue.o
    0x08005a64   0x08005a64   0x000001a8   Code   RO         3937    i.xQueueGenericSend  queue.o
    0x08005c0c   0x08005c0c   0x000000fc   Code   RO         3938    i.xQueueGenericSendFromISR  queue.o
    0x08005d08   0x08005d08   0x00000168   Code   RO         3947    i.xQueueReceive     queue.o
    0x08005e70   0x08005e70   0x000000ca   Code   RO         3948    i.xQueueReceiveFromISR  queue.o
    0x08005f3a   0x08005f3a   0x00000002   PAD
    0x08005f3c   0x08005f3c   0x0000008c   Code   RO         4368    i.xTaskCheckForTimeOut  tasks.o
    0x08005fc8   0x08005fc8   0x00000064   Code   RO         4369    i.xTaskCreate       tasks.o
    0x0800602c   0x0800602c   0x000000ba   Code   RO         4370    i.xTaskCreateStatic  tasks.o
    0x080060e6   0x080060e6   0x00000002   PAD
    0x080060e8   0x080060e8   0x00000020   Code   RO         4374    i.xTaskGetSchedulerState  tasks.o
    0x08006108   0x08006108   0x0000000c   Code   RO         4375    i.xTaskGetTickCount  tasks.o
    0x08006114   0x08006114   0x00000144   Code   RO         4377    i.xTaskIncrementTick  tasks.o
    0x08006258   0x08006258   0x000000a4   Code   RO         4380    i.xTaskPriorityDisinherit  tasks.o
    0x080062fc   0x080062fc   0x00000098   Code   RO         4382    i.xTaskRemoveFromEventList  tasks.o
    0x08006394   0x08006394   0x00000104   Code   RO         4383    i.xTaskResumeAll    tasks.o
    0x08006498   0x08006498   0x00000078   Code   RO         4719    i.xTimerCreateTimerTask  timers.o
    0x08006510   0x08006510   0x00000084   Code   RO         4720    i.xTimerGenericCommand  timers.o
    0x08006594   0x08006594   0x00000150   Code   RO         5589    x$fpl$dadd          fz_ws.l(daddsub_clz.o)
    0x080066e4   0x080066e4   0x00000018   Code   RO         5665    x$fpl$dcmpinf       fz_ws.l(dcmpi.o)
    0x080066fc   0x080066fc   0x0000005a   Code   RO         5595    x$fpl$dfixu         fz_ws.l(dfixu.o)
    0x08006756   0x08006756   0x00000026   Code   RO         5599    x$fpl$dfltu         fz_ws.l(dflt_clz.o)
    0x0800677c   0x0800677c   0x00000078   Code   RO         5605    x$fpl$dleqf         fz_ws.l(dleqf.o)
    0x080067f4   0x080067f4   0x0000009c   Code   RO         5667    x$fpl$dnaninf       fz_ws.l(dnaninf.o)
    0x08006890   0x08006890   0x0000000c   Code   RO         5669    x$fpl$dretinf       fz_ws.l(dretinf.o)
    0x0800689c   0x0800689c   0x0000006c   Code   RO         5607    x$fpl$drleqf        fz_ws.l(drleqf.o)
    0x08006908   0x08006908   0x000001d4   Code   RO         5591    x$fpl$dsub          fz_ws.l(daddsub_clz.o)
    0x08006adc   0x08006adc   0x000000c4   Code   RO         5609    x$fpl$fadd          fz_ws.l(faddsub_clz.o)
    0x08006ba0   0x08006ba0   0x0000000c   Code   RO         5733    x$fpl$fcheck1       fz_ws.l(fcheck1.o)
    0x08006bac   0x08006bac   0x00000018   Code   RO         5671    x$fpl$fcmpinf       fz_ws.l(fcmpi.o)
    0x08006bc4   0x08006bc4   0x00000184   Code   RO         5616    x$fpl$fdiv          fz_ws.l(fdiv.o)
    0x08006d48   0x08006d48   0x00000036   Code   RO         5619    x$fpl$ffix          fz_ws.l(ffix.o)
    0x08006d7e   0x08006d7e   0x00000002   PAD
    0x08006d80   0x08006d80   0x00000030   Code   RO         5624    x$fpl$fflt          fz_ws.l(fflt_clz.o)
    0x08006db0   0x08006db0   0x00000068   Code   RO         5629    x$fpl$fleqf         fz_ws.l(fleqf.o)
    0x08006e18   0x08006e18   0x00000102   Code   RO         5631    x$fpl$fmul          fz_ws.l(fmul.o)
    0x08006f1a   0x08006f1a   0x0000008c   Code   RO         5673    x$fpl$fnaninf       fz_ws.l(fnaninf.o)
    0x08006fa6   0x08006fa6   0x0000000a   Code   RO         5675    x$fpl$fretinf       fz_ws.l(fretinf.o)
    0x08006fb0   0x08006fb0   0x00000062   Code   RO         5633    x$fpl$frleqf        fz_ws.l(frleqf.o)
    0x08007012   0x08007012   0x00000014   Code   RO         5610    x$fpl$frsb          fz_ws.l(faddsub_clz.o)
    0x08007026   0x08007026   0x00000002   PAD
    0x08007028   0x08007028   0x00000110   Code   RO         5677    x$fpl$fsqrt         fz_ws.l(fsqrt.o)
    0x08007138   0x08007138   0x000000ea   Code   RO         5611    x$fpl$fsub          fz_ws.l(faddsub_clz.o)
    0x08007222   0x08007222   0x00000064   Code   RO         5782    x$fpl$retnan        fz_ws.l(retnan.o)
    0x08007286   0x08007286   0x0000004c   Code   RO         5718    x$fpl$scalbnf       fz_ws.l(scalbnf.o)
    0x080072d2   0x080072d2   0x00000030   Code   RO         5795    x$fpl$trapveneer    fz_ws.l(trapv.o)
    0x08007302   0x08007302   0x00000000   Code   RO         5679    x$fpl$usenofp       fz_ws.l(usenofp.o)
    0x08007302   0x08007302   0x00000002   PAD
    0x08007304   0x08007304   0x000000e0   Data   RO          213    .constdata          freertos.o
    0x080073e4   0x080073e4   0x00000012   Data   RO         1054    .constdata          stm32f1xx_hal_rcc.o
    0x080073f6   0x080073f6   0x00000018   Data   RO         3709    .constdata          system_stm32f1xx.o
    0x0800740e   0x0800740e   0x00000002   PAD
    0x08007410   0x08007410   0x000000a9   Data   RO          214    .conststring        freertos.o
    0x080074b9   0x080074b9   0x00000003   PAD
    0x080074bc   0x080074bc   0x00000020   Data   RO         5863    Region$$Table       anon$$obj.o


    Execution Region RW_IRAM1 (Exec base: 0x20000000, Load base: 0x080074dc, Size: 0x000025f0, Max: 0x00005000, ABSOLUTE, COMPRESSED[0x00000030])

    Exec Addr    Load Addr    Size         Type   Attr      Idx    E Section Name        Object

    0x20000000   COMPRESSED   0x00000048   Data   RW          215    .data               freertos.o
    0x20000048   COMPRESSED   0x00000034   Data   RW          563    .data               bluetooth.o
    0x2000007c   COMPRESSED   0x00000009   Data   RW          746    .data               pid.o
    0x20000085   COMPRESSED   0x00000003   PAD
    0x20000088   COMPRESSED   0x00000028   Data   RW          775    .data               taskmy.o
    0x200000b0   COMPRESSED   0x00000009   Data   RW          890    .data               stm32f1xx_hal.o
    0x200000b9   COMPRESSED   0x00000003   PAD
    0x200000bc   COMPRESSED   0x00000004   Data   RW         3710    .data               system_stm32f1xx.o
    0x200000c0   COMPRESSED   0x0000003c   Data   RW         4386    .data               tasks.o
    0x200000fc   COMPRESSED   0x00000014   Data   RW         4728    .data               timers.o
    0x20000110   COMPRESSED   0x00000004   Data   RW         4964    .data               cmsis_os2.o
    0x20000114   COMPRESSED   0x00000020   Data   RW         5418    .data               heap_4.o
    0x20000134   COMPRESSED   0x0000000c   Data   RW         5474    .data               port.o
    0x20000140        -       0x000000dc   Zero   RW          322    .bss                i2c.o
    0x2000021c        -       0x00000048   Zero   RW          365    .bss                tim.o
    0x20000264        -       0x00000048   Zero   RW          412    .bss                usart.o
    0x200002ac        -       0x0000000e   Zero   RW          695    .bss                mpu6050.o
    0x200002ba   COMPRESSED   0x00000002   PAD
    0x200002bc        -       0x00000040   Zero   RW         3951    .bss                queue.o
    0x200002fc        -       0x000004c4   Zero   RW         4385    .bss                tasks.o
    0x200007c0        -       0x00000118   Zero   RW         4727    .bss                timers.o
    0x200008d8        -       0x000006b8   Zero   RW         4963    .bss                cmsis_os2.o
    0x20000f90        -       0x00001000   Zero   RW         5417    .bss                heap_4.o
    0x20001f90        -       0x00000060   Zero   RW         5721    .bss                c_w.l(libspace.o)
    0x20001ff0        -       0x00000200   Zero   RW          820    HEAP                startup_stm32f103xb.o
    0x200021f0        -       0x00000400   Zero   RW          819    STACK               startup_stm32f103xb.o


==============================================================================

Image component sizes


      Code (inc. data)   RO Data    RW Data    ZI Data      Debug   Object Name

       432         70          0         52          0       3567   bluetooth.o
      1026         46          0          4       1720      57542   cmsis_os2.o
        68          4          0          0          0        702   dma.o
         0          0          0          0          0      19496   event_groups.o
       268         80        393         72          0       4306   freertos.o
       260         22          0          0          0        947   gpio.o
       724         74          0         32       4096       4615   heap_4.o
       292         38          0          0        220       1679   i2c.o
       148          0          0          0          0       3270   list.o
       130          0          0          0          0     445448   main.o
       836         36          0          0          0       6005   motor.o
       318         18          0          0         14       6798   mpu6050.o
       404         26          0          9          0       1128   pid.o
       854         78          0         12          0      10613   port.o
      2504         24          0          0         64      22150   queue.o
        64         26        236          0       1536        752   startup_stm32f103xb.o
       152         32          0          9          0       5109   stm32f1xx_hal.o
       304         22          0          0          0      29243   stm32f1xx_hal_cortex.o
       778         12          0          0          0       3187   stm32f1xx_hal_dma.o
       812         34          0          0          0       2600   stm32f1xx_hal_gpio.o
      3124         50          0          0          0      11302   stm32f1xx_hal_i2c.o
        96         10          0          0          0        846   stm32f1xx_hal_msp.o
      1748         98         18          0          0       5772   stm32f1xx_hal_rcc.o
       968         46          0          0          0       6766   stm32f1xx_hal_tim.o
       132         14          0          0          0       1280   stm32f1xx_hal_tim_ex.o
      2062          8          0          0          0      11580   stm32f1xx_hal_uart.o
        90         18          0          0          0       4249   stm32f1xx_it.o
         0          0          0          0          0        392   stream_buffer.o
         2          0         24          4          0       1047   system_stm32f1xx.o
       460         44          0         40          0       2206   taskmy.o
      2808        346          0         60       1220      25938   tasks.o
       296         20          0          0         72       2146   tim.o
      1318        124          0         20        280      32235   timers.o
       208         24          0          0         72       1562   usart.o

    ----------------------------------------------------------------------
     23722       1444        708        320       9296     736478   Object Totals
         0          0         32          0          0          0   (incl. Generated)
        36          0          5          6          2          0   (incl. Padding)

    ----------------------------------------------------------------------

      Code (inc. data)   RO Data    RW Data    ZI Data      Debug   Library Member Name

        90          0          0          0          0          0   __dczerorl2.o
         8          0          0          0          0         68   __main.o
       104          0          0          0          0         84   __printf.o
         0          0          0          0          0          0   __rtentry.o
        12          0          0          0          0          0   __rtentry2.o
         6          0          0          0          0          0   __rtentry4.o
        52          8          0          0          0          0   __scatter.o
        28          0          0          0          0          0   __scatter_zi.o
        48          6          0          0          0         96   _printf_char_common.o
         6          0          0          0          0          0   _printf_d.o
       120         16          0          0          0         92   _printf_dec.o
       178          0          0          0          0         88   _printf_intcommon.o
         0          0          0          0          0          0   _printf_percent.o
         4          0          0          0          0          0   _printf_percent_end.o
        22          0          0          0          0        100   _rserrno.o
        10          0          0          0          0         68   _sputc.o
        16          0          0          0          0         68   aeabi_memset.o
        18          0          0          0          0         80   exit.o
         6          0          0          0          0        152   heapauxi.o
         0          0          0          0          0          0   indicate_semi.o
         2          0          0          0          0          0   libinit.o
         2          0          0          0          0          0   libinit2.o
         2          0          0          0          0          0   libshutdown.o
         2          0          0          0          0          0   libshutdown2.o
         8          4          0          0         96         68   libspace.o
        40          6          0          0          0         84   noretval__2sprintf.o
         8          4          0          0          0         68   rt_errno_addr_intlibspace.o
        68          0          0          0          0         68   rt_memclr.o
        78          0          0          0          0         80   rt_memclr_w.o
       138          0          0          0          0         68   rt_memcpy_v6.o
       100          0          0          0          0         80   rt_memcpy_w.o
         2          0          0          0          0          0   rtexit.o
        10          0          0          0          0          0   rtexit2.o
        62          0          0          0          0         76   strlen.o
        12          4          0          0          0         68   sys_exit.o
        74          0          0          0          0         80   sys_stackheap_outer.o
         2          0          0          0          0         68   use_no_semi.o
       804         16          0          0          0        272   daddsub_clz.o
        24          0          0          0          0         68   dcmpi.o
        90          4          0          0          0         92   dfixu.o
        38          0          0          0          0         68   dflt_clz.o
       120          4          0          0          0         92   dleqf.o
       156          4          0          0          0         92   dnaninf.o
        12          0          0          0          0         68   dretinf.o
       108          0          0          0          0         80   drleqf.o
       450          8          0          0          0        236   faddsub_clz.o
        12          4          0          0          0         68   fcheck1.o
        24          0          0          0          0         68   fcmpi.o
       388         76          0          0          0         96   fdiv.o
        54          4          0          0          0         84   ffix.o
        48          0          0          0          0         68   fflt_clz.o
       104          4          0          0          0         84   fleqf.o
       258          4          0          0          0         84   fmul.o
       140          4          0          0          0         84   fnaninf.o
        10          0          0          0          0         68   fretinf.o
        98          0          0          0          0         68   frleqf.o
       272        100          0          0          0         88   fsqrt.o
       100          0          0          0          0         68   retnan.o
        76          0          0          0          0         68   scalbnf.o
        48          0          0          0          0         68   trapv.o
         0          0          0          0          0          0   usenofp.o
       604         76          0          0          0        116   atan2f.o
        38          0          0          0          0         68   fpclassifyf.o
        14          0          0          0          0        136   funder.o
        44          0          0          0          0         80   sqrtf.o

    ----------------------------------------------------------------------
      5486        356          0          0         96       4236   Library Totals
        14          0          0          0          0          0   (incl. Padding)

    ----------------------------------------------------------------------

      Code (inc. data)   RO Data    RW Data    ZI Data      Debug   Library Name

      1338         48          0          0         96       1704   c_w.l
      3434        232          0          0          0       2132   fz_ws.l
       700         76          0          0          0        400   m_ws.l

    ----------------------------------------------------------------------
      5486        356          0          0         96       4236   Library Totals

    ----------------------------------------------------------------------

==============================================================================


      Code (inc. data)   RO Data    RW Data    ZI Data      Debug   

     29208       1800        708        320       9392     728438   Grand Totals
     29208       1800        708         48       9392     728438   ELF Image Totals (compressed)
     29208       1800        708         48          0          0   ROM Totals

==============================================================================

    Total RO  Size (Code + RO Data)                29916 (  29.21kB)
    Total RW  Size (RW Data + ZI Data)              9712 (   9.48kB)
    Total ROM Size (Code + RO Data + RW Data)      29964 (  29.26kB)

==============================================================================

